Server Tests	Run server tests with coverage	﻿2026-03-25T15:24:45.9539374Z ##[group]Run pnpm run test:server:coverage
Server Tests	Run server tests with coverage	2026-03-25T15:24:45.9539968Z [36;1mpnpm run test:server:coverage[0m
Server Tests	Run server tests with coverage	2026-03-25T15:24:45.9575327Z shell: /usr/bin/bash -e {0}
Server Tests	Run server tests with coverage	2026-03-25T15:24:45.9575702Z env:
Server Tests	Run server tests with coverage	2026-03-25T15:24:45.9575981Z   NODE_VERSION: 22
Server Tests	Run server tests with coverage	2026-03-25T15:24:45.9576387Z   PNPM_HOME: /home/runner/setup-pnpm/node_modules/.bin
Server Tests	Run server tests with coverage	2026-03-25T15:24:45.9576873Z   NODE_ENV: test
Server Tests	Run server tests with coverage	2026-03-25T15:24:45.9577177Z ##[endgroup]
Server Tests	Run server tests with coverage	2026-03-25T15:24:46.4177894Z 
Server Tests	Run server tests with coverage	2026-03-25T15:24:46.4179060Z > voicelog-server@0.1.0 test:server:coverage /home/runner/work/audioRecorder/audioRecorder
Server Tests	Run server tests with coverage	2026-03-25T15:24:46.4180073Z > vitest run -c server/vitest.config.ts --coverage
Server Tests	Run server tests with coverage	2026-03-25T15:24:46.4180482Z 
Server Tests	Run server tests with coverage	2026-03-25T15:24:46.9303111Z 
Server Tests	Run server tests with coverage	2026-03-25T15:24:46.9307455Z [1m[46m RUN [49m[22m [36mv4.1.0 [39m[90m/home/runner/work/audioRecorder/audioRecorder[39m
Server Tests	Run server tests with coverage	2026-03-25T15:24:46.9308480Z       [2mCoverage enabled with [22m[33mv8[39m
Server Tests	Run server tests with coverage	2026-03-25T15:24:46.9308826Z 
Server Tests	Run server tests with coverage	2026-03-25T15:24:47.7665041Z  [32m✓[39m server/tests/audioPipeline.utils.test.ts [2m([22m[2m117 tests[22m[2m)[22m[32m 60[2mms[22m[39m
Server Tests	Run server tests with coverage	2026-03-25T15:24:47.9444324Z [90mstdout[2m | server/tests/services/TranscriptionService.additional.test.ts[2m > [22m[2mTranscriptionService - Additional Coverage[2m > [22m[2mvectorizeTranscriptionResultToRAG()[2m > [22m[2mchunks segments and vectorizes for RAG
Server Tests	Run server tests with coverage	2026-03-25T15:24:47.9445703Z [22m[39m[RAG] Pomyslnie zindeksowano 2 wektorow na archiwum spotkania.
Server Tests	Run server tests with coverage	2026-03-25T15:24:47.9446013Z 
Server Tests	Run server tests with coverage	2026-03-25T15:24:47.9833632Z [90mstderr[2m | server/tests/audio-pipeline.unit.test.ts[2m > [22m[2maudioPipeline exports[2m > [22m[2mreturns null or empty arrays when analysis and embeddings upstream calls fail
Server Tests	Run server tests with coverage	2026-03-25T15:24:47.9835698Z [22m[39m[postProcessing] analyzeMeetingWithOpenAI failed: OpenAI analyze HTTP 500
Server Tests	Run server tests with coverage	2026-03-25T15:24:47.9836299Z 
Server Tests	Run server tests with coverage	2026-03-25T15:24:48.0000809Z [90mstderr[2m | server/tests/audio-pipeline.unit.test.ts[2m > [22m[2maudioPipeline exports[2m > [22m[2mreturns null or empty arrays when analysis and embeddings upstream calls fail
Server Tests	Run server tests with coverage	2026-03-25T15:24:48.0004998Z [22m[39membedTextChunks failed: Error: embed failed
Server Tests	Run server tests with coverage	2026-03-25T15:24:48.0006325Z     at [90m/home/runner/work/audioRecorder/audioRecorder/[39mserver/tests/audio-pipeline.unit.test.ts:249:30
Server Tests	Run server tests with coverage	2026-03-25T15:24:48.0007792Z [90m    at processTicksAndRejections (node:internal/process/task_queues:103:5)[39m
Server Tests	Run server tests with coverage	2026-03-25T15:24:48.0009747Z     at [90mfile:///home/runner/work/audioRecorder/audioRecorder/[39mnode_modules/[4m.pnpm[24m/@vitest+runner@4.1.0/node_modules/[4m@vitest/runner[24m/dist/index.js:1258:20
Server Tests	Run server tests with coverage	2026-03-25T15:24:48.0010861Z 
Server Tests	Run server tests with coverage	2026-03-25T15:24:48.0565908Z [90mstderr[2m | server/tests/audio-pipeline.unit.test.ts[2m > [22m[2maudioPipeline exports[2m > [22m[2mtranscribes live chunks when API key is configured and returns empty string on upstream failure
Server Tests	Run server tests with coverage	2026-03-25T15:24:48.0567944Z [22m[39m[stt] openai failed: status=500 body={"error":{"message":"broken"}}
Server Tests	Run server tests with coverage	2026-03-25T15:24:48.0568477Z 
Server Tests	Run server tests with coverage	2026-03-25T15:24:48.0572087Z [90mstdout[2m | server/tests/audio-pipeline.unit.test.ts[2m > [22m[2maudioPipeline exports[2m > [22m[2mtranscribes live chunks when API key is configured and returns empty string on upstream failure
Server Tests	Run server tests with coverage	2026-03-25T15:24:48.0575668Z [22m[39m[stt] openai model=gpt-4o-transcribe → POST https://api.example.test/v1/audio/transcriptions
Server Tests	Run server tests with coverage	2026-03-25T15:24:48.0576386Z 
Server Tests	Run server tests with coverage	2026-03-25T15:24:48.0578133Z [90mstdout[2m | server/tests/audio-pipeline.unit.test.ts[2m > [22m[2maudioPipeline exports[2m > [22m[2mtranscribes live chunks when API key is configured and returns empty string on upstream failure
Server Tests	Run server tests with coverage	2026-03-25T15:24:48.0580387Z [22m[39m[stt] openai model=gpt-4o-transcribe → POST https://api.example.test/v1/audio/transcriptions
Server Tests	Run server tests with coverage	2026-03-25T15:24:48.0581092Z 
Server Tests	Run server tests with coverage	2026-03-25T15:24:48.0889050Z [90mstderr[2m | server/tests/audio-pipeline.unit.test.ts[2m > [22m[2maudioPipeline exports[2m > [22m[2mbuilds transcript segments from word-level output when the STT payload has no segments
Server Tests	Run server tests with coverage	2026-03-25T15:24:48.0891602Z [22m[39m[transcription] Silero VAD JSON parse failed: Unexpected end of JSON input
Server Tests	Run server tests with coverage	2026-03-25T15:24:48.0892939Z 
Server Tests	Run server tests with coverage	2026-03-25T15:24:48.0900307Z [90mstdout[2m | server/tests/audio-pipeline.unit.test.ts[2m > [22m[2maudioPipeline exports[2m > [22m[2mbuilds transcript segments from word-level output when the STT payload has no segments
Server Tests	Run server tests with coverage	2026-03-25T15:24:48.0902888Z [22m[39m[stt] openai model=whisper-1 → POST https://api.example.test/v1/audio/transcriptions
Server Tests	Run server tests with coverage	2026-03-25T15:24:48.0903568Z 
Server Tests	Run server tests with coverage	2026-03-25T15:24:48.1245195Z [90mstderr[2m | server/tests/audio-pipeline.unit.test.ts[2m > [22m[2maudioPipeline exports[2m > [22m[2mreturns an empty transcript result when STT payload has no segments, words or text
Server Tests	Run server tests with coverage	2026-03-25T15:24:48.1248756Z [22m[39m[transcription] Silero VAD JSON parse failed: Unexpected end of JSON input
Server Tests	Run server tests with coverage	2026-03-25T15:24:48.1249125Z 
Server Tests	Run server tests with coverage	2026-03-25T15:24:48.1254591Z [90mstdout[2m | server/tests/audio-pipeline.unit.test.ts[2m > [22m[2maudioPipeline exports[2m > [22m[2mreturns an empty transcript result when STT payload has no segments, words or text
Server Tests	Run server tests with coverage	2026-03-25T15:24:48.1259957Z [22m[39m[stt] openai model=whisper-1 → POST https://api.example.test/v1/audio/transcriptions
Server Tests	Run server tests with coverage	2026-03-25T15:24:48.1260677Z 
Server Tests	Run server tests with coverage	2026-03-25T15:24:48.2956905Z  [32m✓[39m server/tests/services/TranscriptionService.additional.test.ts [2m([22m[2m26 tests[22m[2m)[22m[32m 43[2mms[22m[39m
Server Tests	Run server tests with coverage	2026-03-25T15:24:48.3041216Z [90mstdout[2m | server/tests/audio-pipeline.unit.test.ts[2m > [22m[2maudioPipeline exports[2m > [22m[2mtranscribeRecording uses pyannote for diarization and exercises word-level speaker splitting
Server Tests	Run server tests with coverage	2026-03-25T15:24:48.3043685Z [22m[39m[stt] openai model=whisper-1 → POST https://api.example.test/v1/audio/transcriptions
Server Tests	Run server tests with coverage	2026-03-25T15:24:48.3044374Z 
Server Tests	Run server tests with coverage	2026-03-25T15:24:48.3058721Z [90mstderr[2m | server/tests/audio-pipeline.unit.test.ts[2m > [22m[2maudioPipeline exports[2m > [22m[2mtranscribeRecording uses pyannote for diarization and exercises word-level speaker splitting
Server Tests	Run server tests with coverage	2026-03-25T15:24:48.3061018Z [22m[39m[diarization] Pyannote cache read failed: Unexpected token 'a', "audio" is not valid JSON
Server Tests	Run server tests with coverage	2026-03-25T15:24:48.3061759Z 
Server Tests	Run server tests with coverage	2026-03-25T15:24:48.3063872Z [90mstdout[2m | server/tests/audio-pipeline.unit.test.ts[2m > [22m[2maudioPipeline exports[2m > [22m[2mtranscribeRecording uses pyannote for diarization and exercises word-level speaker splitting
Server Tests	Run server tests with coverage	2026-03-25T15:24:48.3066049Z [22m[39m[diarization] Running pyannote diarization (may download ~1GB model on first run)...
Server Tests	Run server tests with coverage	2026-03-25T15:24:48.3066735Z 
Server Tests	Run server tests with coverage	2026-03-25T15:24:48.3090715Z [90mstderr[2m | server/tests/audio-pipeline.unit.test.ts[2m > [22m[2maudioPipeline exports[2m > [22m[2mtranscribeRecording uses pyannote for diarization and exercises word-level speaker splitting
Server Tests	Run server tests with coverage	2026-03-25T15:24:48.3094590Z [22m[39m[diarization] Pyannote cache write failed: ENOENT: no such file or directory, open '/home/runner/work/audioRecorder/audioRecorder/server/data/uploads/.cache/pyannote/9cd826822e391029dc6f3df43dcd9ce804fbc839be0e35cf22985840fa19400c.json'
Server Tests	Run server tests with coverage	2026-03-25T15:24:48.3096285Z 
Server Tests	Run server tests with coverage	2026-03-25T15:24:48.3098086Z [90mstdout[2m | server/tests/audio-pipeline.unit.test.ts[2m > [22m[2maudioPipeline exports[2m > [22m[2mtranscribeRecording uses pyannote for diarization and exercises word-level speaker splitting
Server Tests	Run server tests with coverage	2026-03-25T15:24:48.3100113Z [22m[39m[diarization] pyannote: 2 segments, 2 speakers: SPEAKER_00, SPEAKER_01
Server Tests	Run server tests with coverage	2026-03-25T15:24:48.3100685Z 
Server Tests	Run server tests with coverage	2026-03-25T15:24:48.3489118Z  [32m✓[39m server/tests/audio-pipeline.unit.test.ts [2m([22m[2m31 tests[22m[2m | [22m[33m8 skipped[39m[2m)[22m[33m 779[2mms[22m[39m
Server Tests	Run server tests with coverage	2026-03-25T15:24:48.3494091Z      [33m[2m✓[22m[39m returns null/empty values when OpenAI key is not configured [33m 322[2mms[22m[39m
Server Tests	Run server tests with coverage	2026-03-25T15:24:48.4881288Z [90mstdout[2m | Object.info (/home/runner/work/audioRecorder/audioRecorder/server/logger.ts:17:13)
Server Tests	Run server tests with coverage	2026-03-25T15:24:48.4886043Z [22m[39m[INFO] [Pipeline] Starting transcription job. { requestId: [32m'req-1'[39m, recordingId: [32m'rec1'[39m, processingMode: [32m'fast'[39m }
Server Tests	Run server tests with coverage	2026-03-25T15:24:48.4889148Z 
Server Tests	Run server tests with coverage	2026-03-25T15:24:48.4891603Z [90mstdout[2m | Object.info (/home/runner/work/audioRecorder/audioRecorder/server/logger.ts:17:13)
Server Tests	Run server tests with coverage	2026-03-25T15:24:48.4894785Z [22m[39m[INFO] [Metrics] Pipeline completed successfully. {
Server Tests	Run server tests with coverage	2026-03-25T15:24:48.4896826Z   requestId: [32m'req-1'[39m,
Server Tests	Run server tests with coverage	2026-03-25T15:24:48.4898956Z   recordingId: [32m'rec1'[39m,
Server Tests	Run server tests with coverage	2026-03-25T15:24:48.4901479Z   durationMs: [32m'530.86'[39m,
Server Tests	Run server tests with coverage	2026-03-25T15:24:48.4903852Z   confidence: [33m0.9[39m
Server Tests	Run server tests with coverage	2026-03-25T15:24:48.4905984Z }
Server Tests	Run server tests with coverage	2026-03-25T15:24:48.4907515Z 
Server Tests	Run server tests with coverage	2026-03-25T15:24:48.4909967Z [90mstdout[2m | Object.info (/home/runner/work/audioRecorder/audioRecorder/server/logger.ts:17:13)
Server Tests	Run server tests with coverage	2026-03-25T15:24:48.4914110Z [22m[39m[INFO] [Pipeline] Background post-process completed. { requestId: [32m'req-1'[39m, recordingId: [32m'rec1'[39m }
Server Tests	Run server tests with coverage	2026-03-25T15:24:48.4916421Z 
Server Tests	Run server tests with coverage	2026-03-25T15:24:49.2608658Z [90mstdout[2m | server/tests/routes/media.test.ts[2m > [22m[2mMedia Routes[2m > [22m[2mPUT /media/recordings/:recordingId/audio - upload success
Server Tests	Run server tests with coverage	2026-03-25T15:24:49.2614198Z [22m[39m[INFO] [Metrics] Uploaded audio chunk {
Server Tests	Run server tests with coverage	2026-03-25T15:24:49.2617477Z   requestId: [32m'4624a896-e580-4fb9-b607-cc115c13bd59'[39m,
Server Tests	Run server tests with coverage	2026-03-25T15:24:49.2633281Z   recordingId: [32m'rec_new'[39m,
Server Tests	Run server tests with coverage	2026-03-25T15:24:49.2635423Z   sizeBytes: [33m512[39m,
Server Tests	Run server tests with coverage	2026-03-25T15:24:49.2637646Z   durationMs: [32m'1.84'[39m
Server Tests	Run server tests with coverage	2026-03-25T15:24:49.2639630Z }
Server Tests	Run server tests with coverage	2026-03-25T15:24:49.2641461Z 
Server Tests	Run server tests with coverage	2026-03-25T15:24:49.2644790Z [90mstdout[2m | server/tests/routes/media.test.ts[2m > [22m[2mMedia Routes[2m > [22m[2mPUT /media/recordings/:recordingId/audio - upload success
Server Tests	Run server tests with coverage	2026-03-25T15:24:49.2674038Z [22m[39m[INFO] [REQ] PUT /media/recordings/rec_new/audio - 200 [5.2ms] {
Server Tests	Run server tests with coverage	2026-03-25T15:24:49.2675016Z   requestId: [32m'4624a896-e580-4fb9-b607-cc115c13bd59'[39m,
Server Tests	Run server tests with coverage	2026-03-25T15:24:49.2675666Z   method: [32m'PUT'[39m,
Server Tests	Run server tests with coverage	2026-03-25T15:24:49.2676323Z   route: [32m'/media/recordings/rec_new/audio'[39m,
Server Tests	Run server tests with coverage	2026-03-25T15:24:49.2676901Z   status: [33m200[39m,
Server Tests	Run server tests with coverage	2026-03-25T15:24:49.2677410Z   durationMs: [32m'5.19'[39m
Server Tests	Run server tests with coverage	2026-03-25T15:24:49.2677800Z }
Server Tests	Run server tests with coverage	2026-03-25T15:24:49.2677972Z 
Server Tests	Run server tests with coverage	2026-03-25T15:24:49.2897322Z [90mstdout[2m | server/tests/routes/media.test.ts[2m > [22m[2mMedia Routes[2m > [22m[2mPOST /media/recordings/:recordingId/transcribe - queues job
Server Tests	Run server tests with coverage	2026-03-25T15:24:49.2899005Z [22m[39m[INFO] [REQ] POST /media/recordings/rec_1/transcribe - 202 [1.2ms] {
Server Tests	Run server tests with coverage	2026-03-25T15:24:49.2899969Z   requestId: [32m'8510a4bf-255a-40cd-b096-e2709ce5c774'[39m,
Server Tests	Run server tests with coverage	2026-03-25T15:24:49.2900613Z   method: [32m'POST'[39m,
Server Tests	Run server tests with coverage	2026-03-25T15:24:49.2901261Z   route: [32m'/media/recordings/rec_1/transcribe'[39m,
Server Tests	Run server tests with coverage	2026-03-25T15:24:49.2902141Z   status: [33m202[39m,
Server Tests	Run server tests with coverage	2026-03-25T15:24:49.2902670Z   durationMs: [32m'1.16'[39m
Server Tests	Run server tests with coverage	2026-03-25T15:24:49.2903052Z }
Server Tests	Run server tests with coverage	2026-03-25T15:24:49.2903540Z 
Server Tests	Run server tests with coverage	2026-03-25T15:24:49.2985082Z [90mstdout[2m | server/tests/routes/media.test.ts[2m > [22m[2mMedia Routes[2m > [22m[2mGET /media/recordings/:recordingId/transcribe - returns payload
Server Tests	Run server tests with coverage	2026-03-25T15:24:49.2987600Z [22m[39m[INFO] [REQ] GET /media/recordings/rec_2/transcribe - 200 [0.4ms] {
Server Tests	Run server tests with coverage	2026-03-25T15:24:49.2998000Z   requestId: [32m'795c083f-7b83-4d85-870f-3f9c92d56684'[39m,
Server Tests	Run server tests with coverage	2026-03-25T15:24:49.3000607Z   method: [32m'GET'[39m,
Server Tests	Run server tests with coverage	2026-03-25T15:24:49.3006855Z   route: [32m'/media/recordings/rec_2/transcribe'[39m,
Server Tests	Run server tests with coverage	2026-03-25T15:24:49.3008242Z   status: [33m200[39m,
Server Tests	Run server tests with coverage	2026-03-25T15:24:49.3010381Z   durationMs: [32m'0.42'[39m
Server Tests	Run server tests with coverage	2026-03-25T15:24:49.3012827Z }
Server Tests	Run server tests with coverage	2026-03-25T15:24:49.3014707Z 
Server Tests	Run server tests with coverage	2026-03-25T15:24:49.3096428Z [90mstdout[2m | server/tests/routes/media.test.ts[2m > [22m[2mMedia Routes[2m > [22m[2mPOST /media/recordings/:recordingId/retry-transcribe - requeues failed recording without reupload
Server Tests	Run server tests with coverage	2026-03-25T15:24:49.3102392Z [22m[39m[INFO] [REQ] POST /media/recordings/rec_retry/retry-transcribe - 202 [0.5ms] {
Server Tests	Run server tests with coverage	2026-03-25T15:24:49.3103838Z   requestId: [32m'30e364f1-1b09-47ca-bf8f-024794113aa0'[39m,
Server Tests	Run server tests with coverage	2026-03-25T15:24:49.3104502Z   method: [32m'POST'[39m,
Server Tests	Run server tests with coverage	2026-03-25T15:24:49.3105227Z   route: [32m'/media/recordings/rec_retry/retry-transcribe'[39m,
Server Tests	Run server tests with coverage	2026-03-25T15:24:49.3106203Z   status: [33m202[39m,
Server Tests	Run server tests with coverage	2026-03-25T15:24:49.3106737Z   durationMs: [32m'0.52'[39m
Server Tests	Run server tests with coverage	2026-03-25T15:24:49.3107143Z }
Server Tests	Run server tests with coverage	2026-03-25T15:24:49.3107320Z 
Server Tests	Run server tests with coverage	2026-03-25T15:24:49.3136365Z [90mstdout[2m | server/tests/database/database.additional.test.ts[2m > [22m[2mDatabase - Additional Coverage Tests
Server Tests	Run server tests with coverage	2026-03-25T15:24:49.3141307Z [22m[39m[DB] Using local async SQLite Worker at: :memory:
Server Tests	Run server tests with coverage	2026-03-25T15:24:49.3141790Z 
Server Tests	Run server tests with coverage	2026-03-25T15:24:49.3200827Z [90mstdout[2m | server/tests/routes/media.test.ts[2m > [22m[2mMedia Routes[2m > [22m[2mPOST /media/recordings/:recordingId/retry-transcribe - allows retry for completed empty transcript
Server Tests	Run server tests with coverage	2026-03-25T15:24:49.3285461Z [22m[39m[INFO] [REQ] POST /media/recordings/rec_empty_retry/retry-transcribe - 202 [2.4ms] {
Server Tests	Run server tests with coverage	2026-03-25T15:24:49.3288190Z   requestId: [32m'aa1729b8-6add-4297-9685-d368539d78b1'[39m,
Server Tests	Run server tests with coverage	2026-03-25T15:24:49.3289521Z   method: [32m'POST'[39m,
Server Tests	Run server tests with coverage	2026-03-25T15:24:49.3294592Z   route: [32m'/media/recordings/rec_empty_retry/retry-transcribe'[39m,
Server Tests	Run server tests with coverage	2026-03-25T15:24:49.3295735Z   status: [33m202[39m,
Server Tests	Run server tests with coverage	2026-03-25T15:24:49.3296313Z   durationMs: [32m'2.44'[39m
Server Tests	Run server tests with coverage	2026-03-25T15:24:49.3296709Z }
Server Tests	Run server tests with coverage	2026-03-25T15:24:49.3296868Z 
Server Tests	Run server tests with coverage	2026-03-25T15:24:49.3301421Z [90mstdout[2m | server/tests/routes/media.test.ts[2m > [22m[2mMedia Routes[2m > [22m[2mPOST /media/recordings/:recordingId/sketchnote - uses Gemini 3 Pro Image preview
Server Tests	Run server tests with coverage	2026-03-25T15:24:49.3303542Z [22m[39m[INFO] Generating Gemini 3 Pro Image sketchnote for recording rec_sketchnote... 
Server Tests	Run server tests with coverage	2026-03-25T15:24:49.3304182Z 
Server Tests	Run server tests with coverage	2026-03-25T15:24:49.3310217Z [90mstdout[2m | server/tests/routes/media.test.ts[2m > [22m[2mMedia Routes[2m > [22m[2mPOST /media/recordings/:recordingId/sketchnote - uses Gemini 3 Pro Image preview
Server Tests	Run server tests with coverage	2026-03-25T15:24:49.3313673Z [22m[39m[INFO] [REQ] POST /media/recordings/rec_sketchnote/sketchnote - 200 [1.9ms] {
Server Tests	Run server tests with coverage	2026-03-25T15:24:49.3315487Z   requestId: [32m'5228b31c-160c-477f-87f6-40042db77f6d'[39m,
Server Tests	Run server tests with coverage	2026-03-25T15:24:49.3316173Z   method: [32m'POST'[39m,
Server Tests	Run server tests with coverage	2026-03-25T15:24:49.3316865Z   route: [32m'/media/recordings/rec_sketchnote/sketchnote'[39m,
Server Tests	Run server tests with coverage	2026-03-25T15:24:49.3317511Z   status: [33m200[39m,
Server Tests	Run server tests with coverage	2026-03-25T15:24:49.3317981Z   durationMs: [32m'1.93'[39m
Server Tests	Run server tests with coverage	2026-03-25T15:24:49.3318362Z }
Server Tests	Run server tests with coverage	2026-03-25T15:24:49.3318480Z 
Server Tests	Run server tests with coverage	2026-03-25T15:24:49.3395965Z [90mstdout[2m | server/tests/routes/media.test.ts[2m > [22m[2mMedia Routes[2m > [22m[2mPUT /media/recordings/:recordingId/audio - requires workspace header and rejects oversize upload
Server Tests	Run server tests with coverage	2026-03-25T15:24:49.3397053Z [22m[39m[INFO] [REQ] PUT /media/recordings/rec_missing/audio - 400 [0.2ms] {
Server Tests	Run server tests with coverage	2026-03-25T15:24:49.3397620Z   requestId: [32m'aa22fa38-7b19-48f7-89fc-f80ed915fc61'[39m,
Server Tests	Run server tests with coverage	2026-03-25T15:24:49.3397999Z   method: [32m'PUT'[39m,
Server Tests	Run server tests with coverage	2026-03-25T15:24:49.3398375Z   route: [32m'/media/recordings/rec_missing/audio'[39m,
Server Tests	Run server tests with coverage	2026-03-25T15:24:49.3398742Z   status: [33m400[39m,
Server Tests	Run server tests with coverage	2026-03-25T15:24:49.3399019Z   durationMs: [32m'0.24'[39m
Server Tests	Run server tests with coverage	2026-03-25T15:24:49.3399273Z }
Server Tests	Run server tests with coverage	2026-03-25T15:24:49.3399369Z 
Server Tests	Run server tests with coverage	2026-03-25T15:24:49.4390814Z (node:2523) ExperimentalWarning: SQLite is an experimental feature and might change at any time
Server Tests	Run server tests with coverage	2026-03-25T15:24:49.4392325Z (Use `node --trace-warnings ...` to show where the warning was created)
Server Tests	Run server tests with coverage	2026-03-25T15:24:49.4394105Z [90mstdout[2m | server/tests/database/database.additional.test.ts[2m > [22m[2mDatabase - Additional Coverage Tests
Server Tests	Run server tests with coverage	2026-03-25T15:24:49.4395365Z [22m[39m[INFO] Applying migration: 001_initial_schema.sql 
Server Tests	Run server tests with coverage	2026-03-25T15:24:49.4395811Z 
Server Tests	Run server tests with coverage	2026-03-25T15:24:49.4416390Z [90mstdout[2m | server/tests/database/database.additional.test.ts[2m > [22m[2mDatabase - Additional Coverage Tests
Server Tests	Run server tests with coverage	2026-03-25T15:24:49.4419628Z [22m[39m[INFO] Applying migration: 002_add_indexes.sql 
Server Tests	Run server tests with coverage	2026-03-25T15:24:49.4421292Z 
Server Tests	Run server tests with coverage	2026-03-25T15:24:49.4453451Z [90mstdout[2m | server/tests/database/database.additional.test.ts[2m > [22m[2mDatabase - Additional Coverage Tests
Server Tests	Run server tests with coverage	2026-03-25T15:24:49.4455306Z [22m[39m[INFO] Applying migration: 003_add_missing_indexes.sql 
Server Tests	Run server tests with coverage	2026-03-25T15:24:49.4456039Z 
Server Tests	Run server tests with coverage	2026-03-25T15:24:49.4459721Z [90mstdout[2m | server/tests/routes/media.test.ts[2m > [22m[2mMedia Routes[2m > [22m[2mPUT /media/recordings/:recordingId/audio - requires workspace header and rejects oversize upload
Server Tests	Run server tests with coverage	2026-03-25T15:24:49.4463520Z [22m[39m[INFO] [REQ] PUT /media/recordings/rec_large/audio - 413 [56.7ms] {
Server Tests	Run server tests with coverage	2026-03-25T15:24:49.4466326Z   requestId: [32m'f7b66703-d770-4c51-a182-4dba3c32401e'[39m,
Server Tests	Run server tests with coverage	2026-03-25T15:24:49.4468553Z   method: [32m'PUT'[39m,
Server Tests	Run server tests with coverage	2026-03-25T15:24:49.4470775Z   route: [32m'/media/recordings/rec_large/audio'[39m,
Server Tests	Run server tests with coverage	2026-03-25T15:24:49.4473167Z   status: [33m413[39m,
Server Tests	Run server tests with coverage	2026-03-25T15:24:49.4475240Z   durationMs: [32m'56.69'[39m
Server Tests	Run server tests with coverage	2026-03-25T15:24:49.4477032Z }
Server Tests	Run server tests with coverage	2026-03-25T15:24:49.4478200Z 
Server Tests	Run server tests with coverage	2026-03-25T15:24:49.4480516Z [90mstdout[2m | server/tests/database/database.additional.test.ts[2m > [22m[2mDatabase - Additional Coverage Tests
Server Tests	Run server tests with coverage	2026-03-25T15:24:49.4483902Z [22m[39m[INFO] Applying migration: 20260320_rag_chunks.sql 
Server Tests	Run server tests with coverage	2026-03-25T15:24:49.4485804Z 
Server Tests	Run server tests with coverage	2026-03-25T15:24:49.4504853Z [90mstdout[2m | server/tests/database/database.additional.test.ts[2m > [22m[2mDatabase - Additional Coverage Tests
Server Tests	Run server tests with coverage	2026-03-25T15:24:49.4507893Z [22m[39m[INFO] Applying migration: 20260323_voice_profiles_multi_sample.sql 
Server Tests	Run server tests with coverage	2026-03-25T15:24:49.4509863Z 
Server Tests	Run server tests with coverage	2026-03-25T15:24:49.4639199Z [90mstdout[2m | server/tests/routes/media.test.ts[2m > [22m[2mMedia Routes[2m > [22m[2mPOST /media/recordings/:recordingId/normalize, /voice-coaching and /acoustic-features handle happy path
Server Tests	Run server tests with coverage	2026-03-25T15:24:49.4644806Z [22m[39m[INFO] [REQ] POST /media/recordings/rec_norm/normalize - 200 [0.4ms] {
Server Tests	Run server tests with coverage	2026-03-25T15:24:49.4672984Z   requestId: [32m'4329b8c5-8ac4-417f-8a6a-89201e73e344'[39m,
Server Tests	Run server tests with coverage	2026-03-25T15:24:49.4675279Z   method: [32m'POST'[39m,
Server Tests	Run server tests with coverage	2026-03-25T15:24:49.4677374Z   route: [32m'/media/recordings/rec_norm/normalize'[39m,
Server Tests	Run server tests with coverage	2026-03-25T15:24:49.4679440Z   status: [33m200[39m,
Server Tests	Run server tests with coverage	2026-03-25T15:24:49.4681294Z   durationMs: [32m'0.43'[39m
Server Tests	Run server tests with coverage	2026-03-25T15:24:49.4683495Z }
Server Tests	Run server tests with coverage	2026-03-25T15:24:49.4685126Z 
Server Tests	Run server tests with coverage	2026-03-25T15:24:49.4688213Z [90mstdout[2m | server/tests/routes/media.test.ts[2m > [22m[2mMedia Routes[2m > [22m[2mPOST /media/recordings/:recordingId/normalize, /voice-coaching and /acoustic-features handle happy path
Server Tests	Run server tests with coverage	2026-03-25T15:24:49.4691496Z [22m[39m[INFO] [REQ] POST /media/recordings/rec_norm/voice-coaching - 200 [0.5ms] {
Server Tests	Run server tests with coverage	2026-03-25T15:24:49.4694410Z   requestId: [32m'aeae6dfa-05f5-444e-9939-8e346326305b'[39m,
Server Tests	Run server tests with coverage	2026-03-25T15:24:49.4696110Z   method: [32m'POST'[39m,
Server Tests	Run server tests with coverage	2026-03-25T15:24:49.4700246Z   route: [32m'/media/recordings/rec_norm/voice-coaching'[39m,
Server Tests	Run server tests with coverage	2026-03-25T15:24:49.4704321Z   status: [33m200[39m,
Server Tests	Run server tests with coverage	2026-03-25T15:24:49.4704846Z   durationMs: [32m'0.50'[39m
Server Tests	Run server tests with coverage	2026-03-25T15:24:49.4705233Z }
Server Tests	Run server tests with coverage	2026-03-25T15:24:49.4705396Z 
Server Tests	Run server tests with coverage	2026-03-25T15:24:49.4707056Z [90mstdout[2m | server/tests/routes/media.test.ts[2m > [22m[2mMedia Routes[2m > [22m[2mPOST /media/recordings/:recordingId/normalize, /voice-coaching and /acoustic-features handle happy path
Server Tests	Run server tests with coverage	2026-03-25T15:24:49.4708972Z [22m[39m[INFO] [REQ] POST /media/recordings/rec_norm/acoustic-features - 200 [0.3ms] {
Server Tests	Run server tests with coverage	2026-03-25T15:24:49.4709967Z   requestId: [32m'd734a874-fc8e-4fbf-a833-904c845e441b'[39m,
Server Tests	Run server tests with coverage	2026-03-25T15:24:49.4710597Z   method: [32m'POST'[39m,
Server Tests	Run server tests with coverage	2026-03-25T15:24:49.4711291Z   route: [32m'/media/recordings/rec_norm/acoustic-features'[39m,
Server Tests	Run server tests with coverage	2026-03-25T15:24:49.4712153Z   status: [33m200[39m,
Server Tests	Run server tests with coverage	2026-03-25T15:24:49.4712651Z   durationMs: [32m'0.29'[39m
Server Tests	Run server tests with coverage	2026-03-25T15:24:49.4713033Z }
Server Tests	Run server tests with coverage	2026-03-25T15:24:49.4713188Z 
Server Tests	Run server tests with coverage	2026-03-25T15:24:49.4766846Z [90mstdout[2m | server/tests/routes/media.test.ts[2m > [22m[2mMedia Routes[2m > [22m[2mPOST /media/recordings/:recordingId/voice-profiles/from-speaker and /rediarize handle success and validation
Server Tests	Run server tests with coverage	2026-03-25T15:24:49.4770506Z [22m[39m[INFO] [REQ] POST /media/recordings/rec_voice/voice-profiles/from-speaker - 201 [0.5ms] {
Server Tests	Run server tests with coverage	2026-03-25T15:24:49.4773684Z   requestId: [32m'8df8285f-2da7-4adc-be61-b7068aeb580a'[39m,
Server Tests	Run server tests with coverage	2026-03-25T15:24:49.4776300Z   method: [32m'POST'[39m,
Server Tests	Run server tests with coverage	2026-03-25T15:24:49.4778357Z   route: [32m'/media/recordings/rec_voice/voice-profiles/from-speaker'[39m,
Server Tests	Run server tests with coverage	2026-03-25T15:24:49.4780399Z   status: [33m201[39m,
Server Tests	Run server tests with coverage	2026-03-25T15:24:49.4782471Z   durationMs: [32m'0.48'[39m
Server Tests	Run server tests with coverage	2026-03-25T15:24:49.4784430Z }
Server Tests	Run server tests with coverage	2026-03-25T15:24:49.4787257Z 
Server Tests	Run server tests with coverage	2026-03-25T15:24:49.4790820Z [90mstdout[2m | server/tests/routes/media.test.ts[2m > [22m[2mMedia Routes[2m > [22m[2mPOST /media/recordings/:recordingId/voice-profiles/from-speaker and /rediarize handle success and validation
Server Tests	Run server tests with coverage	2026-03-25T15:24:49.4794955Z [22m[39m[INFO] [REQ] POST /media/recordings/rec_rediarize_missing/rediarize - 400 [0.4ms] {
Server Tests	Run server tests with coverage	2026-03-25T15:24:49.4798164Z   requestId: [32m'73a1d50d-c2d7-4404-a5bf-3c9650a6ce04'[39m,
Server Tests	Run server tests with coverage	2026-03-25T15:24:49.4822621Z   method: [32m'POST'[39m,
Server Tests	Run server tests with coverage	2026-03-25T15:24:49.4824191Z   route: [32m'/media/recordings/rec_rediarize_missing/rediarize'[39m,
Server Tests	Run server tests with coverage	2026-03-25T15:24:49.4824936Z   status: [33m400[39m,
Server Tests	Run server tests with coverage	2026-03-25T15:24:49.4826142Z   durationMs: [32m'0.38'[39m
Server Tests	Run server tests with coverage	2026-03-25T15:24:49.4827113Z }
Server Tests	Run server tests with coverage	2026-03-25T15:24:49.4828059Z 
Server Tests	Run server tests with coverage	2026-03-25T15:24:49.4831216Z [90mstdout[2m | server/tests/routes/media.test.ts[2m > [22m[2mMedia Routes[2m > [22m[2mPOST /media/recordings/:recordingId/voice-profiles/from-speaker and /rediarize handle success and validation
Server Tests	Run server tests with coverage	2026-03-25T15:24:49.4834909Z [22m[39m[INFO] [REQ] POST /media/recordings/rec_rediarize_ok/rediarize - 200 [0.3ms] {
Server Tests	Run server tests with coverage	2026-03-25T15:24:49.4837250Z   requestId: [32m'4cd27532-bff6-46c2-9b4b-cf77f6f94a91'[39m,
Server Tests	Run server tests with coverage	2026-03-25T15:24:49.4837944Z   method: [32m'POST'[39m,
Server Tests	Run server tests with coverage	2026-03-25T15:24:49.4838693Z   route: [32m'/media/recordings/rec_rediarize_ok/rediarize'[39m,
Server Tests	Run server tests with coverage	2026-03-25T15:24:49.4839341Z   status: [33m200[39m,
Server Tests	Run server tests with coverage	2026-03-25T15:24:49.4839838Z   durationMs: [32m'0.34'[39m
Server Tests	Run server tests with coverage	2026-03-25T15:24:49.4840229Z }
Server Tests	Run server tests with coverage	2026-03-25T15:24:49.4840385Z 
Server Tests	Run server tests with coverage	2026-03-25T15:24:49.4856782Z [90mstdout[2m | server/tests/routes/media.test.ts[2m > [22m[2mMedia Routes[2m > [22m[2mPOST /media/recordings/:recordingId/rediarize returns 422 when diarization fails
Server Tests	Run server tests with coverage	2026-03-25T15:24:49.4860661Z [22m[39m[INFO] [REQ] POST /media/recordings/rec_rediarize_fail/rediarize - 422 [0.2ms] {
Server Tests	Run server tests with coverage	2026-03-25T15:24:49.4861600Z   requestId: [32m'5004dfb6-392f-46f3-be05-958b778aa367'[39m,
Server Tests	Run server tests with coverage	2026-03-25T15:24:49.4862511Z   method: [32m'POST'[39m,
Server Tests	Run server tests with coverage	2026-03-25T15:24:49.4863284Z   route: [32m'/media/recordings/rec_rediarize_fail/rediarize'[39m,
Server Tests	Run server tests with coverage	2026-03-25T15:24:49.4863983Z   status: [33m422[39m,
Server Tests	Run server tests with coverage	2026-03-25T15:24:49.4864501Z   durationMs: [32m'0.17'[39m
Server Tests	Run server tests with coverage	2026-03-25T15:24:49.4864894Z }
Server Tests	Run server tests with coverage	2026-03-25T15:24:49.4865069Z 
Server Tests	Run server tests with coverage	2026-03-25T15:24:49.4909017Z [90mstdout[2m | server/tests/routes/media.test.ts[2m > [22m[2mMedia Routes[2m > [22m[2mPOST /media/analyze returns fallback when analysis service returns null
Server Tests	Run server tests with coverage	2026-03-25T15:24:49.4913223Z [22m[39m[INFO] [REQ] POST /media/analyze - 200 [0.6ms] {
Server Tests	Run server tests with coverage	2026-03-25T15:24:49.4914041Z   requestId: [32m'9a6e2ab1-124a-4651-b146-34093b5d3541'[39m,
Server Tests	Run server tests with coverage	2026-03-25T15:24:49.4914709Z   method: [32m'POST'[39m,
Server Tests	Run server tests with coverage	2026-03-25T15:24:49.4915296Z   route: [32m'/media/analyze'[39m,
Server Tests	Run server tests with coverage	2026-03-25T15:24:49.4915847Z   status: [33m200[39m,
Server Tests	Run server tests with coverage	2026-03-25T15:24:49.4916403Z   durationMs: [32m'0.55'[39m
Server Tests	Run server tests with coverage	2026-03-25T15:24:49.4916821Z }
Server Tests	Run server tests with coverage	2026-03-25T15:24:49.4916988Z 
Server Tests	Run server tests with coverage	2026-03-25T15:24:49.5660404Z  [32m✓[39m server/tests/routes/media.test.ts [2m([22m[2m15 tests[22m[2m | [22m[33m3 skipped[39m[2m)[22m[32m 256[2mms[22m[39m
Server Tests	Run server tests with coverage	2026-03-25T15:24:49.6355273Z  [32m✓[39m server/tests/database/database.additional.test.ts [2m([22m[2m30 tests[22m[2m)[22m[32m 275[2mms[22m[39m
Server Tests	Run server tests with coverage	2026-03-25T15:24:49.8033889Z (node:2541) ExperimentalWarning: SQLite is an experimental feature and might change at any time
Server Tests	Run server tests with coverage	2026-03-25T15:24:49.8064773Z (Use `node --trace-warnings ...` to show where the warning was created)
Server Tests	Run server tests with coverage	2026-03-25T15:24:49.8482863Z [90mstdout[2m | server/tests/routes/ai.test.ts[2m > [22m[2mAI Routes[2m > [22m[2mPOST /ai/person-profile[2m > [22m[2mreturns no-key mode when ANTHROPIC_API_KEY is not configured
Server Tests	Run server tests with coverage	2026-03-25T15:24:49.8596325Z [22m[39m[INFO] [REQ] POST /ai/person-profile - 200 [2.3ms] {
Server Tests	Run server tests with coverage	2026-03-25T15:24:49.8597546Z   requestId: [32m'cbef916a-1bff-4503-8e9c-1239d63fa41d'[39m,
Server Tests	Run server tests with coverage	2026-03-25T15:24:49.8597968Z   method: [32m'POST'[39m,
Server Tests	Run server tests with coverage	2026-03-25T15:24:49.8598649Z   route: [32m'/ai/person-profile'[39m,
Server Tests	Run server tests with coverage	2026-03-25T15:24:49.8599245Z   status: [33m200[39m,
Server Tests	Run server tests with coverage	2026-03-25T15:24:49.8599736Z   durationMs: [32m'2.34'[39m
Server Tests	Run server tests with coverage	2026-03-25T15:24:49.8600101Z }
Server Tests	Run server tests with coverage	2026-03-25T15:24:49.8600255Z 
Server Tests	Run server tests with coverage	2026-03-25T15:24:49.8680070Z [90mstdout[2m | server/tests/routes/ai.test.ts[2m > [22m[2mAI Routes[2m > [22m[2mPOST /ai/person-profile[2m > [22m[2mreturns no-key mode when personName is missing
Server Tests	Run server tests with coverage	2026-03-25T15:24:49.8681650Z [22m[39m[INFO] [REQ] POST /ai/person-profile - 200 [0.3ms] {
Server Tests	Run server tests with coverage	2026-03-25T15:24:49.8682890Z   requestId: [32m'af179526-c6e1-45df-97ef-af78f16f6ce6'[39m,
Server Tests	Run server tests with coverage	2026-03-25T15:24:49.8685839Z   method: [32m'POST'[39m,
Server Tests	Run server tests with coverage	2026-03-25T15:24:49.8686412Z   route: [32m'/ai/person-profile'[39m,
Server Tests	Run server tests with coverage	2026-03-25T15:24:49.8686990Z   status: [33m200[39m,
Server Tests	Run server tests with coverage	2026-03-25T15:24:49.8687506Z   durationMs: [32m'0.27'[39m
Server Tests	Run server tests with coverage	2026-03-25T15:24:49.8687896Z }
Server Tests	Run server tests with coverage	2026-03-25T15:24:49.8688113Z 
Server Tests	Run server tests with coverage	2026-03-25T15:24:49.8866748Z [90mstdout[2m | server/tests/routes/ai.test.ts[2m > [22m[2mAI Routes[2m > [22m[2mPOST /ai/person-profile[2m > [22m[2mreturns no-key mode when allSegments has less than 5 items
Server Tests	Run server tests with coverage	2026-03-25T15:24:49.8870249Z [22m[39m[INFO] [REQ] POST /ai/person-profile - 200 [0.3ms] {
Server Tests	Run server tests with coverage	2026-03-25T15:24:49.8873026Z   requestId: [32m'a719f783-d65c-41c3-8f3d-498e29ca6652'[39m,
Server Tests	Run server tests with coverage	2026-03-25T15:24:49.8874938Z   method: [32m'POST'[39m,
Server Tests	Run server tests with coverage	2026-03-25T15:24:49.8876783Z   route: [32m'/ai/person-profile'[39m,
Server Tests	Run server tests with coverage	2026-03-25T15:24:49.8877416Z   status: [33m200[39m,
Server Tests	Run server tests with coverage	2026-03-25T15:24:49.8877974Z   durationMs: [32m'0.34'[39m
Server Tests	Run server tests with coverage	2026-03-25T15:24:49.8878379Z }
Server Tests	Run server tests with coverage	2026-03-25T15:24:49.8878561Z 
Server Tests	Run server tests with coverage	2026-03-25T15:24:49.9256823Z  [32m✓[39m server/tests/speakerEmbedder.test.ts [2m([22m[2m28 tests[22m[2m)[22m[32m 21[2mms[22m[39m
Server Tests	Run server tests with coverage	2026-03-25T15:24:49.9307923Z [90mstdout[2m | server/tests/routes/ai.test.ts[2m > [22m[2mAI Routes[2m > [22m[2mPOST /ai/person-profile[2m > [22m[2mcalls Anthropic API and returns parsed profile when API key is configured
Server Tests	Run server tests with coverage	2026-03-25T15:24:49.9311564Z [22m[39m[INFO] [REQ] POST /ai/person-profile - 200 [1.7ms] {
Server Tests	Run server tests with coverage	2026-03-25T15:24:49.9312519Z   requestId: [32m'2ad1390b-3fe6-441f-a4e0-eeb06832fafa'[39m,
Server Tests	Run server tests with coverage	2026-03-25T15:24:49.9312905Z   method: [32m'POST'[39m,
Server Tests	Run server tests with coverage	2026-03-25T15:24:49.9313239Z   route: [32m'/ai/person-profile'[39m,
Server Tests	Run server tests with coverage	2026-03-25T15:24:49.9313621Z   status: [33m200[39m,
Server Tests	Run server tests with coverage	2026-03-25T15:24:49.9314157Z   durationMs: [32m'1.69'[39m
Server Tests	Run server tests with coverage	2026-03-25T15:24:49.9314638Z }
Server Tests	Run server tests with coverage	2026-03-25T15:24:49.9314797Z 
Server Tests	Run server tests with coverage	2026-03-25T15:24:49.9598664Z [90mstderr[2m | server/tests/routes/ai.test.ts[2m > [22m[2mAI Routes[2m > [22m[2mPOST /ai/person-profile[2m > [22m[2mreturns no-key mode when Anthropic API fails
Server Tests	Run server tests with coverage	2026-03-25T15:24:49.9599610Z [22m[39m[ai/person-profile] error: Network error
Server Tests	Run server tests with coverage	2026-03-25T15:24:49.9599999Z 
Server Tests	Run server tests with coverage	2026-03-25T15:24:49.9600906Z [90mstdout[2m | server/tests/routes/ai.test.ts[2m > [22m[2mAI Routes[2m > [22m[2mPOST /ai/person-profile[2m > [22m[2mreturns no-key mode when Anthropic API fails
Server Tests	Run server tests with coverage	2026-03-25T15:24:49.9613720Z [22m[39m[INFO] [REQ] POST /ai/person-profile - 200 [1.3ms] {
Server Tests	Run server tests with coverage	2026-03-25T15:24:49.9615025Z   requestId: [32m'76066cbd-0974-4630-a302-21ea9d95e2c7'[39m,
Server Tests	Run server tests with coverage	2026-03-25T15:24:49.9615817Z   method: [32m'POST'[39m,
Server Tests	Run server tests with coverage	2026-03-25T15:24:49.9616867Z   route: [32m'/ai/person-profile'[39m,
Server Tests	Run server tests with coverage	2026-03-25T15:24:49.9617874Z   status: [33m200[39m,
Server Tests	Run server tests with coverage	2026-03-25T15:24:49.9618411Z   durationMs: [32m'1.28'[39m
Server Tests	Run server tests with coverage	2026-03-25T15:24:49.9619035Z }
Server Tests	Run server tests with coverage	2026-03-25T15:24:49.9619220Z 
Server Tests	Run server tests with coverage	2026-03-25T15:24:49.9814768Z [90mstderr[2m | server/tests/routes/ai.test.ts[2m > [22m[2mAI Routes[2m > [22m[2mPOST /ai/person-profile[2m > [22m[2mreturns no-key mode when Anthropic returns non-JSON response
Server Tests	Run server tests with coverage	2026-03-25T15:24:49.9843334Z [22m[39m[ai/person-profile] error: No JSON in response
Server Tests	Run server tests with coverage	2026-03-25T15:24:49.9844003Z 
Server Tests	Run server tests with coverage	2026-03-25T15:24:49.9864566Z [90mstdout[2m | server/tests/routes/ai.test.ts[2m > [22m[2mAI Routes[2m > [22m[2mPOST /ai/person-profile[2m > [22m[2mreturns no-key mode when Anthropic returns non-JSON response
Server Tests	Run server tests with coverage	2026-03-25T15:24:49.9868477Z [22m[39m[INFO] [REQ] POST /ai/person-profile - 200 [1.1ms] {
Server Tests	Run server tests with coverage	2026-03-25T15:24:49.9870373Z   requestId: [32m'cd6cf3cc-4c06-4b93-a834-05f7c1ac057f'[39m,
Server Tests	Run server tests with coverage	2026-03-25T15:24:49.9871054Z   method: [32m'POST'[39m,
Server Tests	Run server tests with coverage	2026-03-25T15:24:49.9871695Z   route: [32m'/ai/person-profile'[39m,
Server Tests	Run server tests with coverage	2026-03-25T15:24:49.9872520Z   status: [33m200[39m,
Server Tests	Run server tests with coverage	2026-03-25T15:24:49.9873043Z   durationMs: [32m'1.12'[39m
Server Tests	Run server tests with coverage	2026-03-25T15:24:49.9873443Z }
Server Tests	Run server tests with coverage	2026-03-25T15:24:49.9873612Z 
Server Tests	Run server tests with coverage	2026-03-25T15:24:49.9912973Z  [32m✓[39m server/tests/sqliteWorker.test.ts [2m([22m[2m21 tests[22m[2m)[22m[32m 148[2mms[22m[39m
Server Tests	Run server tests with coverage	2026-03-25T15:24:50.0067443Z [90mstderr[2m | server/tests/routes/ai.test.ts[2m > [22m[2mAI Routes[2m > [22m[2mPOST /ai/suggest-tasks[2m > [22m[2mreturns empty tasks when ANTHROPIC_API_KEY is not configured
Server Tests	Run server tests with coverage	2026-03-25T15:24:50.0070135Z [90mstdout[2m | server/tests/routes/ai.test.ts[2m > [22m[2mAI Routes[2m > [22m[2mPOST /ai/suggest-tasks[2m > [22m[2mreturns empty tasks when ANTHROPIC_API_KEY is not configured
Server Tests	Run server tests with coverage	2026-03-25T15:24:50.0072075Z [22m[39m[ai/suggest-tasks] error: No JSON in response
Server Tests	Run server tests with coverage	2026-03-25T15:24:50.0080601Z 
Server Tests	Run server tests with coverage	2026-03-25T15:24:50.0081213Z [22m[39m[INFO] [REQ] POST /ai/suggest-tasks - 200 [1.1ms] {
Server Tests	Run server tests with coverage	2026-03-25T15:24:50.0083012Z   requestId: [32m'151621a3-33b5-4ed2-8d5c-ca6610dbde71'[39m,
Server Tests	Run server tests with coverage	2026-03-25T15:24:50.0083687Z   method: [32m'POST'[39m,
Server Tests	Run server tests with coverage	2026-03-25T15:24:50.0084283Z   route: [32m'/ai/suggest-tasks'[39m,
Server Tests	Run server tests with coverage	2026-03-25T15:24:50.0084914Z   status: [33m200[39m,
Server Tests	Run server tests with coverage	2026-03-25T15:24:50.0085480Z   durationMs: [32m'1.13'[39m
Server Tests	Run server tests with coverage	2026-03-25T15:24:50.0085861Z }
Server Tests	Run server tests with coverage	2026-03-25T15:24:50.0086017Z 
Server Tests	Run server tests with coverage	2026-03-25T15:24:50.0391114Z [90mstdout[2m | server/tests/routes/ai.test.ts[2m > [22m[2mAI Routes[2m > [22m[2mPOST /ai/suggest-tasks[2m > [22m[2mreturns empty tasks when transcript is empty
Server Tests	Run server tests with coverage	2026-03-25T15:24:50.0393836Z [22m[39m[INFO] [REQ] POST /ai/suggest-tasks - 200 [0.4ms] {
Server Tests	Run server tests with coverage	2026-03-25T15:24:50.0396356Z   requestId: [32m'05106016-32eb-4150-8218-f8a04040f1e1'[39m,
Server Tests	Run server tests with coverage	2026-03-25T15:24:50.0399531Z   method: [32m'POST'[39m,
Server Tests	Run server tests with coverage	2026-03-25T15:24:50.0400887Z   route: [32m'/ai/suggest-tasks'[39m,
Server Tests	Run server tests with coverage	2026-03-25T15:24:50.0403639Z   status: [33m200[39m,
Server Tests	Run server tests with coverage	2026-03-25T15:24:50.0405964Z   durationMs: [32m'0.37'[39m
Server Tests	Run server tests with coverage	2026-03-25T15:24:50.0408079Z }
Server Tests	Run server tests with coverage	2026-03-25T15:24:50.0409849Z 
Server Tests	Run server tests with coverage	2026-03-25T15:24:50.0747332Z [90mstdout[2m | server/tests/routes/ai.test.ts[2m > [22m[2mAI Routes[2m > [22m[2mPOST /ai/suggest-tasks[2m > [22m[2mcalls Anthropic API and returns extracted tasks when API key is configured
Server Tests	Run server tests with coverage	2026-03-25T15:24:50.0751050Z [22m[39m[INFO] [REQ] POST /ai/suggest-tasks - 200 [0.5ms] {
Server Tests	Run server tests with coverage	2026-03-25T15:24:50.0754505Z   requestId: [32m'dec5f288-c64c-4df9-9ad4-d78f3e9eacbc'[39m,
Server Tests	Run server tests with coverage	2026-03-25T15:24:50.0757369Z   method: [32m'POST'[39m,
Server Tests	Run server tests with coverage	2026-03-25T15:24:50.0759427Z   route: [32m'/ai/suggest-tasks'[39m,
Server Tests	Run server tests with coverage	2026-03-25T15:24:50.0760750Z   status: [33m200[39m,
Server Tests	Run server tests with coverage	2026-03-25T15:24:50.0762913Z   durationMs: [32m'0.52'[39m
Server Tests	Run server tests with coverage	2026-03-25T15:24:50.0764067Z }
Server Tests	Run server tests with coverage	2026-03-25T15:24:50.0765660Z 
Server Tests	Run server tests with coverage	2026-03-25T15:24:50.0919010Z [90mstderr[2m | server/tests/routes/ai.test.ts[2m > [22m[2mAI Routes[2m > [22m[2mPOST /ai/suggest-tasks[2m > [22m[2mreturns empty tasks when Anthropic API fails
Server Tests	Run server tests with coverage	2026-03-25T15:24:50.0921620Z [90mstdout[2m | server/tests/routes/ai.test.ts[2m > [22m[2mAI Routes[2m > [22m[2mPOST /ai/suggest-tasks[2m > [22m[2mreturns empty tasks when Anthropic API fails
Server Tests	Run server tests with coverage	2026-03-25T15:24:50.0933140Z [22m[39m[ai/suggest-tasks] error: Network error
Server Tests	Run server tests with coverage	2026-03-25T15:24:50.0934103Z [22m[39m[INFO] [REQ] POST /ai/suggest-tasks - 200 [0.8ms] {
Server Tests	Run server tests with coverage	2026-03-25T15:24:50.0936900Z   requestId: [32m'e7f02370-ce1a-46ea-9721-3ff01a47a622'[39m,
Server Tests	Run server tests with coverage	2026-03-25T15:24:50.0939434Z 
Server Tests	Run server tests with coverage	2026-03-25T15:24:50.0940263Z   method: [32m'POST'[39m,
Server Tests	Run server tests with coverage	2026-03-25T15:24:50.0942220Z   route: [32m'/ai/suggest-tasks'[39m,
Server Tests	Run server tests with coverage	2026-03-25T15:24:50.0944612Z   status: [33m200[39m,
Server Tests	Run server tests with coverage	2026-03-25T15:24:50.0947707Z   durationMs: [32m'0.82'[39m
Server Tests	Run server tests with coverage	2026-03-25T15:24:50.0949877Z }
Server Tests	Run server tests with coverage	2026-03-25T15:24:50.0951461Z 
Server Tests	Run server tests with coverage	2026-03-25T15:24:50.1154319Z [90mstderr[2m | server/tests/routes/ai.test.ts[2m > [22m[2mAI Routes[2m > [22m[2mPOST /ai/suggest-tasks[2m > [22m[2mreturns empty tasks when Anthropic returns non-JSON response
Server Tests	Run server tests with coverage	2026-03-25T15:24:50.1158892Z [90mstdout[2m | server/tests/routes/ai.test.ts[2m > [22m[2mAI Routes[2m > [22m[2mPOST /ai/suggest-tasks[2m > [22m[2mreturns empty tasks when Anthropic returns non-JSON response
Server Tests	Run server tests with coverage	2026-03-25T15:24:50.1160483Z [22m[39m[INFO] [REQ] POST /ai/suggest-tasks - 200 [0.9ms] {
Server Tests	Run server tests with coverage	2026-03-25T15:24:50.1161433Z   requestId: [32m'f5e63284-af09-4f8d-befe-32ac49eab639'[39m,
Server Tests	Run server tests with coverage	2026-03-25T15:24:50.1172627Z   method: [32m'POST'[39m,
Server Tests	Run server tests with coverage	2026-03-25T15:24:50.1173312Z   route: [32m'/ai/suggest-tasks'[39m,
Server Tests	Run server tests with coverage	2026-03-25T15:24:50.1173957Z   status: [33m200[39m,
Server Tests	Run server tests with coverage	2026-03-25T15:24:50.1174506Z   durationMs: [32m'0.92'[39m
Server Tests	Run server tests with coverage	2026-03-25T15:24:50.1174997Z }
Server Tests	Run server tests with coverage	2026-03-25T15:24:50.1175184Z 
Server Tests	Run server tests with coverage	2026-03-25T15:24:50.1175729Z [22m[39m[ai/suggest-tasks] error: No JSON in response
Server Tests	Run server tests with coverage	2026-03-25T15:24:50.1176164Z 
Server Tests	Run server tests with coverage	2026-03-25T15:24:50.1467367Z [90mstderr[2m | server/tests/routes/ai.test.ts[2m > [22m[2mAI Routes[2m > [22m[2mPOST /ai/suggest-tasks[2m > [22m[2mreturns empty tasks when response has no tasks array
Server Tests	Run server tests with coverage	2026-03-25T15:24:50.1470041Z [90mstdout[2m | server/tests/routes/ai.test.ts[2m > [22m[2mAI Routes[2m > [22m[2mPOST /ai/suggest-tasks[2m > [22m[2mreturns empty tasks when response has no tasks array
Server Tests	Run server tests with coverage	2026-03-25T15:24:50.1473341Z [22m[39m[ai/suggest-tasks] error: No JSON in response
Server Tests	Run server tests with coverage	2026-03-25T15:24:50.1473788Z 
Server Tests	Run server tests with coverage	2026-03-25T15:24:50.1474314Z [22m[39m[INFO] [REQ] POST /ai/suggest-tasks - 200 [0.8ms] {
Server Tests	Run server tests with coverage	2026-03-25T15:24:50.1475208Z   requestId: [32m'bbe27a3c-827b-4c31-9c23-b38914f0a075'[39m,
Server Tests	Run server tests with coverage	2026-03-25T15:24:50.1475907Z   method: [32m'POST'[39m,
Server Tests	Run server tests with coverage	2026-03-25T15:24:50.1476460Z   route: [32m'/ai/suggest-tasks'[39m,
Server Tests	Run server tests with coverage	2026-03-25T15:24:50.1476994Z   status: [33m200[39m,
Server Tests	Run server tests with coverage	2026-03-25T15:24:50.1477525Z   durationMs: [32m'0.81'[39m
Server Tests	Run server tests with coverage	2026-03-25T15:24:50.1477928Z }
Server Tests	Run server tests with coverage	2026-03-25T15:24:50.1478090Z 
Server Tests	Run server tests with coverage	2026-03-25T15:24:50.1843547Z [90mstdout[2m | server/tests/routes/ai.test.ts[2m > [22m[2mAI Routes[2m > [22m[2mPOST /ai/search[2m > [22m[2mreturns no-key mode when ANTHROPIC_API_KEY is not configured
Server Tests	Run server tests with coverage	2026-03-25T15:24:50.1856330Z [22m[39m[INFO] [REQ] POST /ai/search - 200 [0.6ms] {
Server Tests	Run server tests with coverage	2026-03-25T15:24:50.1857285Z   requestId: [32m'd218eeab-c800-4520-9215-a8247c4edef5'[39m,
Server Tests	Run server tests with coverage	2026-03-25T15:24:50.1857984Z   method: [32m'POST'[39m,
Server Tests	Run server tests with coverage	2026-03-25T15:24:50.1858549Z   route: [32m'/ai/search'[39m,
Server Tests	Run server tests with coverage	2026-03-25T15:24:50.1888720Z   status: [33m200[39m,
Server Tests	Run server tests with coverage	2026-03-25T15:24:50.1889352Z   durationMs: [32m'0.62'[39m
Server Tests	Run server tests with coverage	2026-03-25T15:24:50.1889748Z }
Server Tests	Run server tests with coverage	2026-03-25T15:24:50.1889913Z 
Server Tests	Run server tests with coverage	2026-03-25T15:24:50.2005954Z [90mstdout[2m | server/tests/routes/ai.test.ts[2m > [22m[2mAI Routes[2m > [22m[2mPOST /ai/search[2m > [22m[2mreturns no-key mode when query is empty or too short
Server Tests	Run server tests with coverage	2026-03-25T15:24:50.2010917Z [22m[39m[INFO] [REQ] POST /ai/search - 200 [0.2ms] {
Server Tests	Run server tests with coverage	2026-03-25T15:24:50.2011822Z   requestId: [32m'bf2bf1ee-46f6-4b0d-bf2b-2aa3b278f1dc'[39m,
Server Tests	Run server tests with coverage	2026-03-25T15:24:50.2012932Z   method: [32m'POST'[39m,
Server Tests	Run server tests with coverage	2026-03-25T15:24:50.2013465Z   route: [32m'/ai/search'[39m,
Server Tests	Run server tests with coverage	2026-03-25T15:24:50.2013972Z   status: [33m200[39m,
Server Tests	Run server tests with coverage	2026-03-25T15:24:50.2014492Z   durationMs: [32m'0.22'[39m
Server Tests	Run server tests with coverage	2026-03-25T15:24:50.2014900Z }
Server Tests	Run server tests with coverage	2026-03-25T15:24:50.2015071Z 
Server Tests	Run server tests with coverage	2026-03-25T15:24:50.2164898Z [90mstdout[2m | server/tests/routes/ai.test.ts[2m > [22m[2mAI Routes[2m > [22m[2mPOST /ai/search[2m > [22m[2mreturns no-key mode when items are empty
Server Tests	Run server tests with coverage	2026-03-25T15:24:50.2166423Z [22m[39m[INFO] [REQ] POST /ai/search - 200 [0.6ms] {
Server Tests	Run server tests with coverage	2026-03-25T15:24:50.2167335Z   requestId: [32m'948f0b52-f22b-44b4-9323-b073ecac4008'[39m,
Server Tests	Run server tests with coverage	2026-03-25T15:24:50.2168049Z   method: [32m'POST'[39m,
Server Tests	Run server tests with coverage	2026-03-25T15:24:50.2169124Z   route: [32m'/ai/search'[39m,
Server Tests	Run server tests with coverage	2026-03-25T15:24:50.2169648Z   status: [33m200[39m,
Server Tests	Run server tests with coverage	2026-03-25T15:24:50.2170184Z   durationMs: [32m'0.61'[39m
Server Tests	Run server tests with coverage	2026-03-25T15:24:50.2170914Z }
Server Tests	Run server tests with coverage	2026-03-25T15:24:50.2171092Z 
Server Tests	Run server tests with coverage	2026-03-25T15:24:50.2464556Z [90mstderr[2m | server/tests/routes/ai.test.ts[2m > [22m[2mAI Routes[2m > [22m[2mPOST /ai/search[2m > [22m[2mreturns empty matches when Anthropic API fails
Server Tests	Run server tests with coverage	2026-03-25T15:24:50.2466809Z [90mstdout[2m | server/tests/routes/ai.test.ts[2m > [22m[2mAI Routes[2m > [22m[2mPOST /ai/search[2m > [22m[2mreturns empty matches when Anthropic API fails
Server Tests	Run server tests with coverage	2026-03-25T15:24:50.2468093Z [22m[39m[ai/search] error: Network error
Server Tests	Run server tests with coverage	2026-03-25T15:24:50.2468446Z 
Server Tests	Run server tests with coverage	2026-03-25T15:24:50.2468892Z [22m[39m[INFO] [REQ] POST /ai/search - 200 [0.9ms] {
Server Tests	Run server tests with coverage	2026-03-25T15:24:50.2469688Z   requestId: [32m'd25de7f8-09c3-43ea-ad54-bd422c786183'[39m,
Server Tests	Run server tests with coverage	2026-03-25T15:24:50.2470287Z   method: [32m'POST'[39m,
Server Tests	Run server tests with coverage	2026-03-25T15:24:50.2470795Z   route: [32m'/ai/search'[39m,
Server Tests	Run server tests with coverage	2026-03-25T15:24:50.2471320Z   status: [33m200[39m,
Server Tests	Run server tests with coverage	2026-03-25T15:24:50.2471790Z   durationMs: [32m'0.91'[39m
Server Tests	Run server tests with coverage	2026-03-25T15:24:50.2472436Z }
Server Tests	Run server tests with coverage	2026-03-25T15:24:50.2472606Z 
Server Tests	Run server tests with coverage	2026-03-25T15:24:50.2656012Z [90mstderr[2m | server/tests/routes/ai.test.ts[2m > [22m[2mAI Routes[2m > [22m[2mPOST /ai/search[2m > [22m[2mreturns empty matches when Anthropic returns non-JSON response
Server Tests	Run server tests with coverage	2026-03-25T15:24:50.2658835Z [90mstdout[2m | server/tests/routes/ai.test.ts[2m > [22m[2mAI Routes[2m > [22m[2mPOST /ai/search[2m > [22m[2mreturns empty matches when Anthropic returns non-JSON response
Server Tests	Run server tests with coverage	2026-03-25T15:24:50.2660422Z [22m[39m[INFO] [REQ] POST /ai/search - 200 [0.9ms] {
Server Tests	Run server tests with coverage	2026-03-25T15:24:50.2661320Z   requestId: [32m'9df32279-3d82-4b74-938d-7788207c7009'[39m,
Server Tests	Run server tests with coverage	2026-03-25T15:24:50.2662311Z   method: [32m'POST'[39m,
Server Tests	Run server tests with coverage	2026-03-25T15:24:50.2662922Z   route: [32m'/ai/search'[39m,
Server Tests	Run server tests with coverage	2026-03-25T15:24:50.2663453Z   status: [33m200[39m,
Server Tests	Run server tests with coverage	2026-03-25T15:24:50.2664020Z   durationMs: [32m'0.87'[39m
Server Tests	Run server tests with coverage	2026-03-25T15:24:50.2664567Z }
Server Tests	Run server tests with coverage	2026-03-25T15:24:50.2664749Z 
Server Tests	Run server tests with coverage	2026-03-25T15:24:50.2668383Z [22m[39m[ai/search] error: No JSON in response
Server Tests	Run server tests with coverage	2026-03-25T15:24:50.2673199Z 
Server Tests	Run server tests with coverage	2026-03-25T15:24:50.2871524Z [90mstdout[2m | server/tests/stt.providers.test.ts[2m > [22m[2mstt providers — HTTP behavior[2m > [22m[2mmakes POST to correct URL with Authorization header
Server Tests	Run server tests with coverage	2026-03-25T15:24:50.2877099Z [22m[39m[stt] openai model=gpt-4o-transcribe → POST https://api.openai.test/v1/audio/transcriptions
Server Tests	Run server tests with coverage	2026-03-25T15:24:50.2877828Z 
Server Tests	Run server tests with coverage	2026-03-25T15:24:50.2893990Z [90mstdout[2m | server/tests/stt.providers.test.ts[2m > [22m[2mstt providers — HTTP behavior[2m > [22m[2mpasses request.signal to httpClient
Server Tests	Run server tests with coverage	2026-03-25T15:24:50.2897116Z [22m[39m[stt] openai model=gpt-4o-transcribe → POST https://api.openai.test/v1/audio/transcriptions
Server Tests	Run server tests with coverage	2026-03-25T15:24:50.2898526Z 
Server Tests	Run server tests with coverage	2026-03-25T15:24:50.2916479Z [90mstdout[2m | server/tests/stt.providers.test.ts[2m > [22m[2mstt providers — HTTP behavior[2m > [22m[2mthrows with API error message on HTTP 401
Server Tests	Run server tests with coverage	2026-03-25T15:24:50.2920970Z [22m[39m[stt] openai model=gpt-4o-transcribe → POST https://api.openai.test/v1/audio/transcriptions
Server Tests	Run server tests with coverage	2026-03-25T15:24:50.2921700Z 
Server Tests	Run server tests with coverage	2026-03-25T15:24:50.2926615Z [90mstderr[2m | server/tests/stt.providers.test.ts[2m > [22m[2mstt providers — HTTP behavior[2m > [22m[2mthrows with API error message on HTTP 401
Server Tests	Run server tests with coverage	2026-03-25T15:24:50.2929068Z [22m[39m[stt] openai failed: status=401 body={"error":{"message":"Invalid API key provided."}}
Server Tests	Run server tests with coverage	2026-03-25T15:24:50.2930435Z 
Server Tests	Run server tests with coverage	2026-03-25T15:24:50.2951705Z [90mstdout[2m | server/tests/stt.providers.test.ts[2m > [22m[2mstt providers — HTTP behavior[2m > [22m[2mthrows with fallback message on HTTP 400 with non-JSON body
Server Tests	Run server tests with coverage	2026-03-25T15:24:50.2960276Z [90mstderr[2m | server/tests/stt.providers.test.ts[2m > [22m[2mstt providers — HTTP behavior[2m > [22m[2mthrows with fallback message on HTTP 400 with non-JSON body
Server Tests	Run server tests with coverage	2026-03-25T15:24:50.2962097Z [22m[39m[stt] openai failed: status=400 body=bad request
Server Tests	Run server tests with coverage	2026-03-25T15:24:50.2963914Z [22m[39m[stt] openai model=gpt-4o-transcribe → POST https://api.openai.test/v1/audio/transcriptions
Server Tests	Run server tests with coverage	2026-03-25T15:24:50.2964623Z 
Server Tests	Run server tests with coverage	2026-03-25T15:24:50.2971558Z 
Server Tests	Run server tests with coverage	2026-03-25T15:24:50.2973502Z [90mstdout[2m | server/tests/stt.providers.test.ts[2m > [22m[2mstt providers — HTTP behavior[2m > [22m[2mtranscribeWithProviders falls through to second provider on first failure
Server Tests	Run server tests with coverage	2026-03-25T15:24:50.2975591Z [22m[39m[stt] groq model=gpt-4o-transcribe → POST https://api.groq.com/openai/v1/audio/transcriptions
Server Tests	Run server tests with coverage	2026-03-25T15:24:50.2979155Z 
Server Tests	Run server tests with coverage	2026-03-25T15:24:50.2980666Z [90mstdout[2m | server/tests/stt.providers.test.ts[2m > [22m[2mstt providers — HTTP behavior[2m > [22m[2mtranscribeWithProviders falls through to second provider on first failure
Server Tests	Run server tests with coverage	2026-03-25T15:24:50.2983268Z [22m[39m[stt] openai model=gpt-4o-transcribe → POST https://api.openai.test/v1/audio/transcriptions
Server Tests	Run server tests with coverage	2026-03-25T15:24:50.2984034Z 
Server Tests	Run server tests with coverage	2026-03-25T15:24:50.2985331Z [90mstdout[2m | server/tests/stt.providers.test.ts[2m > [22m[2mstt providers — HTTP behavior[2m > [22m[2mcreateFormData appends file with correct name
Server Tests	Run server tests with coverage	2026-03-25T15:24:50.2987133Z [22m[39m[stt] openai model=gpt-4o-transcribe → POST https://api.openai.test/v1/audio/transcriptions
Server Tests	Run server tests with coverage	2026-03-25T15:24:50.2987835Z 
Server Tests	Run server tests with coverage	2026-03-25T15:24:50.2993034Z [90mstdout[2m | server/tests/stt.providers.test.ts[2m > [22m[2mstt providers — HTTP behavior[2m > [22m[2mcreateFormData appends array fields with [] suffix
Server Tests	Run server tests with coverage	2026-03-25T15:24:50.2997174Z [22m[39m[stt] openai model=gpt-4o-transcribe → POST https://api.openai.test/v1/audio/transcriptions
Server Tests	Run server tests with coverage	2026-03-25T15:24:50.2997881Z 
Server Tests	Run server tests with coverage	2026-03-25T15:24:50.3016648Z [90mstdout[2m | server/tests/stt.providers.test.ts[2m > [22m[2mstt providers — Groq model override in requestFactory[2m > [22m[2muses Groq provider.defaultModel (whisper-large-v3) when fields.model is an OpenAI model
Server Tests	Run server tests with coverage	2026-03-25T15:24:50.3019749Z [22m[39m[stt] openai model=whisper-1 → POST https://api.openai.test/v1/audio/transcriptions
Server Tests	Run server tests with coverage	2026-03-25T15:24:50.3021677Z 
Server Tests	Run server tests with coverage	2026-03-25T15:24:50.3024907Z [90mstdout[2m | server/tests/stt.providers.test.ts[2m > [22m[2mstt providers — Groq model override in requestFactory[2m > [22m[2muses Groq provider.defaultModel (whisper-large-v3) when fields.model is an OpenAI model
Server Tests	Run server tests with coverage	2026-03-25T15:24:50.3028093Z [22m[39m[stt] groq model=whisper-large-v3 → POST https://api.groq.com/openai/v1/audio/transcriptions
Server Tests	Run server tests with coverage	2026-03-25T15:24:50.3029501Z 
Server Tests	Run server tests with coverage	2026-03-25T15:24:50.3033169Z [90mstdout[2m | server/tests/routes/ai.test.ts[2m > [22m[2mAI Routes[2m > [22m[2mPOST /ai/search[2m > [22m[2mcalls Anthropic API and returns ranked matches when API key is configured
Server Tests	Run server tests with coverage	2026-03-25T15:24:50.3056724Z [22m[39m[INFO] [REQ] POST /ai/search - 200 [0.6ms] {
Server Tests	Run server tests with coverage	2026-03-25T15:24:50.3059449Z   requestId: [32m'07bcd9f3-13b8-4ca1-bdb0-46b21d74ceb9'[39m,
Server Tests	Run server tests with coverage	2026-03-25T15:24:50.3060383Z   method: [32m'POST'[39m,
Server Tests	Run server tests with coverage	2026-03-25T15:24:50.3060902Z   route: [32m'/ai/search'[39m,
Server Tests	Run server tests with coverage	2026-03-25T15:24:50.3061396Z   status: [33m200[39m,
Server Tests	Run server tests with coverage	2026-03-25T15:24:50.3062168Z   durationMs: [32m'0.55'[39m
Server Tests	Run server tests with coverage	2026-03-25T15:24:50.3063049Z }
Server Tests	Run server tests with coverage	2026-03-25T15:24:50.3063225Z 
Server Tests	Run server tests with coverage	2026-03-25T15:24:50.3367687Z  [32m✓[39m server/tests/stt.providers.test.ts [2m([22m[2m11 tests[22m[2m)[22m[32m 60[2mms[22m[39m
Server Tests	Run server tests with coverage	2026-03-25T15:24:50.3844539Z  [32m✓[39m server/tests/routes/ai.test.ts [2m([22m[2m18 tests[22m[2m)[22m[33m 1569[2mms[22m[39m
Server Tests	Run server tests with coverage	2026-03-25T15:24:50.3848456Z        [33m[2m✓[22m[39m returns no-key mode when ANTHROPIC_API_KEY is not configured [33m 1111[2mms[22m[39m
Server Tests	Run server tests with coverage	2026-03-25T15:24:51.2866193Z [90mstdout[2m | server/tests/routes/media.additional.test.ts[2m > [22m[2mMedia Routes - Additional Coverage[2m > [22m[2mPOST /media/analyze[2m > [22m[2mreturns analysis result when transcription service returns data
Server Tests	Run server tests with coverage	2026-03-25T15:24:51.2870024Z [22m[39m[INFO] [REQ] POST /media/analyze - 200 [5.5ms] {
Server Tests	Run server tests with coverage	2026-03-25T15:24:51.2874660Z   requestId: [32m'fec8955c-bc9c-4cb7-b351-755db03d35a7'[39m,
Server Tests	Run server tests with coverage	2026-03-25T15:24:51.2875434Z   method: [32m'POST'[39m,
Server Tests	Run server tests with coverage	2026-03-25T15:24:51.2876026Z   route: [32m'/media/analyze'[39m,
Server Tests	Run server tests with coverage	2026-03-25T15:24:51.2877133Z   status: [33m200[39m,
Server Tests	Run server tests with coverage	2026-03-25T15:24:51.2877650Z   durationMs: [32m'5.55'[39m
Server Tests	Run server tests with coverage	2026-03-25T15:24:51.2878350Z }
Server Tests	Run server tests with coverage	2026-03-25T15:24:51.2878538Z 
Server Tests	Run server tests with coverage	2026-03-25T15:24:51.3299274Z [90mstdout[2m | server/tests/routes/media.additional.test.ts[2m > [22m[2mMedia Routes - Additional Coverage[2m > [22m[2mPOST /media/analyze[2m > [22m[2mreturns no-key mode when analysis returns null
Server Tests	Run server tests with coverage	2026-03-25T15:24:51.3303263Z [22m[39m[INFO] [REQ] POST /media/analyze - 200 [0.6ms] {
Server Tests	Run server tests with coverage	2026-03-25T15:24:51.3304130Z   requestId: [32m'140bbeaf-7ade-4f1e-89c5-3275d9aaef0c'[39m,
Server Tests	Run server tests with coverage	2026-03-25T15:24:51.3304851Z   method: [32m'POST'[39m,
Server Tests	Run server tests with coverage	2026-03-25T15:24:51.3305420Z   route: [32m'/media/analyze'[39m,
Server Tests	Run server tests with coverage	2026-03-25T15:24:51.3305953Z   status: [33m200[39m,
Server Tests	Run server tests with coverage	2026-03-25T15:24:51.3306482Z   durationMs: [32m'0.60'[39m
Server Tests	Run server tests with coverage	2026-03-25T15:24:51.3306920Z }
Server Tests	Run server tests with coverage	2026-03-25T15:24:51.3307093Z 
Server Tests	Run server tests with coverage	2026-03-25T15:24:51.3313391Z [90mstdout[2m | server/tests/routes/workspaces.test.ts[2m > [22m[2mWorkspace Routes[2m > [22m[2mPUT /users/:userId/profile updates only current user profile
Server Tests	Run server tests with coverage	2026-03-25T15:24:51.3317094Z [22m[39m[INFO] [REQ] PUT /users/u1/profile - 200 [5.1ms] {
Server Tests	Run server tests with coverage	2026-03-25T15:24:51.3318046Z   requestId: [32m'29a66bff-c601-4599-b2f0-1a019254ae1a'[39m,
Server Tests	Run server tests with coverage	2026-03-25T15:24:51.3318726Z   method: [32m'PUT'[39m,
Server Tests	Run server tests with coverage	2026-03-25T15:24:51.3319311Z   route: [32m'/users/u1/profile'[39m,
Server Tests	Run server tests with coverage	2026-03-25T15:24:51.3319874Z   status: [33m200[39m,
Server Tests	Run server tests with coverage	2026-03-25T15:24:51.3320387Z   durationMs: [32m'5.14'[39m
Server Tests	Run server tests with coverage	2026-03-25T15:24:51.3320803Z }
Server Tests	Run server tests with coverage	2026-03-25T15:24:51.3320981Z 
Server Tests	Run server tests with coverage	2026-03-25T15:24:51.3496108Z [90mstdout[2m | server/tests/routes/workspaces.test.ts[2m > [22m[2mWorkspace Routes[2m > [22m[2mblocks profile and password changes for other users
Server Tests	Run server tests with coverage	2026-03-25T15:24:51.3523155Z [22m[39m[INFO] [REQ] PUT /users/u2/profile - 403 [0.3ms] {
Server Tests	Run server tests with coverage	2026-03-25T15:24:51.3525541Z   requestId: [32m'2f22731c-4a36-4a55-8b22-cc552890c3b0'[39m,
Server Tests	Run server tests with coverage	2026-03-25T15:24:51.3527161Z   method: [32m'PUT'[39m,
Server Tests	Run server tests with coverage	2026-03-25T15:24:51.3528299Z   route: [32m'/users/u2/profile'[39m,
Server Tests	Run server tests with coverage	2026-03-25T15:24:51.3531472Z   status: [33m403[39m,
Server Tests	Run server tests with coverage	2026-03-25T15:24:51.3535473Z   durationMs: [32m'0.30'[39m
Server Tests	Run server tests with coverage	2026-03-25T15:24:51.3535918Z }
Server Tests	Run server tests with coverage	2026-03-25T15:24:51.3536094Z 
Server Tests	Run server tests with coverage	2026-03-25T15:24:51.3537433Z [90mstdout[2m | server/tests/routes/workspaces.test.ts[2m > [22m[2mWorkspace Routes[2m > [22m[2mblocks profile and password changes for other users
Server Tests	Run server tests with coverage	2026-03-25T15:24:51.3538956Z [22m[39m[INFO] [REQ] POST /users/u2/password - 403 [0.3ms] {
Server Tests	Run server tests with coverage	2026-03-25T15:24:51.3539840Z   requestId: [32m'2481a642-536e-48aa-926d-a8aebab4f59b'[39m,
Server Tests	Run server tests with coverage	2026-03-25T15:24:51.3540517Z   method: [32m'POST'[39m,
Server Tests	Run server tests with coverage	2026-03-25T15:24:51.3541100Z   route: [32m'/users/u2/password'[39m,
Server Tests	Run server tests with coverage	2026-03-25T15:24:51.3541684Z   status: [33m403[39m,
Server Tests	Run server tests with coverage	2026-03-25T15:24:51.3542564Z   durationMs: [32m'0.34'[39m
Server Tests	Run server tests with coverage	2026-03-25T15:24:51.3542970Z }
Server Tests	Run server tests with coverage	2026-03-25T15:24:51.3543151Z 
Server Tests	Run server tests with coverage	2026-03-25T15:24:51.3566960Z [90mstdout[2m | server/tests/routes/media.additional.test.ts[2m > [22m[2mMedia Routes - Additional Coverage[2m > [22m[2mPUT /media/recordings/:recordingId/audio/chunk[2m > [22m[2mreturns 401 when not authenticated
Server Tests	Run server tests with coverage	2026-03-25T15:24:51.3570840Z [22m[39m[INFO] [REQ] PUT /media/recordings/rec1/audio/chunk - 401 [0.8ms] {
Server Tests	Run server tests with coverage	2026-03-25T15:24:51.3573803Z   requestId: [32m'aa1bc382-79e9-4ff1-aab2-040231f2f3d1'[39m,
Server Tests	Run server tests with coverage	2026-03-25T15:24:51.3576107Z   method: [32m'PUT'[39m,
Server Tests	Run server tests with coverage	2026-03-25T15:24:51.3578472Z   route: [32m'/media/recordings/rec1/audio/chunk'[39m,
Server Tests	Run server tests with coverage	2026-03-25T15:24:51.3579848Z   status: [33m401[39m,
Server Tests	Run server tests with coverage	2026-03-25T15:24:51.3581698Z   durationMs: [32m'0.80'[39m
Server Tests	Run server tests with coverage	2026-03-25T15:24:51.3583565Z }
Server Tests	Run server tests with coverage	2026-03-25T15:24:51.3583760Z 
Server Tests	Run server tests with coverage	2026-03-25T15:24:51.3742263Z [90mstdout[2m | server/tests/routes/workspaces.test.ts[2m > [22m[2mWorkspace Routes[2m > [22m[2mupdates workspace member roles only for owner/admin memberships
Server Tests	Run server tests with coverage	2026-03-25T15:24:51.3745541Z [22m[39m[INFO] [REQ] PUT /workspaces/ws1/members/u2/role - 200 [0.7ms] {
Server Tests	Run server tests with coverage	2026-03-25T15:24:51.3747821Z   requestId: [32m'f852f6ea-37a9-4846-b95a-dd834eec977b'[39m,
Server Tests	Run server tests with coverage	2026-03-25T15:24:51.3748939Z   method: [32m'PUT'[39m,
Server Tests	Run server tests with coverage	2026-03-25T15:24:51.3749561Z   route: [32m'/workspaces/ws1/members/u2/role'[39m,
Server Tests	Run server tests with coverage	2026-03-25T15:24:51.3750335Z   status: [33m200[39m,
Server Tests	Run server tests with coverage	2026-03-25T15:24:51.3750820Z   durationMs: [32m'0.71'[39m
Server Tests	Run server tests with coverage	2026-03-25T15:24:51.3751207Z }
Server Tests	Run server tests with coverage	2026-03-25T15:24:51.3751364Z 
Server Tests	Run server tests with coverage	2026-03-25T15:24:51.3820304Z [90mstdout[2m | server/tests/routes/workspaces.test.ts[2m > [22m[2mWorkspace Routes[2m > [22m[2mupdates workspace member roles only for owner/admin memberships
Server Tests	Run server tests with coverage	2026-03-25T15:24:51.3823971Z [22m[39m[INFO] [REQ] PUT /workspaces/ws1/members/u2/role - 403 [0.2ms] {
Server Tests	Run server tests with coverage	2026-03-25T15:24:51.3826597Z   requestId: [32m'eddc6caa-21b0-48d0-98da-de0b0f4739af'[39m,
Server Tests	Run server tests with coverage	2026-03-25T15:24:51.3828802Z   method: [32m'PUT'[39m,
Server Tests	Run server tests with coverage	2026-03-25T15:24:51.3830725Z   route: [32m'/workspaces/ws1/members/u2/role'[39m,
Server Tests	Run server tests with coverage	2026-03-25T15:24:51.3833086Z   status: [33m403[39m,
Server Tests	Run server tests with coverage	2026-03-25T15:24:51.3835164Z   durationMs: [32m'0.24'[39m
Server Tests	Run server tests with coverage	2026-03-25T15:24:51.3836863Z }
Server Tests	Run server tests with coverage	2026-03-25T15:24:51.3837072Z 
Server Tests	Run server tests with coverage	2026-03-25T15:24:51.3839110Z [90mstdout[2m | server/tests/routes/media.additional.test.ts[2m > [22m[2mMedia Routes - Additional Coverage[2m > [22m[2mPUT /media/recordings/:recordingId/audio/chunk[2m > [22m[2mreturns 400 when X-Workspace-Id is missing
Server Tests	Run server tests with coverage	2026-03-25T15:24:51.3872637Z [22m[39m[INFO] [REQ] PUT /media/recordings/rec1/audio/chunk - 400 [0.8ms] {
Server Tests	Run server tests with coverage	2026-03-25T15:24:51.3873702Z   requestId: [32m'17aad0f1-45f3-4bcf-ac76-7a1ed66a8ab6'[39m,
Server Tests	Run server tests with coverage	2026-03-25T15:24:51.3874389Z   method: [32m'PUT'[39m,
Server Tests	Run server tests with coverage	2026-03-25T15:24:51.3875066Z   route: [32m'/media/recordings/rec1/audio/chunk'[39m,
Server Tests	Run server tests with coverage	2026-03-25T15:24:51.3875685Z   status: [33m400[39m,
Server Tests	Run server tests with coverage	2026-03-25T15:24:51.3876190Z   durationMs: [32m'0.79'[39m
Server Tests	Run server tests with coverage	2026-03-25T15:24:51.3876593Z }
Server Tests	Run server tests with coverage	2026-03-25T15:24:51.3876765Z 
Server Tests	Run server tests with coverage	2026-03-25T15:24:51.3904079Z [90mstdout[2m | server/tests/routes/workspaces.test.ts[2m > [22m[2mWorkspace Routes[2m > [22m[2mhandles RAG ask validation, no-results and LLM failure paths
Server Tests	Run server tests with coverage	2026-03-25T15:24:51.3908128Z [22m[39m[INFO] [REQ] POST /workspaces/ws1/rag/ask - 400 [0.6ms] {
Server Tests	Run server tests with coverage	2026-03-25T15:24:51.3911459Z   requestId: [32m'c3747a5a-0ebf-47d8-8ec4-fc3e3e72a452'[39m,
Server Tests	Run server tests with coverage	2026-03-25T15:24:51.3914797Z   method: [32m'POST'[39m,
Server Tests	Run server tests with coverage	2026-03-25T15:24:51.3917783Z   route: [32m'/workspaces/ws1/rag/ask'[39m,
Server Tests	Run server tests with coverage	2026-03-25T15:24:51.3920693Z   status: [33m400[39m,
Server Tests	Run server tests with coverage	2026-03-25T15:24:51.3923472Z   durationMs: [32m'0.60'[39m
Server Tests	Run server tests with coverage	2026-03-25T15:24:51.3927476Z }
Server Tests	Run server tests with coverage	2026-03-25T15:24:51.3927676Z 
Server Tests	Run server tests with coverage	2026-03-25T15:24:51.3929112Z [90mstdout[2m | server/tests/routes/workspaces.test.ts[2m > [22m[2mWorkspace Routes[2m > [22m[2mhandles RAG ask validation, no-results and LLM failure paths
Server Tests	Run server tests with coverage	2026-03-25T15:24:51.3931414Z [22m[39m[INFO] [REQ] POST /workspaces/ws1/rag/ask - 200 [0.4ms] {
Server Tests	Run server tests with coverage	2026-03-25T15:24:51.3934305Z   requestId: [32m'dbdbc1f8-1ccc-4b24-a21f-055d964b73b1'[39m,
Server Tests	Run server tests with coverage	2026-03-25T15:24:51.3936591Z   method: [32m'POST'[39m,
Server Tests	Run server tests with coverage	2026-03-25T15:24:51.3938800Z   route: [32m'/workspaces/ws1/rag/ask'[39m,
Server Tests	Run server tests with coverage	2026-03-25T15:24:51.3941759Z   status: [33m200[39m,
Server Tests	Run server tests with coverage	2026-03-25T15:24:51.3946201Z   durationMs: [32m'0.36'[39m
Server Tests	Run server tests with coverage	2026-03-25T15:24:51.3946637Z }
Server Tests	Run server tests with coverage	2026-03-25T15:24:51.3946820Z 
Server Tests	Run server tests with coverage	2026-03-25T15:24:51.3948235Z [90mstdout[2m | server/tests/routes/workspaces.test.ts[2m > [22m[2mWorkspace Routes[2m > [22m[2mhandles RAG ask validation, no-results and LLM failure paths
Server Tests	Run server tests with coverage	2026-03-25T15:24:51.3949878Z [22m[39m[INFO] [REQ] POST /workspaces/ws1/rag/ask - 500 [0.5ms] {
Server Tests	Run server tests with coverage	2026-03-25T15:24:51.3950861Z   requestId: [32m'7e4f5cb2-1e73-4b9b-b7e8-f8abfd7f8b0d'[39m,
Server Tests	Run server tests with coverage	2026-03-25T15:24:51.3951559Z   method: [32m'POST'[39m,
Server Tests	Run server tests with coverage	2026-03-25T15:24:51.3952502Z   route: [32m'/workspaces/ws1/rag/ask'[39m,
Server Tests	Run server tests with coverage	2026-03-25T15:24:51.3953225Z   status: [33m500[39m,
Server Tests	Run server tests with coverage	2026-03-25T15:24:51.3953793Z   durationMs: [32m'0.48'[39m
Server Tests	Run server tests with coverage	2026-03-25T15:24:51.3954233Z }
Server Tests	Run server tests with coverage	2026-03-25T15:24:51.3954407Z 
Server Tests	Run server tests with coverage	2026-03-25T15:24:51.4084524Z [90mstdout[2m | server/tests/routes/workspaces.test.ts[2m > [22m[2mWorkspace Routes[2m > [22m[2mreturns LLM answer when OpenAI key is configured
Server Tests	Run server tests with coverage	2026-03-25T15:24:51.4087843Z [22m[39m[INFO] [REQ] POST /workspaces/ws1/rag/ask - 200 [0.3ms] {
Server Tests	Run server tests with coverage	2026-03-25T15:24:51.4090976Z   requestId: [32m'c0fd98bd-25b5-4a32-91c7-3a912ac2c134'[39m,
Server Tests	Run server tests with coverage	2026-03-25T15:24:51.4092711Z   method: [32m'POST'[39m,
Server Tests	Run server tests with coverage	2026-03-25T15:24:51.4093339Z   route: [32m'/workspaces/ws1/rag/ask'[39m,
Server Tests	Run server tests with coverage	2026-03-25T15:24:51.4093883Z   status: [33m200[39m,
Server Tests	Run server tests with coverage	2026-03-25T15:24:51.4094371Z   durationMs: [32m'0.33'[39m
Server Tests	Run server tests with coverage	2026-03-25T15:24:51.4094893Z }
Server Tests	Run server tests with coverage	2026-03-25T15:24:51.4095062Z 
Server Tests	Run server tests with coverage	2026-03-25T15:24:51.4134215Z [90mstdout[2m | server/tests/transcription.test.ts[2m > [22m[2mTranscriptionService[2m > [22m[2mfalls back to injected audioPipeline and calls transcribeRecording
Server Tests	Run server tests with coverage	2026-03-25T15:24:51.4135863Z [22m[39m[INFO] [Pipeline] Starting transcription job. {
Server Tests	Run server tests with coverage	2026-03-25T15:24:51.4136661Z   requestId: [32m'internal-stt'[39m,
Server Tests	Run server tests with coverage	2026-03-25T15:24:51.4137327Z   recordingId: [32m'rec_1'[39m,
Server Tests	Run server tests with coverage	2026-03-25T15:24:51.4137935Z   processingMode: [32m'fast'[39m
Server Tests	Run server tests with coverage	2026-03-25T15:24:51.4138383Z }
Server Tests	Run server tests with coverage	2026-03-25T15:24:51.4138569Z 
Server Tests	Run server tests with coverage	2026-03-25T15:24:51.4140067Z [90mstdout[2m | server/tests/transcription.test.ts[2m > [22m[2mTranscriptionService[2m > [22m[2mfalls back to injected audioPipeline and calls transcribeRecording
Server Tests	Run server tests with coverage	2026-03-25T15:24:51.4141701Z [22m[39m[INFO] [Metrics] Pipeline completed successfully. {
Server Tests	Run server tests with coverage	2026-03-25T15:24:51.4142793Z   requestId: [32m'internal-stt'[39m,
Server Tests	Run server tests with coverage	2026-03-25T15:24:51.4143406Z   recordingId: [32m'rec_1'[39m,
Server Tests	Run server tests with coverage	2026-03-25T15:24:51.4144041Z   durationMs: [32m'444.49'[39m,
Server Tests	Run server tests with coverage	2026-03-25T15:24:51.4144606Z   confidence: [33m0[39m
Server Tests	Run server tests with coverage	2026-03-25T15:24:51.4145057Z }
Server Tests	Run server tests with coverage	2026-03-25T15:24:51.4145237Z 
Server Tests	Run server tests with coverage	2026-03-25T15:24:51.4146687Z [90mstdout[2m | server/tests/transcription.test.ts[2m > [22m[2mTranscriptionService[2m > [22m[2mfalls back to injected audioPipeline and calls transcribeRecording
Server Tests	Run server tests with coverage	2026-03-25T15:24:51.4148877Z [22m[39m[INFO] [Pipeline] Background post-process completed. { requestId: [32m'internal-stt'[39m, recordingId: [32m'rec_1'[39m }
Server Tests	Run server tests with coverage	2026-03-25T15:24:51.4149747Z 
Server Tests	Run server tests with coverage	2026-03-25T15:24:51.4177776Z [90mstderr[2m | server/tests/transcription.test.ts[2m > [22m[2mTranscriptionService[2m > [22m[2mthrows a descriptive error if transcribeRecording is missing
Server Tests	Run server tests with coverage	2026-03-25T15:24:51.4179617Z [22m[39m[TranscriptionService] audioPipeline looks like an empty object (circular dep?).
Server Tests	Run server tests with coverage	2026-03-25T15:24:51.4180249Z 
Server Tests	Run server tests with coverage	2026-03-25T15:24:51.4185024Z [90mstdout[2m | server/tests/transcription.test.ts[2m > [22m[2mTranscriptionService[2m > [22m[2mdeduplicates in-flight transcription jobs and persists successful results
Server Tests	Run server tests with coverage	2026-03-25T15:24:51.4187220Z [22m[39m[INFO] [Pipeline] Starting transcription job. {
Server Tests	Run server tests with coverage	2026-03-25T15:24:51.4189031Z   requestId: [32m'internal-stt'[39m,
Server Tests	Run server tests with coverage	2026-03-25T15:24:51.4189625Z   recordingId: [32m'rec_1'[39m,
Server Tests	Run server tests with coverage	2026-03-25T15:24:51.4190231Z   processingMode: [32m'fast'[39m
Server Tests	Run server tests with coverage	2026-03-25T15:24:51.4190743Z }
Server Tests	Run server tests with coverage	2026-03-25T15:24:51.4194611Z 
Server Tests	Run server tests with coverage	2026-03-25T15:24:51.4198355Z [90mstdout[2m | server/tests/transcription.test.ts[2m > [22m[2mTranscriptionService[2m > [22m[2mdeduplicates in-flight transcription jobs and persists successful results
Server Tests	Run server tests with coverage	2026-03-25T15:24:51.4201564Z [22m[39m[INFO] [Metrics] Pipeline completed successfully. {
Server Tests	Run server tests with coverage	2026-03-25T15:24:51.4207733Z   requestId: [32m'internal-stt'[39m,
Server Tests	Run server tests with coverage	2026-03-25T15:24:51.4208339Z   recordingId: [32m'rec_1'[39m,
Server Tests	Run server tests with coverage	2026-03-25T15:24:51.4208877Z   durationMs: [32m'0.56'[39m,
Server Tests	Run server tests with coverage	2026-03-25T15:24:51.4209395Z   confidence: [33m0.91[39m
Server Tests	Run server tests with coverage	2026-03-25T15:24:51.4209812Z }
Server Tests	Run server tests with coverage	2026-03-25T15:24:51.4209985Z 
Server Tests	Run server tests with coverage	2026-03-25T15:24:51.4212404Z [90mstdout[2m | server/tests/routes/media.additional.test.ts[2m > [22m[2mMedia Routes - Additional Coverage[2m > [22m[2mPUT /media/recordings/:recordingId/audio/chunk[2m > [22m[2mreturns 400 when index/total parameters are invalid
Server Tests	Run server tests with coverage	2026-03-25T15:24:51.4214447Z [22m[39m[INFO] [REQ] PUT /media/recordings/rec1/audio/chunk - 400 [0.4ms] {
Server Tests	Run server tests with coverage	2026-03-25T15:24:51.4215371Z   requestId: [32m'8bf84a33-008a-461a-b713-ba55c0a8b2fe'[39m,
Server Tests	Run server tests with coverage	2026-03-25T15:24:51.4216071Z   method: [32m'PUT'[39m,
Server Tests	Run server tests with coverage	2026-03-25T15:24:51.4216702Z   route: [32m'/media/recordings/rec1/audio/chunk'[39m,
Server Tests	Run server tests with coverage	2026-03-25T15:24:51.4217776Z   status: [33m400[39m,
Server Tests	Run server tests with coverage	2026-03-25T15:24:51.4218286Z   durationMs: [32m'0.37'[39m
Server Tests	Run server tests with coverage	2026-03-25T15:24:51.4218683Z }
Server Tests	Run server tests with coverage	2026-03-25T15:24:51.4219342Z 
Server Tests	Run server tests with coverage	2026-03-25T15:24:51.4220858Z [90mstdout[2m | server/tests/transcription.test.ts[2m > [22m[2mTranscriptionService[2m > [22m[2mdeduplicates in-flight transcription jobs and persists successful results
Server Tests	Run server tests with coverage	2026-03-25T15:24:51.4223396Z [22m[39m[INFO] [Pipeline] Background post-process completed. { requestId: [32m'internal-stt'[39m, recordingId: [32m'rec_1'[39m }
Server Tests	Run server tests with coverage	2026-03-25T15:24:51.4224252Z 
Server Tests	Run server tests with coverage	2026-03-25T15:24:51.4225778Z [90mstdout[2m | server/tests/transcription.test.ts[2m > [22m[2mTranscriptionService[2m > [22m[2mdeduplicates in-flight transcription jobs and persists successful results
Server Tests	Run server tests with coverage	2026-03-25T15:24:51.4227489Z [22m[39m[RAG] Pomyslnie zindeksowano 1 wektorow na archiwum spotkania.
Server Tests	Run server tests with coverage	2026-03-25T15:24:51.4227993Z 
Server Tests	Run server tests with coverage	2026-03-25T15:24:51.4368477Z [90mstdout[2m | server/tests/routes/media.additional.test.ts[2m > [22m[2mMedia Routes - Additional Coverage[2m > [22m[2mPUT /media/recordings/:recordingId/audio/chunk[2m > [22m[2mreturns 400 when total > 600
Server Tests	Run server tests with coverage	2026-03-25T15:24:51.4371780Z [22m[39m[INFO] [REQ] PUT /media/recordings/rec1/audio/chunk - 400 [0.3ms] {
Server Tests	Run server tests with coverage	2026-03-25T15:24:51.4373099Z   requestId: [32m'7c96c868-b5a7-41f4-a2a4-5ec8ac79ecbc'[39m,
Server Tests	Run server tests with coverage	2026-03-25T15:24:51.4375083Z   method: [32m'PUT'[39m,
Server Tests	Run server tests with coverage	2026-03-25T15:24:51.4375798Z   route: [32m'/media/recordings/rec1/audio/chunk'[39m,
Server Tests	Run server tests with coverage	2026-03-25T15:24:51.4376435Z   status: [33m400[39m,
Server Tests	Run server tests with coverage	2026-03-25T15:24:51.4376957Z   durationMs: [32m'0.26'[39m
Server Tests	Run server tests with coverage	2026-03-25T15:24:51.4377390Z }
Server Tests	Run server tests with coverage	2026-03-25T15:24:51.4385182Z 
Server Tests	Run server tests with coverage	2026-03-25T15:24:51.4546180Z  [32m✓[39m server/tests/routes/workspaces.test.ts [2m([22m[2m5 tests[22m[2m)[22m[32m 116[2mms[22m[39m
Server Tests	Run server tests with coverage	2026-03-25T15:24:51.4603857Z [90mstdout[2m | server/tests/routes/media.additional.test.ts[2m > [22m[2mMedia Routes - Additional Coverage[2m > [22m[2mPUT /media/recordings/:recordingId/audio/chunk[2m > [22m[2mreturns 413 when chunk > 3MB
Server Tests	Run server tests with coverage	2026-03-25T15:24:51.4610560Z [22m[39m[INFO] [REQ] PUT /media/recordings/rec1/audio/chunk - 413 [3.5ms] {
Server Tests	Run server tests with coverage	2026-03-25T15:24:51.4611621Z   requestId: [32m'5c16c249-31a1-4731-88aa-e34998ce96d5'[39m,
Server Tests	Run server tests with coverage	2026-03-25T15:24:51.4612540Z   method: [32m'PUT'[39m,
Server Tests	Run server tests with coverage	2026-03-25T15:24:51.4613209Z   route: [32m'/media/recordings/rec1/audio/chunk'[39m,
Server Tests	Run server tests with coverage	2026-03-25T15:24:51.4613810Z   status: [33m413[39m,
Server Tests	Run server tests with coverage	2026-03-25T15:24:51.4614291Z   durationMs: [32m'3.55'[39m
Server Tests	Run server tests with coverage	2026-03-25T15:24:51.4614674Z }
Server Tests	Run server tests with coverage	2026-03-25T15:24:51.4614837Z 
Server Tests	Run server tests with coverage	2026-03-25T15:24:51.4787406Z [90mstdout[2m | server/tests/routes/media.additional.test.ts[2m > [22m[2mMedia Routes - Additional Coverage[2m > [22m[2mPUT /media/recordings/:recordingId/audio/chunk[2m > [22m[2mreturns 200 and saves chunk when valid
Server Tests	Run server tests with coverage	2026-03-25T15:24:51.4791362Z [22m[39m[INFO] [REQ] PUT /media/recordings/rec1/audio/chunk - 200 [2.7ms] {
Server Tests	Run server tests with coverage	2026-03-25T15:24:51.4793672Z   requestId: [32m'00d540d7-aafb-4f67-a580-af6969cdda40'[39m,
Server Tests	Run server tests with coverage	2026-03-25T15:24:51.4795876Z   method: [32m'PUT'[39m,
Server Tests	Run server tests with coverage	2026-03-25T15:24:51.4798107Z   route: [32m'/media/recordings/rec1/audio/chunk'[39m,
Server Tests	Run server tests with coverage	2026-03-25T15:24:51.4830794Z   status: [33m200[39m,
Server Tests	Run server tests with coverage	2026-03-25T15:24:51.4831388Z   durationMs: [32m'2.68'[39m
Server Tests	Run server tests with coverage	2026-03-25T15:24:51.4832450Z }
Server Tests	Run server tests with coverage	2026-03-25T15:24:51.4832796Z 
Server Tests	Run server tests with coverage	2026-03-25T15:24:51.4990115Z [90mstdout[2m | server/tests/routes/media.additional.test.ts[2m > [22m[2mMedia Routes - Additional Coverage[2m > [22m[2mPOST /media/recordings/:recordingId/audio/finalize[2m > [22m[2mreturns 401 when not authenticated
Server Tests	Run server tests with coverage	2026-03-25T15:24:51.4992661Z [22m[39m[INFO] [REQ] POST /media/recordings/rec1/audio/finalize - 401 [0.2ms] {
Server Tests	Run server tests with coverage	2026-03-25T15:24:51.4993751Z   requestId: [32m'3bf0a710-6e8e-4db4-a1d9-137c48637fd3'[39m,
Server Tests	Run server tests with coverage	2026-03-25T15:24:51.4994505Z   method: [32m'POST'[39m,
Server Tests	Run server tests with coverage	2026-03-25T15:24:51.4995191Z   route: [32m'/media/recordings/rec1/audio/finalize'[39m,
Server Tests	Run server tests with coverage	2026-03-25T15:24:51.4995818Z   status: [33m401[39m,
Server Tests	Run server tests with coverage	2026-03-25T15:24:51.4996324Z   durationMs: [32m'0.17'[39m
Server Tests	Run server tests with coverage	2026-03-25T15:24:51.4997183Z }
Server Tests	Run server tests with coverage	2026-03-25T15:24:51.4997370Z 
Server Tests	Run server tests with coverage	2026-03-25T15:24:51.5096847Z [90mstdout[2m | server/tests/routes/media.additional.test.ts[2m > [22m[2mMedia Routes - Additional Coverage[2m > [22m[2mPOST /media/recordings/:recordingId/audio/finalize[2m > [22m[2mreturns 400 when workspaceId is missing
Server Tests	Run server tests with coverage	2026-03-25T15:24:51.5099530Z [22m[39m[INFO] [REQ] POST /media/recordings/rec1/audio/finalize - 400 [0.5ms] {
Server Tests	Run server tests with coverage	2026-03-25T15:24:51.5100673Z   requestId: [32m'3801dfdf-ced0-438c-983b-cf8b14c4b980'[39m,
Server Tests	Run server tests with coverage	2026-03-25T15:24:51.5101384Z   method: [32m'POST'[39m,
Server Tests	Run server tests with coverage	2026-03-25T15:24:51.5102323Z   route: [32m'/media/recordings/rec1/audio/finalize'[39m,
Server Tests	Run server tests with coverage	2026-03-25T15:24:51.5102995Z   status: [33m400[39m,
Server Tests	Run server tests with coverage	2026-03-25T15:24:51.5103507Z   durationMs: [32m'0.53'[39m
Server Tests	Run server tests with coverage	2026-03-25T15:24:51.5103902Z }
Server Tests	Run server tests with coverage	2026-03-25T15:24:51.5104058Z 
Server Tests	Run server tests with coverage	2026-03-25T15:24:51.5256713Z [90mstdout[2m | server/tests/routes/media.additional.test.ts[2m > [22m[2mMedia Routes - Additional Coverage[2m > [22m[2mPOST /media/recordings/:recordingId/audio/finalize[2m > [22m[2mreturns 400 when total is missing or invalid
Server Tests	Run server tests with coverage	2026-03-25T15:24:51.5258996Z [22m[39m[INFO] [REQ] POST /media/recordings/rec1/audio/finalize - 400 [0.3ms] {
Server Tests	Run server tests with coverage	2026-03-25T15:24:51.5259606Z   requestId: [32m'43c29a9f-4319-47f6-99f1-e2042999d408'[39m,
Server Tests	Run server tests with coverage	2026-03-25T15:24:51.5260044Z   method: [32m'POST'[39m,
Server Tests	Run server tests with coverage	2026-03-25T15:24:51.5260430Z   route: [32m'/media/recordings/rec1/audio/finalize'[39m,
Server Tests	Run server tests with coverage	2026-03-25T15:24:51.5260781Z   status: [33m400[39m,
Server Tests	Run server tests with coverage	2026-03-25T15:24:51.5261056Z   durationMs: [32m'0.34'[39m
Server Tests	Run server tests with coverage	2026-03-25T15:24:51.5261286Z }
Server Tests	Run server tests with coverage	2026-03-25T15:24:51.5261380Z 
Server Tests	Run server tests with coverage	2026-03-25T15:24:51.5479229Z [90mstdout[2m | server/tests/routes/media.additional.test.ts[2m > [22m[2mMedia Routes - Additional Coverage[2m > [22m[2mPOST /media/recordings/:recordingId/audio/finalize[2m > [22m[2mreturns 413 when assembled file > 100MB
Server Tests	Run server tests with coverage	2026-03-25T15:24:51.5493507Z [22m[39m[INFO] [REQ] POST /media/recordings/rec1/audio/finalize - 400 [0.7ms] {
Server Tests	Run server tests with coverage	2026-03-25T15:24:51.5496016Z   requestId: [32m'd2c42f15-8f15-4abf-9791-59bfb231408f'[39m,
Server Tests	Run server tests with coverage	2026-03-25T15:24:51.5498284Z   method: [32m'POST'[39m,
Server Tests	Run server tests with coverage	2026-03-25T15:24:51.5500482Z   route: [32m'/media/recordings/rec1/audio/finalize'[39m,
Server Tests	Run server tests with coverage	2026-03-25T15:24:51.5501583Z   status: [33m400[39m,
Server Tests	Run server tests with coverage	2026-03-25T15:24:51.5503391Z   durationMs: [32m'0.74'[39m
Server Tests	Run server tests with coverage	2026-03-25T15:24:51.5503806Z }
Server Tests	Run server tests with coverage	2026-03-25T15:24:51.5503981Z 
Server Tests	Run server tests with coverage	2026-03-25T15:24:51.6026529Z  [32m✓[39m server/tests/routes/media.additional.test.ts [2m([22m[2m12 tests[22m[2m)[22m[33m 1389[2mms[22m[39m
Server Tests	Run server tests with coverage	2026-03-25T15:24:51.6028930Z        [33m[2m✓[22m[39m returns analysis result when transcription service returns data [33m 1128[2mms[22m[39m
Server Tests	Run server tests with coverage	2026-03-25T15:24:52.1324307Z [90mstdout[2m | server/tests/auth.test.ts[2m > [22m[2mAuthentication Logic (Server Layer)
Server Tests	Run server tests with coverage	2026-03-25T15:24:52.1325675Z [22m[39m[DB] Using local async SQLite Worker at: :memory:
Server Tests	Run server tests with coverage	2026-03-25T15:24:52.1326122Z 
Server Tests	Run server tests with coverage	2026-03-25T15:24:52.2060331Z (node:2588) ExperimentalWarning: SQLite is an experimental feature and might change at any time
Server Tests	Run server tests with coverage	2026-03-25T15:24:52.2061633Z (Use `node --trace-warnings ...` to show where the warning was created)
Server Tests	Run server tests with coverage	2026-03-25T15:24:52.2082460Z [90mstdout[2m | server/tests/auth.test.ts[2m > [22m[2mAuthentication Logic (Server Layer)
Server Tests	Run server tests with coverage	2026-03-25T15:24:52.2083673Z [22m[39m[INFO] Applying migration: 001_initial_schema.sql 
Server Tests	Run server tests with coverage	2026-03-25T15:24:52.2084065Z 
Server Tests	Run server tests with coverage	2026-03-25T15:24:52.2098305Z [90mstdout[2m | server/tests/auth.test.ts[2m > [22m[2mAuthentication Logic (Server Layer)
Server Tests	Run server tests with coverage	2026-03-25T15:24:52.2100024Z [22m[39m[INFO] Applying migration: 002_add_indexes.sql 
Server Tests	Run server tests with coverage	2026-03-25T15:24:52.2101126Z 
Server Tests	Run server tests with coverage	2026-03-25T15:24:52.2114239Z [90mstdout[2m | server/tests/auth.test.ts[2m > [22m[2mAuthentication Logic (Server Layer)
Server Tests	Run server tests with coverage	2026-03-25T15:24:52.2115608Z [22m[39m[INFO] Applying migration: 003_add_missing_indexes.sql 
Server Tests	Run server tests with coverage	2026-03-25T15:24:52.2115919Z 
Server Tests	Run server tests with coverage	2026-03-25T15:24:52.2138620Z [90mstdout[2m | server/tests/auth.test.ts[2m > [22m[2mAuthentication Logic (Server Layer)
Server Tests	Run server tests with coverage	2026-03-25T15:24:52.2143862Z [22m[39m[INFO] Applying migration: 20260320_rag_chunks.sql 
Server Tests	Run server tests with coverage	2026-03-25T15:24:52.2144764Z 
Server Tests	Run server tests with coverage	2026-03-25T15:24:52.2145617Z [90mstdout[2m | server/tests/auth.test.ts[2m > [22m[2mAuthentication Logic (Server Layer)
Server Tests	Run server tests with coverage	2026-03-25T15:24:52.2147311Z [22m[39m[INFO] Applying migration: 20260323_voice_profiles_multi_sample.sql 
Server Tests	Run server tests with coverage	2026-03-25T15:24:52.2147850Z 
Server Tests	Run server tests with coverage	2026-03-25T15:24:52.2662966Z [90mstdout[2m | server/tests/database.test.ts[2m > [22m[2mDatabase (Async Worker SQLite)
Server Tests	Run server tests with coverage	2026-03-25T15:24:52.2664131Z [22m[39m[DB] Using local async SQLite Worker at: :memory:
Server Tests	Run server tests with coverage	2026-03-25T15:24:52.2664528Z 
Server Tests	Run server tests with coverage	2026-03-25T15:24:52.3392844Z (node:2600) ExperimentalWarning: SQLite is an experimental feature and might change at any time
Server Tests	Run server tests with coverage	2026-03-25T15:24:52.3394189Z (Use `node --trace-warnings ...` to show where the warning was created)
Server Tests	Run server tests with coverage	2026-03-25T15:24:52.3414992Z [90mstdout[2m | server/tests/database.test.ts[2m > [22m[2mDatabase (Async Worker SQLite)
Server Tests	Run server tests with coverage	2026-03-25T15:24:52.3416280Z [22m[39m[INFO] Applying migration: 001_initial_schema.sql 
Server Tests	Run server tests with coverage	2026-03-25T15:24:52.3416745Z 
Server Tests	Run server tests with coverage	2026-03-25T15:24:52.3431503Z [90mstdout[2m | server/tests/database.test.ts[2m > [22m[2mDatabase (Async Worker SQLite)
Server Tests	Run server tests with coverage	2026-03-25T15:24:52.3432879Z [22m[39m[INFO] Applying migration: 002_add_indexes.sql 
Server Tests	Run server tests with coverage	2026-03-25T15:24:52.3433271Z 
Server Tests	Run server tests with coverage	2026-03-25T15:24:52.3445215Z [90mstdout[2m | server/tests/database.test.ts[2m > [22m[2mDatabase (Async Worker SQLite)
Server Tests	Run server tests with coverage	2026-03-25T15:24:52.3446640Z [22m[39m[INFO] Applying migration: 003_add_missing_indexes.sql 
Server Tests	Run server tests with coverage	2026-03-25T15:24:52.3447092Z 
Server Tests	Run server tests with coverage	2026-03-25T15:24:52.3471128Z [90mstdout[2m | server/tests/database.test.ts[2m > [22m[2mDatabase (Async Worker SQLite)
Server Tests	Run server tests with coverage	2026-03-25T15:24:52.3472945Z [22m[39m[INFO] Applying migration: 20260320_rag_chunks.sql 
Server Tests	Run server tests with coverage	2026-03-25T15:24:52.3473834Z 
Server Tests	Run server tests with coverage	2026-03-25T15:24:52.3478208Z [90mstdout[2m | server/tests/database.test.ts[2m > [22m[2mDatabase (Async Worker SQLite)
Server Tests	Run server tests with coverage	2026-03-25T15:24:52.3479400Z [22m[39m[INFO] Applying migration: 20260323_voice_profiles_multi_sample.sql 
Server Tests	Run server tests with coverage	2026-03-25T15:24:52.3479893Z 
Server Tests	Run server tests with coverage	2026-03-25T15:24:52.3543594Z [90mstdout[2m | server/tests/database.test.ts[2m > [22m[2mDatabase (Async Worker SQLite)[2m > [22m[2mshould persist data across simulated 'deploys' (process restarts)
Server Tests	Run server tests with coverage	2026-03-25T15:24:52.3546170Z [22m[39m[DB] Using local async SQLite Worker at: /home/runner/work/audioRecorder/audioRecorder/server/tests/test_uploads_db_layer/data.sqlite
Server Tests	Run server tests with coverage	2026-03-25T15:24:52.3547147Z 
Server Tests	Run server tests with coverage	2026-03-25T15:24:52.4059205Z (node:2600) ExperimentalWarning: SQLite is an experimental feature and might change at any time
Server Tests	Run server tests with coverage	2026-03-25T15:24:52.4061468Z (Use `node --trace-warnings ...` to show where the warning was created)
Server Tests	Run server tests with coverage	2026-03-25T15:24:52.4125048Z [90mstdout[2m | server/tests/database.test.ts[2m > [22m[2mDatabase (Async Worker SQLite)[2m > [22m[2mshould persist data across simulated 'deploys' (process restarts)
Server Tests	Run server tests with coverage	2026-03-25T15:24:52.4127066Z [22m[39m[DB] Using local async SQLite Worker at: /home/runner/work/audioRecorder/audioRecorder/server/tests/test_uploads_db_layer/data.sqlite
Server Tests	Run server tests with coverage	2026-03-25T15:24:52.4127650Z 
Server Tests	Run server tests with coverage	2026-03-25T15:24:52.4196165Z [90mstdout[2m | server/tests/transcription.test.ts[2m > [22m[2mTranscriptionService[2m > [22m[2mmarks transcription failure and clears the job map on pipeline error
Server Tests	Run server tests with coverage	2026-03-25T15:24:52.4198556Z [22m[39m[INFO] [Pipeline] Starting transcription job. {
Server Tests	Run server tests with coverage	2026-03-25T15:24:52.4199027Z   requestId: [32m'internal-stt'[39m,
Server Tests	Run server tests with coverage	2026-03-25T15:24:52.4199373Z   recordingId: [32m'rec_2'[39m,
Server Tests	Run server tests with coverage	2026-03-25T15:24:52.4199691Z   processingMode: [32m'fast'[39m
Server Tests	Run server tests with coverage	2026-03-25T15:24:52.4199936Z }
Server Tests	Run server tests with coverage	2026-03-25T15:24:52.4200036Z 
Server Tests	Run server tests with coverage	2026-03-25T15:24:52.4775367Z (node:2600) ExperimentalWarning: SQLite is an experimental feature and might change at any time
Server Tests	Run server tests with coverage	2026-03-25T15:24:52.4785363Z (Use `node --trace-warnings ...` to show where the warning was created)
Server Tests	Run server tests with coverage	2026-03-25T15:24:52.5541456Z  [32m✓[39m server/tests/database.test.ts [2m([22m[2m5 tests[22m[2m)[22m[32m 260[2mms[22m[39m
Server Tests	Run server tests with coverage	2026-03-25T15:24:52.9214140Z [90mstdout[2m | server/tests/transcription.test.ts[2m > [22m[2mTranscriptionService[2m > [22m[2mpersists empty transcript results without marking failure or vectorizing RAG
Server Tests	Run server tests with coverage	2026-03-25T15:24:52.9220709Z [22m[39m[INFO] [Pipeline] Starting transcription job. {
Server Tests	Run server tests with coverage	2026-03-25T15:24:52.9224101Z   requestId: [32m'internal-stt'[39m,
Server Tests	Run server tests with coverage	2026-03-25T15:24:52.9224699Z   recordingId: [32m'rec_empty'[39m,
Server Tests	Run server tests with coverage	2026-03-25T15:24:52.9225249Z   processingMode: [32m'fast'[39m
Server Tests	Run server tests with coverage	2026-03-25T15:24:52.9225638Z }
Server Tests	Run server tests with coverage	2026-03-25T15:24:52.9225787Z 
Server Tests	Run server tests with coverage	2026-03-25T15:24:52.9227275Z [90mstdout[2m | server/tests/transcription.test.ts[2m > [22m[2mTranscriptionService[2m > [22m[2mpersists empty transcript results without marking failure or vectorizing RAG
Server Tests	Run server tests with coverage	2026-03-25T15:24:52.9228827Z [22m[39m[INFO] [Metrics] Pipeline completed successfully. {
Server Tests	Run server tests with coverage	2026-03-25T15:24:52.9229484Z   requestId: [32m'internal-stt'[39m,
Server Tests	Run server tests with coverage	2026-03-25T15:24:52.9230025Z   recordingId: [32m'rec_empty'[39m,
Server Tests	Run server tests with coverage	2026-03-25T15:24:52.9230539Z   durationMs: [32m'0.44'[39m,
Server Tests	Run server tests with coverage	2026-03-25T15:24:52.9230973Z   confidence: [33m0[39m
Server Tests	Run server tests with coverage	2026-03-25T15:24:52.9231316Z }
Server Tests	Run server tests with coverage	2026-03-25T15:24:52.9231468Z 
Server Tests	Run server tests with coverage	2026-03-25T15:24:53.0221482Z  [32m✓[39m server/tests/transcription.test.ts [2m([22m[2m7 tests[22m[2m)[22m[33m 1993[2mms[22m[39m
Server Tests	Run server tests with coverage	2026-03-25T15:24:53.0223352Z      [33m[2m✓[22m[39m falls back to injected audioPipeline and calls transcribeRecording [33m 451[2mms[22m[39m
Server Tests	Run server tests with coverage	2026-03-25T15:24:53.0224834Z      [33m[2m✓[22m[39m deduplicates in-flight transcription jobs and persists successful results [33m 1004[2mms[22m[39m
Server Tests	Run server tests with coverage	2026-03-25T15:24:53.0226260Z      [33m[2m✓[22m[39m marks transcription failure and clears the job map on pipeline error [33m 501[2mms[22m[39m
Server Tests	Run server tests with coverage	2026-03-25T15:24:53.1394640Z  [32m✓[39m server/tests/auth.test.ts [2m([22m[2m13 tests[22m[2m)[22m[33m 985[2mms[22m[39m
Server Tests	Run server tests with coverage	2026-03-25T15:24:53.5675203Z  [32m✓[39m server/tests/config.test.ts [2m([22m[2m6 tests[22m[2m)[22m[32m 199[2mms[22m[39m
Server Tests	Run server tests with coverage	2026-03-25T15:24:53.6083840Z  [32m✓[39m server/tests/logger.test.ts [2m([22m[2m17 tests[22m[2m)[22m[33m 301[2mms[22m[39m
Server Tests	Run server tests with coverage	2026-03-25T15:24:53.6960114Z [90mstdout[2m | server/tests/routes/state.test.ts[2m > [22m[2mState Routes[2m > [22m[2mGET /state/bootstrap - unauthorized without token
Server Tests	Run server tests with coverage	2026-03-25T15:24:53.6963344Z [22m[39m[INFO] [REQ] GET /state/bootstrap - 401 [2.6ms] {
Server Tests	Run server tests with coverage	2026-03-25T15:24:53.6967826Z   requestId: [32m'f49f7552-1bc8-4205-857c-080521053693'[39m,
Server Tests	Run server tests with coverage	2026-03-25T15:24:53.6975654Z   method: [32m'GET'[39m,
Server Tests	Run server tests with coverage	2026-03-25T15:24:53.6976281Z   route: [32m'/state/bootstrap'[39m,
Server Tests	Run server tests with coverage	2026-03-25T15:24:53.6976892Z   status: [33m401[39m,
Server Tests	Run server tests with coverage	2026-03-25T15:24:53.6977451Z   durationMs: [32m'2.63'[39m
Server Tests	Run server tests with coverage	2026-03-25T15:24:53.6977870Z }
Server Tests	Run server tests with coverage	2026-03-25T15:24:53.6978676Z 
Server Tests	Run server tests with coverage	2026-03-25T15:24:53.7042128Z [90mstdout[2m | server/tests/routes/state.test.ts[2m > [22m[2mState Routes[2m > [22m[2mGET /health - returns build metadata without requiring auth
Server Tests	Run server tests with coverage	2026-03-25T15:24:53.7044280Z [22m[39m[INFO] [REQ] GET /health - 200 [0.4ms] {
Server Tests	Run server tests with coverage	2026-03-25T15:24:53.7047386Z   requestId: [32m'd68798b5-66ef-4e18-a3d7-022fa6d71fac'[39m,
Server Tests	Run server tests with coverage	2026-03-25T15:24:53.7049288Z   method: [32m'GET'[39m,
Server Tests	Run server tests with coverage	2026-03-25T15:24:53.7050627Z   route: [32m'/health'[39m,
Server Tests	Run server tests with coverage	2026-03-25T15:24:53.7052390Z   status: [33m200[39m,
Server Tests	Run server tests with coverage	2026-03-25T15:24:53.7054080Z   durationMs: [32m'0.38'[39m
Server Tests	Run server tests with coverage	2026-03-25T15:24:53.7055154Z }
Server Tests	Run server tests with coverage	2026-03-25T15:24:53.7056846Z 
Server Tests	Run server tests with coverage	2026-03-25T15:24:53.7242875Z [90mstdout[2m | server/tests/routes/state.test.ts[2m > [22m[2mState Routes[2m > [22m[2mGET /state/bootstrap - unauthorized response still keeps preview CORS headers
Server Tests	Run server tests with coverage	2026-03-25T15:24:53.7244927Z [22m[39m[INFO] [REQ] GET /state/bootstrap - 401 [0.2ms] {
Server Tests	Run server tests with coverage	2026-03-25T15:24:53.7247627Z   requestId: [32m'128c2cc2-e2fb-44c8-b179-eb1f2bc4c088'[39m,
Server Tests	Run server tests with coverage	2026-03-25T15:24:53.7253028Z   method: [32m'GET'[39m,
Server Tests	Run server tests with coverage	2026-03-25T15:24:53.7255001Z   route: [32m'/state/bootstrap'[39m,
Server Tests	Run server tests with coverage	2026-03-25T15:24:53.7255561Z   status: [33m401[39m,
Server Tests	Run server tests with coverage	2026-03-25T15:24:53.7256084Z   durationMs: [32m'0.18'[39m
Server Tests	Run server tests with coverage	2026-03-25T15:24:53.7256490Z }
Server Tests	Run server tests with coverage	2026-03-25T15:24:53.7256659Z 
Server Tests	Run server tests with coverage	2026-03-25T15:24:53.7294621Z [90mstdout[2m | server/tests/routes/state.test.ts[2m > [22m[2mState Routes[2m > [22m[2mGET /state/bootstrap - success with valid token
Server Tests	Run server tests with coverage	2026-03-25T15:24:53.7296438Z [22m[39m[INFO] [REQ] GET /state/bootstrap - 200 [0.7ms] {
Server Tests	Run server tests with coverage	2026-03-25T15:24:53.7297726Z   requestId: [32m'55e4fed4-2eb8-4339-9b1f-943a3fd2c5b8'[39m,
Server Tests	Run server tests with coverage	2026-03-25T15:24:53.7298419Z   method: [32m'GET'[39m,
Server Tests	Run server tests with coverage	2026-03-25T15:24:53.7298986Z   route: [32m'/state/bootstrap'[39m,
Server Tests	Run server tests with coverage	2026-03-25T15:24:53.7299561Z   status: [33m200[39m,
Server Tests	Run server tests with coverage	2026-03-25T15:24:53.7300124Z   durationMs: [32m'0.73'[39m
Server Tests	Run server tests with coverage	2026-03-25T15:24:53.7300568Z }
Server Tests	Run server tests with coverage	2026-03-25T15:24:53.7304190Z 
Server Tests	Run server tests with coverage	2026-03-25T15:24:53.7405039Z [90mstdout[2m | server/tests/routes/state.test.ts[2m > [22m[2mState Routes[2m > [22m[2mPUT /state/workspaces/:workspaceId - state update
Server Tests	Run server tests with coverage	2026-03-25T15:24:53.7406510Z [22m[39m[INFO] [REQ] PUT /state/workspaces/w123 - 200 [0.8ms] {
Server Tests	Run server tests with coverage	2026-03-25T15:24:53.7407394Z   requestId: [32m'680ae6f2-a202-4bf0-98e6-870913ca4076'[39m,
Server Tests	Run server tests with coverage	2026-03-25T15:24:53.7408021Z   method: [32m'PUT'[39m,
Server Tests	Run server tests with coverage	2026-03-25T15:24:53.7408621Z   route: [32m'/state/workspaces/w123'[39m,
Server Tests	Run server tests with coverage	2026-03-25T15:24:53.7409144Z   status: [33m200[39m,
Server Tests	Run server tests with coverage	2026-03-25T15:24:53.7409627Z   durationMs: [32m'0.77'[39m
Server Tests	Run server tests with coverage	2026-03-25T15:24:53.7410024Z }
Server Tests	Run server tests with coverage	2026-03-25T15:24:53.7465234Z 
Server Tests	Run server tests with coverage	2026-03-25T15:24:53.7535133Z [90mstdout[2m | server/tests/routes/state.test.ts[2m > [22m[2mState Routes[2m > [22m[2mPATCH /state/workspaces/:workspaceId - delta update
Server Tests	Run server tests with coverage	2026-03-25T15:24:53.7537182Z [22m[39m[INFO] [REQ] PATCH /state/workspaces/w123 - 200 [0.7ms] {
Server Tests	Run server tests with coverage	2026-03-25T15:24:53.7538726Z   requestId: [32m'0b7d3199-d85c-4415-bd2b-cadbc0b7315a'[39m,
Server Tests	Run server tests with coverage	2026-03-25T15:24:53.7540150Z   method: [32m'PATCH'[39m,
Server Tests	Run server tests with coverage	2026-03-25T15:24:53.7544123Z   route: [32m'/state/workspaces/w123'[39m,
Server Tests	Run server tests with coverage	2026-03-25T15:24:53.7544714Z   status: [33m200[39m,
Server Tests	Run server tests with coverage	2026-03-25T15:24:53.7545209Z   durationMs: [32m'0.68'[39m
Server Tests	Run server tests with coverage	2026-03-25T15:24:53.7545624Z }
Server Tests	Run server tests with coverage	2026-03-25T15:24:53.7545798Z 
Server Tests	Run server tests with coverage	2026-03-25T15:24:53.8100844Z  [32m✓[39m server/tests/routes/state.test.ts [2m([22m[2m7 tests[22m[2m)[22m[32m 83[2mms[22m[39m
Server Tests	Run server tests with coverage	2026-03-25T15:24:53.8452451Z  [32m✓[39m server/tests/runtime.test.ts [2m([22m[2m17 tests[22m[2m)[22m[32m 18[2mms[22m[39m
Server Tests	Run server tests with coverage	2026-03-25T15:24:54.1015561Z  [32m✓[39m server/tests/dockerfile.test.ts [2m([22m[2m9 tests[22m[2m)[22m[32m 16[2mms[22m[39m
Server Tests	Run server tests with coverage	2026-03-25T15:24:54.4626998Z  [31m❯[39m server/tests/httpClient.test.ts [2m([22m[2m7 tests[22m[2m | [22m[31m1 failed[39m[2m)[22m[32m 111[2mms[22m[39m
Server Tests	Run server tests with coverage	2026-03-25T15:24:54.4632679Z      [32m✓[39m sends FormData without Content-Type header so browser sets boundary[32m 41[2mms[22m[39m
Server Tests	Run server tests with coverage	2026-03-25T15:24:54.4636272Z      [32m✓[39m does not JSON.stringify FormData body[32m 1[2mms[22m[39m
Server Tests	Run server tests with coverage	2026-03-25T15:24:54.4653262Z      [32m✓[39m sets Content-Type application/json for plain object body[32m 1[2mms[22m[39m
Server Tests	Run server tests with coverage	2026-03-25T15:24:54.4656474Z [31m     [31m×[31m retries on network error up to MAX_RETRIES times[39m[32m 8[2mms[22m[39m
Server Tests	Run server tests with coverage	2026-03-25T15:24:54.4659596Z      [32m✓[39m does not retry when internal timeout fires (controller.signal.aborted)[32m 52[2mms[22m[39m
Server Tests	Run server tests with coverage	2026-03-25T15:24:54.4663108Z      [32m✓[39m does not retry when external abort signal is already aborted[32m 4[2mms[22m[39m
Server Tests	Run server tests with coverage	2026-03-25T15:24:54.4666921Z      [32m✓[39m returns response for non-2xx status without retrying[32m 1[2mms[22m[39m
Server Tests	Run server tests with coverage	2026-03-25T15:24:54.8375082Z  [32m✓[39m server/tests/diarization.unit.test.ts [2m([22m[2m9 tests[22m[2m)[22m[32m 16[2mms[22m[39m
Server Tests	Run server tests with coverage	2026-03-25T15:24:54.9907380Z [90mstderr[2m | server/tests/security.test.ts[2m > [22m[2mAPI Security Regression Tests
Server Tests	Run server tests with coverage	2026-03-25T15:24:54.9908564Z [22m[39m
Server Tests	Run server tests with coverage	2026-03-25T15:24:54.9909203Z ❌ Configuration errors:
Server Tests	Run server tests with coverage	2026-03-25T15:24:54.9909592Z 
Server Tests	Run server tests with coverage	2026-03-25T15:24:54.9911512Z   - Missing STT provider API key. Set either OPENAI_API_KEY or GROQ_API_KEY.
Server Tests	Run server tests with coverage	2026-03-25T15:24:54.9912777Z   See .env.example for configuration options.
Server Tests	Run server tests with coverage	2026-03-25T15:24:54.9913298Z 
Server Tests	Run server tests with coverage	2026-03-25T15:24:54.9913771Z Please fix these errors and restart the server.
Server Tests	Run server tests with coverage	2026-03-25T15:24:54.9914643Z 
Server Tests	Run server tests with coverage	2026-03-25T15:24:54.9914659Z 
Server Tests	Run server tests with coverage	2026-03-25T15:24:54.9915012Z ⚠️  Configuration warnings:
Server Tests	Run server tests with coverage	2026-03-25T15:24:54.9915306Z 
Server Tests	Run server tests with coverage	2026-03-25T15:24:54.9915661Z   - Missing HF_TOKEN. Speaker diarization will be disabled.
Server Tests	Run server tests with coverage	2026-03-25T15:24:54.9916770Z   Get a token at: https://huggingface.co/settings/tokens
Server Tests	Run server tests with coverage	2026-03-25T15:24:54.9917221Z 
Server Tests	Run server tests with coverage	2026-03-25T15:24:54.9918033Z [WARN] [Bootstrap] DATABASE_URL nie jest ustawione. Serwer uruchomi sie na lokalnym SQLite z domyslna sciezka. 
Server Tests	Run server tests with coverage	2026-03-25T15:24:54.9918986Z 
Server Tests	Run server tests with coverage	2026-03-25T15:24:55.0018691Z [90mstdout[2m | server/tests/security.test.ts[2m > [22m[2mAPI Security Regression Tests
Server Tests	Run server tests with coverage	2026-03-25T15:24:55.0023789Z [22m[39m[DB] Using local async SQLite Worker at: :memory:
Server Tests	Run server tests with coverage	2026-03-25T15:24:55.0024252Z 
Server Tests	Run server tests with coverage	2026-03-25T15:24:55.0033143Z [90mstderr[2m | server/tests/security.test.ts[2m > [22m[2mAPI Security Regression Tests
Server Tests	Run server tests with coverage	2026-03-25T15:24:55.0035305Z [22m[39m[WARN] [Bootstrap] Unable to check disk space: Error: [vitest] No "statfsSync" export is defined on the "node:fs" mock. Did you forget to return it from "vi.mock"?
Server Tests	Run server tests with coverage	2026-03-25T15:24:55.0037015Z If you need to partially mock a module, you can use "importOriginal" helper inside:
Server Tests	Run server tests with coverage	2026-03-25T15:24:55.0037613Z 
Server Tests	Run server tests with coverage	2026-03-25T15:24:55.0040281Z     at VitestMocker.createError [90m(file:///home/runner/work/audioRecorder/audioRecorder/[39mnode_modules/[4m.pnpm[24m/vitest@4.1.0_@opentelemetry+api@1.9.0_@types+node@25.5.0_jsdom@29.0.1_@noble+hashes@1.8.0__ms_obotgnuzl7sdgya6gqlu2bx5ja/node_modules/[4mvitest[24m/dist/chunks/startVitestModuleRunner.C3ZR-4J3.js:62:17[90m)[39m
Server Tests	Run server tests with coverage	2026-03-25T15:24:55.0045170Z     at Object.get [90m(file:///home/runner/work/audioRecorder/audioRecorder/[39mnode_modules/[4m.pnpm[24m/vitest@4.1.0_@opentelemetry+api@1.9.0_@types+node@25.5.0_jsdom@29.0.1_@noble+hashes@1.8.0__ms_obotgnuzl7sdgya6gqlu2bx5ja/node_modules/[4mvitest[24m/dist/chunks/startVitestModuleRunner.C3ZR-4J3.js:310:16[90m)[39m
Server Tests	Run server tests with coverage	2026-03-25T15:24:55.0047985Z     at bootstrap [90m(/home/runner/work/audioRecorder/audioRecorder/[39mserver/index.ts:63:12[90m)[39m
Server Tests	Run server tests with coverage	2026-03-25T15:24:55.0049469Z [90m    at processTicksAndRejections (node:internal/process/task_queues:103:5)[39m
Server Tests	Run server tests with coverage	2026-03-25T15:24:55.0050830Z     at [90m/home/runner/work/audioRecorder/audioRecorder/[39mserver/tests/security.test.ts:12:28 {
Server Tests	Run server tests with coverage	2026-03-25T15:24:55.0052397Z   codeFrame: [32m'vi.mock(import("node:fs"), async (importOriginal) => {\n'[39m +
Server Tests	Run server tests with coverage	2026-03-25T15:24:55.0053405Z     [32m'  const actual = await importOriginal()\n'[39m +
Server Tests	Run server tests with coverage	2026-03-25T15:24:55.0054105Z     [32m'  return {\n'[39m +
Server Tests	Run server tests with coverage	2026-03-25T15:24:55.0054649Z     [32m'    ...actual,\n'[39m +
Server Tests	Run server tests with coverage	2026-03-25T15:24:55.0055264Z     [32m'    // your mocked methods\n'[39m +
Server Tests	Run server tests with coverage	2026-03-25T15:24:55.0055858Z     [32m'  }\n'[39m +
Server Tests	Run server tests with coverage	2026-03-25T15:24:55.0056289Z     [32m'})'[39m
Server Tests	Run server tests with coverage	2026-03-25T15:24:55.0056628Z }
Server Tests	Run server tests with coverage	2026-03-25T15:24:55.0056796Z 
Server Tests	Run server tests with coverage	2026-03-25T15:24:55.1105374Z (node:2642) ExperimentalWarning: SQLite is an experimental feature and might change at any time
Server Tests	Run server tests with coverage	2026-03-25T15:24:55.1106780Z (Use `node --trace-warnings ...` to show where the warning was created)
Server Tests	Run server tests with coverage	2026-03-25T15:24:55.1133223Z [90mstdout[2m | server/tests/security.test.ts[2m > [22m[2mAPI Security Regression Tests
Server Tests	Run server tests with coverage	2026-03-25T15:24:55.1134441Z [22m[39m[INFO] Applying migration: 001_initial_schema.sql 
Server Tests	Run server tests with coverage	2026-03-25T15:24:55.1134902Z 
Server Tests	Run server tests with coverage	2026-03-25T15:24:55.1158568Z [90mstdout[2m | server/tests/security.test.ts[2m > [22m[2mAPI Security Regression Tests
Server Tests	Run server tests with coverage	2026-03-25T15:24:55.1159875Z [22m[39m[INFO] Applying migration: 002_add_indexes.sql 
Server Tests	Run server tests with coverage	2026-03-25T15:24:55.1161057Z 
Server Tests	Run server tests with coverage	2026-03-25T15:24:55.1184510Z [90mstdout[2m | server/tests/security.test.ts[2m > [22m[2mAPI Security Regression Tests
Server Tests	Run server tests with coverage	2026-03-25T15:24:55.1187192Z [22m[39m[INFO] Applying migration: 003_add_missing_indexes.sql 
Server Tests	Run server tests with coverage	2026-03-25T15:24:55.1189098Z 
Server Tests	Run server tests with coverage	2026-03-25T15:24:55.1197820Z [90mstderr[2m | server/tests/flow/audio-pipeline.test.ts[2m > [22m[2mAudio Pipeline Full Integration Flow[2m > [22m[2mFull scenario: Upload -> Transcribe -> Review Status -> Fallback Failure
Server Tests	Run server tests with coverage	2026-03-25T15:24:55.1202108Z [22m[39m[mediaRoutes] Audio quality analysis failed for rec_flow_1: transcriptionService.analyzeAudioQuality is not a function
Server Tests	Run server tests with coverage	2026-03-25T15:24:55.1207224Z 
Server Tests	Run server tests with coverage	2026-03-25T15:24:55.1211761Z [90mstdout[2m | server/tests/security.test.ts[2m > [22m[2mAPI Security Regression Tests
Server Tests	Run server tests with coverage	2026-03-25T15:24:55.1213844Z [22m[39m[INFO] Applying migration: 20260320_rag_chunks.sql 
Server Tests	Run server tests with coverage	2026-03-25T15:24:55.1217852Z 
Server Tests	Run server tests with coverage	2026-03-25T15:24:55.1220596Z [90mstdout[2m | server/tests/security.test.ts[2m > [22m[2mAPI Security Regression Tests
Server Tests	Run server tests with coverage	2026-03-25T15:24:55.1223689Z [22m[39m[INFO] Applying migration: 20260323_voice_profiles_multi_sample.sql 
Server Tests	Run server tests with coverage	2026-03-25T15:24:55.1226826Z 
Server Tests	Run server tests with coverage	2026-03-25T15:24:55.1230508Z [90mstdout[2m | server/tests/flow/audio-pipeline.test.ts[2m > [22m[2mAudio Pipeline Full Integration Flow[2m > [22m[2mFull scenario: Upload -> Transcribe -> Review Status -> Fallback Failure
Server Tests	Run server tests with coverage	2026-03-25T15:24:55.1233599Z [22m[39m[INFO] [Metrics] Uploaded audio chunk {
Server Tests	Run server tests with coverage	2026-03-25T15:24:55.1238651Z   requestId: [32m'11207e41-6564-41b3-af32-f0ae7171d24a'[39m,
Server Tests	Run server tests with coverage	2026-03-25T15:24:55.1241093Z   recordingId: [32m'rec_flow_1'[39m,
Server Tests	Run server tests with coverage	2026-03-25T15:24:55.1241566Z   sizeBytes: [33m512[39m,
Server Tests	Run server tests with coverage	2026-03-25T15:24:55.1244546Z   durationMs: [32m'5.16'[39m
Server Tests	Run server tests with coverage	2026-03-25T15:24:55.1244913Z }
Server Tests	Run server tests with coverage	2026-03-25T15:24:55.1245061Z 
Server Tests	Run server tests with coverage	2026-03-25T15:24:55.1246569Z [90mstdout[2m | server/tests/flow/audio-pipeline.test.ts[2m > [22m[2mAudio Pipeline Full Integration Flow[2m > [22m[2mFull scenario: Upload -> Transcribe -> Review Status -> Fallback Failure
Server Tests	Run server tests with coverage	2026-03-25T15:24:55.1248152Z [22m[39m[INFO] [REQ] PUT /media/recordings/rec_flow_1/audio - 200 [9.6ms] {
Server Tests	Run server tests with coverage	2026-03-25T15:24:55.1248983Z   requestId: [32m'11207e41-6564-41b3-af32-f0ae7171d24a'[39m,
Server Tests	Run server tests with coverage	2026-03-25T15:24:55.1249553Z   method: [32m'PUT'[39m,
Server Tests	Run server tests with coverage	2026-03-25T15:24:55.1250107Z   route: [32m'/media/recordings/rec_flow_1/audio'[39m,
Server Tests	Run server tests with coverage	2026-03-25T15:24:55.1250616Z   status: [33m200[39m,
Server Tests	Run server tests with coverage	2026-03-25T15:24:55.1251047Z   durationMs: [32m'9.55'[39m
Server Tests	Run server tests with coverage	2026-03-25T15:24:55.1251398Z }
Server Tests	Run server tests with coverage	2026-03-25T15:24:55.1251547Z 
Server Tests	Run server tests with coverage	2026-03-25T15:24:55.1384444Z [90mstdout[2m | server/tests/security.test.ts[2m > [22m[2mAPI Security Regression Tests
Server Tests	Run server tests with coverage	2026-03-25T15:24:55.1388913Z [22m[39m[INFO] [Bootstrap] Initializing TranscriptionService with audioPipeline (object, keys: transcribeRecording, analyzeAudioQuality, preprocessAudio, transcribeLiveChunk, buildAudioPreprocessCacheKey, getPreprocessCachePath, isPreprocessCacheFile, normalizeRecording, extractSpeakerAudioClip, generateVoiceCoaching, analyzeAcousticFeatures, diarizeFromTranscript, analyzeMeetingWithOpenAI, embedTextChunks) 
Server Tests	Run server tests with coverage	2026-03-25T15:24:55.1391816Z 
Server Tests	Run server tests with coverage	2026-03-25T15:24:55.1402757Z [90mstdout[2m | server/tests/flow/audio-pipeline.test.ts[2m > [22m[2mAudio Pipeline Full Integration Flow[2m > [22m[2mFull scenario: Upload -> Transcribe -> Review Status -> Fallback Failure
Server Tests	Run server tests with coverage	2026-03-25T15:24:55.1408024Z [22m[39m[INFO] [REQ] POST /media/recordings/rec_flow_1/transcribe - 202 [1.2ms] {
Server Tests	Run server tests with coverage	2026-03-25T15:24:55.1409080Z   requestId: [32m'2481df67-75a3-40d3-980d-f1528de2370c'[39m,
Server Tests	Run server tests with coverage	2026-03-25T15:24:55.1409826Z   method: [32m'POST'[39m,
Server Tests	Run server tests with coverage	2026-03-25T15:24:55.1410546Z   route: [32m'/media/recordings/rec_flow_1/transcribe'[39m,
Server Tests	Run server tests with coverage	2026-03-25T15:24:55.1412192Z   status: [33m202[39m,
Server Tests	Run server tests with coverage	2026-03-25T15:24:55.1412759Z   durationMs: [32m'1.16'[39m
Server Tests	Run server tests with coverage	2026-03-25T15:24:55.1413163Z }
Server Tests	Run server tests with coverage	2026-03-25T15:24:55.1413335Z 
Server Tests	Run server tests with coverage	2026-03-25T15:24:55.1442633Z [90mstdout[2m | server/tests/flow/audio-pipeline.test.ts[2m > [22m[2mAudio Pipeline Full Integration Flow[2m > [22m[2mFull scenario: Upload -> Transcribe -> Review Status -> Fallback Failure
Server Tests	Run server tests with coverage	2026-03-25T15:24:55.1445488Z [22m[39m[INFO] [REQ] GET /media/recordings/rec_flow_1/transcribe - 200 [0.4ms] {
Server Tests	Run server tests with coverage	2026-03-25T15:24:55.1446469Z   requestId: [32m'b37b3881-ed07-4253-b1fa-d19634c8bfb6'[39m,
Server Tests	Run server tests with coverage	2026-03-25T15:24:55.1447102Z   method: [32m'GET'[39m,
Server Tests	Run server tests with coverage	2026-03-25T15:24:55.1447762Z   route: [32m'/media/recordings/rec_flow_1/transcribe'[39m,
Server Tests	Run server tests with coverage	2026-03-25T15:24:55.1448362Z   status: [33m200[39m,
Server Tests	Run server tests with coverage	2026-03-25T15:24:55.1448833Z   durationMs: [32m'0.37'[39m
Server Tests	Run server tests with coverage	2026-03-25T15:24:55.1449645Z }
Server Tests	Run server tests with coverage	2026-03-25T15:24:55.1449806Z 
Server Tests	Run server tests with coverage	2026-03-25T15:24:55.1486245Z [90mstdout[2m | server/tests/flow/audio-pipeline.test.ts[2m > [22m[2mAudio Pipeline Full Integration Flow[2m > [22m[2mFull scenario: Upload -> Transcribe -> Review Status -> Fallback Failure
Server Tests	Run server tests with coverage	2026-03-25T15:24:55.1489568Z [22m[39m[INFO] [REQ] POST /media/recordings/rec_flow_failed/transcribe - 202 [0.5ms] {
Server Tests	Run server tests with coverage	2026-03-25T15:24:55.1490616Z   requestId: [32m'79488795-67c6-4a20-ac94-4a500832e206'[39m,
Server Tests	Run server tests with coverage	2026-03-25T15:24:55.1491264Z   method: [32m'POST'[39m,
Server Tests	Run server tests with coverage	2026-03-25T15:24:55.1492216Z   route: [32m'/media/recordings/rec_flow_failed/transcribe'[39m,
Server Tests	Run server tests with coverage	2026-03-25T15:24:55.1492904Z   status: [33m202[39m,
Server Tests	Run server tests with coverage	2026-03-25T15:24:55.1493402Z   durationMs: [32m'0.49'[39m
Server Tests	Run server tests with coverage	2026-03-25T15:24:55.1493798Z }
Server Tests	Run server tests with coverage	2026-03-25T15:24:55.1493964Z 
Server Tests	Run server tests with coverage	2026-03-25T15:24:55.1495602Z [90mstdout[2m | server/tests/flow/audio-pipeline.test.ts[2m > [22m[2mAudio Pipeline Full Integration Flow[2m > [22m[2mFull scenario: Upload -> Transcribe -> Review Status -> Fallback Failure
Server Tests	Run server tests with coverage	2026-03-25T15:24:55.1497504Z [22m[39m[INFO] [REQ] GET /media/recordings/rec_flow_failed/transcribe - 200 [0.2ms] {
Server Tests	Run server tests with coverage	2026-03-25T15:24:55.1498515Z   requestId: [32m'ea52d7ad-181d-4c4a-99b2-45c301c7ef05'[39m,
Server Tests	Run server tests with coverage	2026-03-25T15:24:55.1499174Z   method: [32m'GET'[39m,
Server Tests	Run server tests with coverage	2026-03-25T15:24:55.1499871Z   route: [32m'/media/recordings/rec_flow_failed/transcribe'[39m,
Server Tests	Run server tests with coverage	2026-03-25T15:24:55.1500575Z   status: [33m200[39m,
Server Tests	Run server tests with coverage	2026-03-25T15:24:55.1501071Z   durationMs: [32m'0.21'[39m
Server Tests	Run server tests with coverage	2026-03-25T15:24:55.1501466Z }
Server Tests	Run server tests with coverage	2026-03-25T15:24:55.1501631Z 
Server Tests	Run server tests with coverage	2026-03-25T15:24:55.2146960Z  [32m✓[39m server/tests/transcription.helpers.test.ts [2m([22m[2m5 tests[22m[2m)[22m[32m 12[2mms[22m[39m
Server Tests	Run server tests with coverage	2026-03-25T15:24:55.2266243Z  [32m✓[39m server/tests/flow/audio-pipeline.test.ts [2m([22m[2m1 test[22m[2m)[22m[32m 79[2mms[22m[39m
Server Tests	Run server tests with coverage	2026-03-25T15:24:55.2352953Z [90mstdout[2m | server/tests/security.test.ts[2m > [22m[2mAPI Security Regression Tests[2m > [22m[2m[H-01/M-04] POST /voice-profiles - Should reject >1MB JSON Body with 413 (Denial of Service & JSON Bomb)
Server Tests	Run server tests with coverage	2026-03-25T15:24:55.2354665Z [22m[39m[INFO] [REQ] POST /voice-profiles - 413 [15.6ms] {
Server Tests	Run server tests with coverage	2026-03-25T15:24:55.2355465Z   requestId: [32m'14528b68-e9a4-46eb-a265-596d3200e08f'[39m,
Server Tests	Run server tests with coverage	2026-03-25T15:24:55.2356065Z   method: [32m'POST'[39m,
Server Tests	Run server tests with coverage	2026-03-25T15:24:55.2356571Z   route: [32m'/voice-profiles'[39m,
Server Tests	Run server tests with coverage	2026-03-25T15:24:55.2357038Z   status: [33m413[39m,
Server Tests	Run server tests with coverage	2026-03-25T15:24:55.2357456Z   durationMs: [32m'15.58'[39m
Server Tests	Run server tests with coverage	2026-03-25T15:24:55.2357808Z }
Server Tests	Run server tests with coverage	2026-03-25T15:24:55.2357955Z 
Server Tests	Run server tests with coverage	2026-03-25T15:24:55.2474547Z [90mstdout[2m | server/tests/security.test.ts[2m > [22m[2mAPI Security Regression Tests[2m > [22m[2m[H-04] GET /health - Should not leak dbPath or uploadDir (Information Disclosure)
Server Tests	Run server tests with coverage	2026-03-25T15:24:55.2476772Z [22m[39m[INFO] [REQ] GET /health - 200 [0.5ms] {
Server Tests	Run server tests with coverage	2026-03-25T15:24:55.2478980Z   requestId: [32m'367b416a-7a75-4740-b566-2e653713a7dd'[39m,
Server Tests	Run server tests with coverage	2026-03-25T15:24:55.2481194Z   method: [32m'GET'[39m,
Server Tests	Run server tests with coverage	2026-03-25T15:24:55.2484907Z   route: [32m'/health'[39m,
Server Tests	Run server tests with coverage	2026-03-25T15:24:55.2485429Z   status: [33m200[39m,
Server Tests	Run server tests with coverage	2026-03-25T15:24:55.2485907Z   durationMs: [32m'0.50'[39m
Server Tests	Run server tests with coverage	2026-03-25T15:24:55.2486289Z }
Server Tests	Run server tests with coverage	2026-03-25T15:24:55.2486468Z 
Server Tests	Run server tests with coverage	2026-03-25T15:24:55.2527529Z [90mstdout[2m | server/tests/security.test.ts[2m > [22m[2mAPI Security Regression Tests[2m > [22m[2m[M-03] GET /media/recordings/:id/audio - Should fallback Content-Type if invalid (Stored XSS)
Server Tests	Run server tests with coverage	2026-03-25T15:24:55.2532628Z [22m[39m[INFO] [REQ] GET /media/recordings/non_existent_id/audio - 404 [1.0ms] {
Server Tests	Run server tests with coverage	2026-03-25T15:24:55.2533643Z   requestId: [32m'ac8dac36-f22d-4d00-9fbb-58a095706cd4'[39m,
Server Tests	Run server tests with coverage	2026-03-25T15:24:55.2534283Z   method: [32m'GET'[39m,
Server Tests	Run server tests with coverage	2026-03-25T15:24:55.2534940Z   route: [32m'/media/recordings/non_existent_id/audio'[39m,
Server Tests	Run server tests with coverage	2026-03-25T15:24:55.2535563Z   status: [33m404[39m,
Server Tests	Run server tests with coverage	2026-03-25T15:24:55.2536047Z   durationMs: [32m'0.98'[39m
Server Tests	Run server tests with coverage	2026-03-25T15:24:55.2536436Z }
Server Tests	Run server tests with coverage	2026-03-25T15:24:55.2536593Z 
Server Tests	Run server tests with coverage	2026-03-25T15:24:55.2617531Z [90mstdout[2m | server/tests/security.test.ts[2m > [22m[2mAPI Security Regression Tests[2m > [22m[2m[M-06] POST /voice-profiles - Should cap arbitrarily long X-Speaker-Name header (Data Storage Abuse)
Server Tests	Run server tests with coverage	2026-03-25T15:24:55.2621379Z [22m[39m[INFO] [REQ] POST /voice-profiles - 400 [1.3ms] {
Server Tests	Run server tests with coverage	2026-03-25T15:24:55.2623831Z   requestId: [32m'd3ea6a7f-7af8-4b08-b1a9-ce2731c703d6'[39m,
Server Tests	Run server tests with coverage	2026-03-25T15:24:55.2625643Z   method: [32m'POST'[39m,
Server Tests	Run server tests with coverage	2026-03-25T15:24:55.2627359Z   route: [32m'/voice-profiles'[39m,
Server Tests	Run server tests with coverage	2026-03-25T15:24:55.2629070Z   status: [33m400[39m,
Server Tests	Run server tests with coverage	2026-03-25T15:24:55.2630658Z   durationMs: [32m'1.28'[39m
Server Tests	Run server tests with coverage	2026-03-25T15:24:55.2633363Z }
Server Tests	Run server tests with coverage	2026-03-25T15:24:55.2633982Z 
Server Tests	Run server tests with coverage	2026-03-25T15:24:55.2685450Z [90mstdout[2m | server/tests/security.test.ts[2m > [22m[2mAPI Security Regression Tests[2m > [22m[2m[H-02] X-Forwarded-For Spoofing Bypass check
Server Tests	Run server tests with coverage	2026-03-25T15:24:55.2688692Z [22m[39m[INFO] [REQ] POST /auth/login - 400 [3.2ms] {
Server Tests	Run server tests with coverage	2026-03-25T15:24:55.2690269Z   requestId: [32m'82a984fe-a0a1-4672-a307-dd7962b06457'[39m,
Server Tests	Run server tests with coverage	2026-03-25T15:24:55.2692944Z   method: [32m'POST'[39m,
Server Tests	Run server tests with coverage	2026-03-25T15:24:55.2695141Z   route: [32m'/auth/login'[39m,
Server Tests	Run server tests with coverage	2026-03-25T15:24:55.2697060Z   status: [33m400[39m,
Server Tests	Run server tests with coverage	2026-03-25T15:24:55.2699904Z   durationMs: [32m'3.19'[39m
Server Tests	Run server tests with coverage	2026-03-25T15:24:55.2700352Z }
Server Tests	Run server tests with coverage	2026-03-25T15:24:55.2700526Z 
Server Tests	Run server tests with coverage	2026-03-25T15:24:55.3596488Z  [32m✓[39m server/tests/security.test.ts [2m([22m[2m5 tests[22m[2m)[22m[32m 290[2mms[22m[39m
Server Tests	Run server tests with coverage	2026-03-25T15:24:55.4860126Z  [32m✓[39m server/tests/serverUtils.test.ts [2m([22m[2m5 tests[22m[2m)[22m[32m 17[2mms[22m[39m
Server Tests	Run server tests with coverage	2026-03-25T15:24:55.6214257Z  [32m✓[39m server/tests/middleware.test.ts [2m([22m[2m4 tests[22m[2m)[22m[32m 14[2mms[22m[39m
Server Tests	Run server tests with coverage	2026-03-25T15:24:56.4969160Z [90mstdout[2m | server/tests/routes/digest.test.ts[2m > [22m[2mDigest routes[2m > [22m[2mreturns preview mode when SMTP is not configured
Server Tests	Run server tests with coverage	2026-03-25T15:24:56.5008496Z [22m[39m[INFO] [REQ] GET /digest/daily - 200 [36.8ms] {
Server Tests	Run server tests with coverage	2026-03-25T15:24:56.5010983Z   requestId: [32m'b4e281be-8065-45d8-834c-dfa9018bbc41'[39m,
Server Tests	Run server tests with coverage	2026-03-25T15:24:56.5013535Z   method: [32m'GET'[39m,
Server Tests	Run server tests with coverage	2026-03-25T15:24:56.5016579Z   route: [32m'/digest/daily'[39m,
Server Tests	Run server tests with coverage	2026-03-25T15:24:56.5017134Z   status: [33m200[39m,
Server Tests	Run server tests with coverage	2026-03-25T15:24:56.5017685Z   durationMs: [32m'36.76'[39m
Server Tests	Run server tests with coverage	2026-03-25T15:24:56.5018096Z }
Server Tests	Run server tests with coverage	2026-03-25T15:24:56.5018256Z 
Server Tests	Run server tests with coverage	2026-03-25T15:24:56.5456527Z [90mstdout[2m | server/tests/routes/digest.test.ts[2m > [22m[2mDigest routes[2m > [22m[2msends digest email when SMTP is configured
Server Tests	Run server tests with coverage	2026-03-25T15:24:56.5458815Z [22m[39m[INFO] [REQ] GET /digest/daily - 200 [1.1ms] {
Server Tests	Run server tests with coverage	2026-03-25T15:24:56.5459335Z   requestId: [32m'6de5314d-8695-4692-9dfc-f11ccd5a0036'[39m,
Server Tests	Run server tests with coverage	2026-03-25T15:24:56.5459710Z   method: [32m'GET'[39m,
Server Tests	Run server tests with coverage	2026-03-25T15:24:56.5460012Z   route: [32m'/digest/daily'[39m,
Server Tests	Run server tests with coverage	2026-03-25T15:24:56.5460292Z   status: [33m200[39m,
Server Tests	Run server tests with coverage	2026-03-25T15:24:56.5460581Z   durationMs: [32m'1.08'[39m
Server Tests	Run server tests with coverage	2026-03-25T15:24:56.5460813Z }
Server Tests	Run server tests with coverage	2026-03-25T15:24:56.5460908Z 
Server Tests	Run server tests with coverage	2026-03-25T15:24:56.6164830Z  [32m✓[39m server/tests/routes/digest.test.ts [2m([22m[2m2 tests[22m[2m)[22m[33m 1141[2mms[22m[39m
Server Tests	Run server tests with coverage	2026-03-25T15:24:56.6168097Z      [33m[2m✓[22m[39m returns preview mode when SMTP is not configured [33m 1091[2mms[22m[39m
Server Tests	Run server tests with coverage	2026-03-25T15:24:56.7818314Z [90mstdout[2m | server/tests/security/payload.test.ts[2m > [22m[2mSecurity & Payload Limits[2m > [22m[2mGET /media/recordings/.../audio - 401 Unauthorized without token
Server Tests	Run server tests with coverage	2026-03-25T15:24:56.7819880Z [22m[39m[INFO] [REQ] GET /media/recordings/ignored/audio - 401 [3.8ms] {
Server Tests	Run server tests with coverage	2026-03-25T15:24:56.7820713Z   requestId: [32m'71151743-5e88-4c0c-9757-bd9c82c645a6'[39m,
Server Tests	Run server tests with coverage	2026-03-25T15:24:56.7821279Z   method: [32m'GET'[39m,
Server Tests	Run server tests with coverage	2026-03-25T15:24:56.7822066Z   route: [32m'/media/recordings/ignored/audio'[39m,
Server Tests	Run server tests with coverage	2026-03-25T15:24:56.7822628Z   status: [33m401[39m,
Server Tests	Run server tests with coverage	2026-03-25T15:24:56.7823079Z   durationMs: [32m'3.75'[39m
Server Tests	Run server tests with coverage	2026-03-25T15:24:56.7823435Z }
Server Tests	Run server tests with coverage	2026-03-25T15:24:56.7839906Z 
Server Tests	Run server tests with coverage	2026-03-25T15:24:56.8133059Z [90mstdout[2m | server/tests/security/payload.test.ts[2m > [22m[2mSecurity & Payload Limits[2m > [22m[2mGET /voice-profiles - 401 Unauthorized without token
Server Tests	Run server tests with coverage	2026-03-25T15:24:56.8136847Z [22m[39m[INFO] [REQ] GET /voice-profiles - 401 [0.4ms] {
Server Tests	Run server tests with coverage	2026-03-25T15:24:56.8139420Z   requestId: [32m'f521e6c1-84a0-47d6-a3c3-b908e0bb9601'[39m,
Server Tests	Run server tests with coverage	2026-03-25T15:24:56.8140068Z   method: [32m'GET'[39m,
Server Tests	Run server tests with coverage	2026-03-25T15:24:56.8140616Z   route: [32m'/voice-profiles'[39m,
Server Tests	Run server tests with coverage	2026-03-25T15:24:56.8141158Z   status: [33m401[39m,
Server Tests	Run server tests with coverage	2026-03-25T15:24:56.8141678Z   durationMs: [32m'0.36'[39m
Server Tests	Run server tests with coverage	2026-03-25T15:24:56.8142378Z }
Server Tests	Run server tests with coverage	2026-03-25T15:24:56.8142564Z 
Server Tests	Run server tests with coverage	2026-03-25T15:24:56.8296235Z [90mstdout[2m | server/tests/security/payload.test.ts[2m > [22m[2mSecurity & Payload Limits[2m > [22m[2mPOST /voice-profiles - 413 Payload Too Large if > 1MB
Server Tests	Run server tests with coverage	2026-03-25T15:24:56.8299177Z [22m[39m[INFO] [REQ] POST /voice-profiles - 413 [6.2ms] {
Server Tests	Run server tests with coverage	2026-03-25T15:24:56.8301450Z   requestId: [32m'17708510-51dd-4400-87c3-375e9a32b3be'[39m,
Server Tests	Run server tests with coverage	2026-03-25T15:24:56.8303072Z   method: [32m'POST'[39m,
Server Tests	Run server tests with coverage	2026-03-25T15:24:56.8304314Z   route: [32m'/voice-profiles'[39m,
Server Tests	Run server tests with coverage	2026-03-25T15:24:56.8305614Z   status: [33m413[39m,
Server Tests	Run server tests with coverage	2026-03-25T15:24:56.8306285Z   durationMs: [32m'6.22'[39m
Server Tests	Run server tests with coverage	2026-03-25T15:24:56.8306805Z }
Server Tests	Run server tests with coverage	2026-03-25T15:24:56.8309082Z 
Server Tests	Run server tests with coverage	2026-03-25T15:24:56.9471633Z [90mstdout[2m | server/tests/security/payload.test.ts[2m > [22m[2mSecurity & Payload Limits[2m > [22m[2mPUT /media/recordings/:id/audio - 413 Payload Too Large if > 100MB
Server Tests	Run server tests with coverage	2026-03-25T15:24:56.9475072Z [22m[39m[INFO] [REQ] PUT /media/recordings/test_rec/audio - 413 [60.7ms] {
Server Tests	Run server tests with coverage	2026-03-25T15:24:56.9477364Z   requestId: [32m'72b739e8-20c9-436c-925b-353c016686bc'[39m,
Server Tests	Run server tests with coverage	2026-03-25T15:24:56.9479283Z   method: [32m'PUT'[39m,
Server Tests	Run server tests with coverage	2026-03-25T15:24:56.9481177Z   route: [32m'/media/recordings/test_rec/audio'[39m,
Server Tests	Run server tests with coverage	2026-03-25T15:24:56.9483454Z   status: [33m413[39m,
Server Tests	Run server tests with coverage	2026-03-25T15:24:56.9485434Z   durationMs: [32m'60.67'[39m
Server Tests	Run server tests with coverage	2026-03-25T15:24:56.9487054Z }
Server Tests	Run server tests with coverage	2026-03-25T15:24:56.9488450Z 
Server Tests	Run server tests with coverage	2026-03-25T15:24:56.9585057Z [90mstdout[2m | server/tests/routes/voice-profiles.test.ts[2m > [22m[2mVoice Profiles Routes[2m > [22m[2mGET /voice-profiles - happy path
Server Tests	Run server tests with coverage	2026-03-25T15:24:56.9588351Z [22m[39m[INFO] [REQ] GET /voice-profiles - 200 [4.0ms] {
Server Tests	Run server tests with coverage	2026-03-25T15:24:56.9591085Z   requestId: [32m'b3e7cc4f-93ba-4c22-a813-a39d19bf806b'[39m,
Server Tests	Run server tests with coverage	2026-03-25T15:24:56.9593623Z   method: [32m'GET'[39m,
Server Tests	Run server tests with coverage	2026-03-25T15:24:56.9594871Z   route: [32m'/voice-profiles'[39m,
Server Tests	Run server tests with coverage	2026-03-25T15:24:56.9598052Z   status: [33m200[39m,
Server Tests	Run server tests with coverage	2026-03-25T15:24:56.9599696Z   durationMs: [32m'4.00'[39m
Server Tests	Run server tests with coverage	2026-03-25T15:24:56.9600144Z }
Server Tests	Run server tests with coverage	2026-03-25T15:24:56.9600337Z 
Server Tests	Run server tests with coverage	2026-03-25T15:24:56.9602127Z [90mstdout[2m | server/tests/security/payload.test.ts[2m > [22m[2mSecurity & Payload Limits[2m > [22m[2mPOST /auth/login - 422 (or 400) when passing bad JSON/Content-Type
Server Tests	Run server tests with coverage	2026-03-25T15:24:56.9603765Z [22m[39m[INFO] [REQ] POST /auth/login - 400 [2.0ms] {
Server Tests	Run server tests with coverage	2026-03-25T15:24:56.9604683Z   requestId: [32m'91c57ca8-85c2-4c3d-abff-a0a2d0394900'[39m,
Server Tests	Run server tests with coverage	2026-03-25T15:24:56.9605450Z   method: [32m'POST'[39m,
Server Tests	Run server tests with coverage	2026-03-25T15:24:56.9606047Z   route: [32m'/auth/login'[39m,
Server Tests	Run server tests with coverage	2026-03-25T15:24:56.9606565Z   status: [33m400[39m,
Server Tests	Run server tests with coverage	2026-03-25T15:24:56.9607098Z   durationMs: [32m'2.05'[39m
Server Tests	Run server tests with coverage	2026-03-25T15:24:56.9607538Z }
Server Tests	Run server tests with coverage	2026-03-25T15:24:56.9607717Z 
Server Tests	Run server tests with coverage	2026-03-25T15:24:56.9678049Z [90mstdout[2m | server/tests/security/payload.test.ts[2m > [22m[2mSecurity & Payload Limits[2m > [22m[2mPOST /auth/login - 422 Unprocessable Entity passing missing required fields
Server Tests	Run server tests with coverage	2026-03-25T15:24:56.9682701Z [22m[39m[INFO] [REQ] POST /auth/login - 400 [1.1ms] {
Server Tests	Run server tests with coverage	2026-03-25T15:24:56.9683379Z   requestId: [32m'26872d2d-c75d-4f4f-8f2d-070a2959bea3'[39m,
Server Tests	Run server tests with coverage	2026-03-25T15:24:56.9683930Z   method: [32m'POST'[39m,
Server Tests	Run server tests with coverage	2026-03-25T15:24:56.9684383Z   route: [32m'/auth/login'[39m,
Server Tests	Run server tests with coverage	2026-03-25T15:24:56.9684787Z   status: [33m400[39m,
Server Tests	Run server tests with coverage	2026-03-25T15:24:56.9685206Z   durationMs: [32m'1.13'[39m
Server Tests	Run server tests with coverage	2026-03-25T15:24:56.9685521Z }
Server Tests	Run server tests with coverage	2026-03-25T15:24:56.9685653Z 
Server Tests	Run server tests with coverage	2026-03-25T15:24:56.9765165Z [90mstdout[2m | server/tests/security/payload.test.ts[2m > [22m[2mSecurity & Payload Limits[2m > [22m[2mPOST /auth/login - 429 Too Many Requests after exceeding limit
Server Tests	Run server tests with coverage	2026-03-25T15:24:56.9770472Z [22m[39m[INFO] [REQ] POST /auth/login - 200 [0.8ms] {
Server Tests	Run server tests with coverage	2026-03-25T15:24:56.9771553Z   requestId: [32m'8c316422-81ad-4b0c-92f0-33b45e9adc4d'[39m,
Server Tests	Run server tests with coverage	2026-03-25T15:24:56.9772655Z   method: [32m'POST'[39m,
Server Tests	Run server tests with coverage	2026-03-25T15:24:56.9773141Z   route: [32m'/auth/login'[39m,
Server Tests	Run server tests with coverage	2026-03-25T15:24:56.9773602Z   status: [33m200[39m,
Server Tests	Run server tests with coverage	2026-03-25T15:24:56.9774060Z   durationMs: [32m'0.83'[39m
Server Tests	Run server tests with coverage	2026-03-25T15:24:56.9774437Z }
Server Tests	Run server tests with coverage	2026-03-25T15:24:56.9774594Z 
Server Tests	Run server tests with coverage	2026-03-25T15:24:56.9786147Z [90mstdout[2m | server/tests/security/payload.test.ts[2m > [22m[2mSecurity & Payload Limits[2m > [22m[2mPOST /auth/login - 429 Too Many Requests after exceeding limit
Server Tests	Run server tests with coverage	2026-03-25T15:24:56.9787631Z [22m[39m[INFO] [REQ] POST /auth/login - 200 [0.4ms] {
Server Tests	Run server tests with coverage	2026-03-25T15:24:56.9788450Z   requestId: [32m'79ca2200-380b-466c-a52a-e4c5ee80309f'[39m,
Server Tests	Run server tests with coverage	2026-03-25T15:24:56.9789121Z   method: [32m'POST'[39m,
Server Tests	Run server tests with coverage	2026-03-25T15:24:56.9789676Z   route: [32m'/auth/login'[39m,
Server Tests	Run server tests with coverage	2026-03-25T15:24:56.9790154Z   status: [33m200[39m,
Server Tests	Run server tests with coverage	2026-03-25T15:24:56.9790673Z   durationMs: [32m'0.43'[39m
Server Tests	Run server tests with coverage	2026-03-25T15:24:56.9791072Z }
Server Tests	Run server tests with coverage	2026-03-25T15:24:56.9791231Z 
Server Tests	Run server tests with coverage	2026-03-25T15:24:56.9797874Z [90mstdout[2m | server/tests/security/payload.test.ts[2m > [22m[2mSecurity & Payload Limits[2m > [22m[2mPOST /auth/login - 429 Too Many Requests after exceeding limit
Server Tests	Run server tests with coverage	2026-03-25T15:24:56.9799378Z [22m[39m[INFO] [REQ] POST /auth/login - 200 [0.3ms] {
Server Tests	Run server tests with coverage	2026-03-25T15:24:56.9800193Z   requestId: [32m'b983a9b8-314a-448b-8114-17b987c4586d'[39m,
Server Tests	Run server tests with coverage	2026-03-25T15:24:56.9800832Z   method: [32m'POST'[39m,
Server Tests	Run server tests with coverage	2026-03-25T15:24:56.9801356Z   route: [32m'/auth/login'[39m,
Server Tests	Run server tests with coverage	2026-03-25T15:24:56.9802112Z   status: [33m200[39m,
Server Tests	Run server tests with coverage	2026-03-25T15:24:56.9802662Z   durationMs: [32m'0.33'[39m
Server Tests	Run server tests with coverage	2026-03-25T15:24:56.9803055Z }
Server Tests	Run server tests with coverage	2026-03-25T15:24:56.9803212Z 
Server Tests	Run server tests with coverage	2026-03-25T15:24:56.9815356Z [90mstdout[2m | server/tests/security/payload.test.ts[2m > [22m[2mSecurity & Payload Limits[2m > [22m[2mPOST /auth/login - 429 Too Many Requests after exceeding limit
Server Tests	Run server tests with coverage	2026-03-25T15:24:56.9819433Z [22m[39m[INFO] [REQ] POST /auth/login - 200 [0.4ms] {
Server Tests	Run server tests with coverage	2026-03-25T15:24:56.9820346Z   requestId: [32m'f07249bc-518b-4f6e-a602-44f8c069cd8f'[39m,
Server Tests	Run server tests with coverage	2026-03-25T15:24:56.9820996Z   method: [32m'POST'[39m,
Server Tests	Run server tests with coverage	2026-03-25T15:24:56.9821515Z   route: [32m'/auth/login'[39m,
Server Tests	Run server tests with coverage	2026-03-25T15:24:56.9822299Z   status: [33m200[39m,
Server Tests	Run server tests with coverage	2026-03-25T15:24:56.9822799Z   durationMs: [32m'0.37'[39m
Server Tests	Run server tests with coverage	2026-03-25T15:24:56.9823192Z }
Server Tests	Run server tests with coverage	2026-03-25T15:24:56.9823365Z 
Server Tests	Run server tests with coverage	2026-03-25T15:24:56.9824816Z [90mstdout[2m | server/tests/security/payload.test.ts[2m > [22m[2mSecurity & Payload Limits[2m > [22m[2mPOST /auth/login - 429 Too Many Requests after exceeding limit
Server Tests	Run server tests with coverage	2026-03-25T15:24:56.9826270Z [22m[39m[INFO] [REQ] POST /auth/login - 200 [0.6ms] {
Server Tests	Run server tests with coverage	2026-03-25T15:24:56.9827090Z   requestId: [32m'bb3aee53-3763-4cf3-8dc6-aa3f3a7775fe'[39m,
Server Tests	Run server tests with coverage	2026-03-25T15:24:56.9827725Z   method: [32m'POST'[39m,
Server Tests	Run server tests with coverage	2026-03-25T15:24:56.9828236Z   route: [32m'/auth/login'[39m,
Server Tests	Run server tests with coverage	2026-03-25T15:24:56.9828726Z   status: [33m200[39m,
Server Tests	Run server tests with coverage	2026-03-25T15:24:56.9843508Z   durationMs: [32m'0.64'[39m
Server Tests	Run server tests with coverage	2026-03-25T15:24:56.9843942Z }
Server Tests	Run server tests with coverage	2026-03-25T15:24:56.9844130Z 
Server Tests	Run server tests with coverage	2026-03-25T15:24:56.9845613Z [90mstdout[2m | server/tests/security/payload.test.ts[2m > [22m[2mSecurity & Payload Limits[2m > [22m[2mPOST /auth/login - 429 Too Many Requests after exceeding limit
Server Tests	Run server tests with coverage	2026-03-25T15:24:56.9847052Z [22m[39m[INFO] [REQ] POST /auth/login - 200 [0.4ms] {
Server Tests	Run server tests with coverage	2026-03-25T15:24:56.9847860Z   requestId: [32m'bf66fbf7-55fe-4a60-876e-33988b20d282'[39m,
Server Tests	Run server tests with coverage	2026-03-25T15:24:56.9848455Z   method: [32m'POST'[39m,
Server Tests	Run server tests with coverage	2026-03-25T15:24:56.9848994Z   route: [32m'/auth/login'[39m,
Server Tests	Run server tests with coverage	2026-03-25T15:24:56.9849485Z   status: [33m200[39m,
Server Tests	Run server tests with coverage	2026-03-25T15:24:56.9850037Z   durationMs: [32m'0.35'[39m
Server Tests	Run server tests with coverage	2026-03-25T15:24:56.9850488Z }
Server Tests	Run server tests with coverage	2026-03-25T15:24:56.9850681Z 
Server Tests	Run server tests with coverage	2026-03-25T15:24:56.9852414Z [90mstdout[2m | server/tests/security/payload.test.ts[2m > [22m[2mSecurity & Payload Limits[2m > [22m[2mPOST /auth/login - 429 Too Many Requests after exceeding limit
Server Tests	Run server tests with coverage	2026-03-25T15:24:56.9854649Z [22m[39m[INFO] [REQ] POST /auth/login - 200 [0.3ms] {
Server Tests	Run server tests with coverage	2026-03-25T15:24:56.9855509Z   requestId: [32m'f9c0b269-c95a-4b42-b4b9-b4a044211b00'[39m,
Server Tests	Run server tests with coverage	2026-03-25T15:24:56.9856426Z   method: [32m'POST'[39m,
Server Tests	Run server tests with coverage	2026-03-25T15:24:56.9856945Z   route: [32m'/auth/login'[39m,
Server Tests	Run server tests with coverage	2026-03-25T15:24:56.9857436Z   status: [33m200[39m,
Server Tests	Run server tests with coverage	2026-03-25T15:24:56.9857926Z   durationMs: [32m'0.30'[39m
Server Tests	Run server tests with coverage	2026-03-25T15:24:56.9858311Z }
Server Tests	Run server tests with coverage	2026-03-25T15:24:56.9858473Z 
Server Tests	Run server tests with coverage	2026-03-25T15:24:56.9865158Z [90mstdout[2m | server/tests/security/payload.test.ts[2m > [22m[2mSecurity & Payload Limits[2m > [22m[2mPOST /auth/login - 429 Too Many Requests after exceeding limit
Server Tests	Run server tests with coverage	2026-03-25T15:24:56.9866732Z [22m[39m[INFO] [REQ] POST /auth/login - 200 [0.4ms] {
Server Tests	Run server tests with coverage	2026-03-25T15:24:56.9868849Z   requestId: [32m'c56c5a9e-b8fc-4b6b-8b28-9a0b8487728a'[39m,
Server Tests	Run server tests with coverage	2026-03-25T15:24:56.9869953Z   method: [32m'POST'[39m,
Server Tests	Run server tests with coverage	2026-03-25T15:24:56.9870618Z   route: [32m'/auth/login'[39m,
Server Tests	Run server tests with coverage	2026-03-25T15:24:56.9871285Z   status: [33m200[39m,
Server Tests	Run server tests with coverage	2026-03-25T15:24:56.9872518Z   durationMs: [32m'0.39'[39m
Server Tests	Run server tests with coverage	2026-03-25T15:24:56.9873061Z }
Server Tests	Run server tests with coverage	2026-03-25T15:24:56.9873282Z 
Server Tests	Run server tests with coverage	2026-03-25T15:24:56.9874814Z [90mstdout[2m | server/tests/routes/voice-profiles.test.ts[2m > [22m[2mVoice Profiles Routes[2m > [22m[2mPOST /voice-profiles - fails when X-Speaker-Name is missing
Server Tests	Run server tests with coverage	2026-03-25T15:24:56.9876419Z [22m[39m[INFO] [REQ] POST /voice-profiles - 400 [1.0ms] {
Server Tests	Run server tests with coverage	2026-03-25T15:24:56.9877419Z   requestId: [32m'6491d1cb-fb74-4d00-9617-eb608e59611f'[39m,
Server Tests	Run server tests with coverage	2026-03-25T15:24:56.9878333Z   method: [32m'POST'[39m,
Server Tests	Run server tests with coverage	2026-03-25T15:24:56.9882129Z   route: [32m'/voice-profiles'[39m,
Server Tests	Run server tests with coverage	2026-03-25T15:24:56.9898529Z   status: [33m400[39m,
Server Tests	Run server tests with coverage	2026-03-25T15:24:56.9911721Z   durationMs: [32m'0.95'[39m
Server Tests	Run server tests with coverage	2026-03-25T15:24:56.9912583Z }
Server Tests	Run server tests with coverage	2026-03-25T15:24:56.9912762Z 
Server Tests	Run server tests with coverage	2026-03-25T15:24:56.9919787Z [90mstdout[2m | server/tests/security/payload.test.ts[2m > [22m[2mSecurity & Payload Limits[2m > [22m[2mPOST /auth/login - 429 Too Many Requests after exceeding limit
Server Tests	Run server tests with coverage	2026-03-25T15:24:56.9921351Z [22m[39m[INFO] [REQ] POST /auth/login - 200 [0.4ms] {
Server Tests	Run server tests with coverage	2026-03-25T15:24:56.9922482Z   requestId: [32m'7952f864-5a52-4ff6-9a23-f56581d4f25d'[39m,
Server Tests	Run server tests with coverage	2026-03-25T15:24:56.9923154Z   method: [32m'POST'[39m,
Server Tests	Run server tests with coverage	2026-03-25T15:24:56.9923685Z   route: [32m'/auth/login'[39m,
Server Tests	Run server tests with coverage	2026-03-25T15:24:56.9925692Z   status: [33m200[39m,
Server Tests	Run server tests with coverage	2026-03-25T15:24:56.9926252Z   durationMs: [32m'0.36'[39m
Server Tests	Run server tests with coverage	2026-03-25T15:24:56.9926640Z }
Server Tests	Run server tests with coverage	2026-03-25T15:24:56.9926795Z 
Server Tests	Run server tests with coverage	2026-03-25T15:24:56.9928241Z [90mstdout[2m | server/tests/security/payload.test.ts[2m > [22m[2mSecurity & Payload Limits[2m > [22m[2mPOST /auth/login - 429 Too Many Requests after exceeding limit
Server Tests	Run server tests with coverage	2026-03-25T15:24:56.9929686Z [22m[39m[INFO] [REQ] POST /auth/login - 200 [0.3ms] {
Server Tests	Run server tests with coverage	2026-03-25T15:24:56.9930475Z   requestId: [32m'12045072-bd38-42ce-b172-8ea1e9726129'[39m,
Server Tests	Run server tests with coverage	2026-03-25T15:24:56.9931074Z   method: [32m'POST'[39m,
Server Tests	Run server tests with coverage	2026-03-25T15:24:56.9931568Z   route: [32m'/auth/login'[39m,
Server Tests	Run server tests with coverage	2026-03-25T15:24:56.9932408Z   status: [33m200[39m,
Server Tests	Run server tests with coverage	2026-03-25T15:24:56.9932905Z   durationMs: [32m'0.32'[39m
Server Tests	Run server tests with coverage	2026-03-25T15:24:56.9933280Z }
Server Tests	Run server tests with coverage	2026-03-25T15:24:56.9933442Z 
Server Tests	Run server tests with coverage	2026-03-25T15:24:56.9934865Z [90mstdout[2m | server/tests/security/payload.test.ts[2m > [22m[2mSecurity & Payload Limits[2m > [22m[2mPOST /auth/login - 429 Too Many Requests after exceeding limit
Server Tests	Run server tests with coverage	2026-03-25T15:24:56.9936317Z [22m[39m[INFO] [REQ] POST /auth/login - 200 [0.3ms] {
Server Tests	Run server tests with coverage	2026-03-25T15:24:56.9939949Z   requestId: [32m'7d53fe29-0844-4ff4-b4bb-dc3f9e374e95'[39m,
Server Tests	Run server tests with coverage	2026-03-25T15:24:56.9940677Z   method: [32m'POST'[39m,
Server Tests	Run server tests with coverage	2026-03-25T15:24:56.9941194Z   route: [32m'/auth/login'[39m,
Server Tests	Run server tests with coverage	2026-03-25T15:24:56.9941677Z   status: [33m200[39m,
Server Tests	Run server tests with coverage	2026-03-25T15:24:56.9942474Z   durationMs: [32m'0.34'[39m
Server Tests	Run server tests with coverage	2026-03-25T15:24:56.9942873Z }
Server Tests	Run server tests with coverage	2026-03-25T15:24:56.9943034Z 
Server Tests	Run server tests with coverage	2026-03-25T15:24:56.9944456Z [90mstdout[2m | server/tests/security/payload.test.ts[2m > [22m[2mSecurity & Payload Limits[2m > [22m[2mPOST /auth/login - 429 Too Many Requests after exceeding limit
Server Tests	Run server tests with coverage	2026-03-25T15:24:56.9946280Z [22m[39m[INFO] [REQ] POST /auth/login - 200 [0.3ms] {
Server Tests	Run server tests with coverage	2026-03-25T15:24:56.9947098Z   requestId: [32m'1b9c6abd-6d4d-4b1a-afc6-57ee948c890f'[39m,
Server Tests	Run server tests with coverage	2026-03-25T15:24:56.9947960Z   method: [32m'POST'[39m,
Server Tests	Run server tests with coverage	2026-03-25T15:24:56.9949915Z   route: [32m'/auth/login'[39m,
Server Tests	Run server tests with coverage	2026-03-25T15:24:56.9950440Z   status: [33m200[39m,
Server Tests	Run server tests with coverage	2026-03-25T15:24:56.9950935Z   durationMs: [32m'0.34'[39m
Server Tests	Run server tests with coverage	2026-03-25T15:24:56.9951327Z }
Server Tests	Run server tests with coverage	2026-03-25T15:24:56.9951486Z 
Server Tests	Run server tests with coverage	2026-03-25T15:24:56.9953129Z [90mstdout[2m | server/tests/security/payload.test.ts[2m > [22m[2mSecurity & Payload Limits[2m > [22m[2mPOST /auth/login - 429 Too Many Requests after exceeding limit
Server Tests	Run server tests with coverage	2026-03-25T15:24:56.9954658Z [22m[39m[INFO] [REQ] POST /auth/login - 200 [0.4ms] {
Server Tests	Run server tests with coverage	2026-03-25T15:24:56.9955524Z   requestId: [32m'0e43d6e4-46f4-4adf-881b-773acd03d23c'[39m,
Server Tests	Run server tests with coverage	2026-03-25T15:24:56.9956200Z   method: [32m'POST'[39m,
Server Tests	Run server tests with coverage	2026-03-25T15:24:56.9956803Z   route: [32m'/auth/login'[39m,
Server Tests	Run server tests with coverage	2026-03-25T15:24:56.9957314Z   status: [33m200[39m,
Server Tests	Run server tests with coverage	2026-03-25T15:24:56.9957832Z   durationMs: [32m'0.36'[39m
Server Tests	Run server tests with coverage	2026-03-25T15:24:56.9958255Z }
Server Tests	Run server tests with coverage	2026-03-25T15:24:56.9958438Z 
Server Tests	Run server tests with coverage	2026-03-25T15:24:56.9959882Z [90mstdout[2m | server/tests/security/payload.test.ts[2m > [22m[2mSecurity & Payload Limits[2m > [22m[2mPOST /auth/login - 429 Too Many Requests after exceeding limit
Server Tests	Run server tests with coverage	2026-03-25T15:24:56.9964027Z [22m[39m[INFO] [REQ] POST /auth/login - 200 [0.3ms] {
Server Tests	Run server tests with coverage	2026-03-25T15:24:56.9964916Z   requestId: [32m'9d051a5b-27a0-4f74-a5f6-9bc359c41ed6'[39m,
Server Tests	Run server tests with coverage	2026-03-25T15:24:56.9967129Z   method: [32m'POST'[39m,
Server Tests	Run server tests with coverage	2026-03-25T15:24:56.9967773Z   route: [32m'/auth/login'[39m,
Server Tests	Run server tests with coverage	2026-03-25T15:24:56.9968259Z   status: [33m200[39m,
Server Tests	Run server tests with coverage	2026-03-25T15:24:56.9968756Z   durationMs: [32m'0.32'[39m
Server Tests	Run server tests with coverage	2026-03-25T15:24:56.9969128Z }
Server Tests	Run server tests with coverage	2026-03-25T15:24:56.9969291Z 
Server Tests	Run server tests with coverage	2026-03-25T15:24:56.9970720Z [90mstdout[2m | server/tests/security/payload.test.ts[2m > [22m[2mSecurity & Payload Limits[2m > [22m[2mPOST /auth/login - 429 Too Many Requests after exceeding limit
Server Tests	Run server tests with coverage	2026-03-25T15:24:56.9972475Z [22m[39m[INFO] [REQ] POST /auth/login - 200 [0.3ms] {
Server Tests	Run server tests with coverage	2026-03-25T15:24:56.9973328Z   requestId: [32m'7eff3c23-dcaa-4db0-aa5b-b5961725c4c3'[39m,
Server Tests	Run server tests with coverage	2026-03-25T15:24:56.9974020Z   method: [32m'POST'[39m,
Server Tests	Run server tests with coverage	2026-03-25T15:24:56.9974588Z   route: [32m'/auth/login'[39m,
Server Tests	Run server tests with coverage	2026-03-25T15:24:56.9975098Z   status: [33m200[39m,
Server Tests	Run server tests with coverage	2026-03-25T15:24:56.9975910Z   durationMs: [32m'0.34'[39m
Server Tests	Run server tests with coverage	2026-03-25T15:24:56.9976345Z }
Server Tests	Run server tests with coverage	2026-03-25T15:24:56.9976515Z 
Server Tests	Run server tests with coverage	2026-03-25T15:24:56.9977794Z [90mstdout[2m | server/tests/routes/voice-profiles.test.ts[2m > [22m[2mVoice Profiles Routes[2m > [22m[2mPOST /voice-profiles - happy path
Server Tests	Run server tests with coverage	2026-03-25T15:24:56.9979256Z [22m[39m[INFO] [REQ] POST /voice-profiles - 201 [0.9ms] {
Server Tests	Run server tests with coverage	2026-03-25T15:24:56.9980170Z   requestId: [32m'56dbd4ce-b148-4d5c-943c-c140cc8da4d1'[39m,
Server Tests	Run server tests with coverage	2026-03-25T15:24:56.9980887Z   method: [32m'POST'[39m,
Server Tests	Run server tests with coverage	2026-03-25T15:24:56.9981458Z   route: [32m'/voice-profiles'[39m,
Server Tests	Run server tests with coverage	2026-03-25T15:24:56.9982299Z   status: [33m201[39m,
Server Tests	Run server tests with coverage	2026-03-25T15:24:56.9982865Z   durationMs: [32m'0.93'[39m
Server Tests	Run server tests with coverage	2026-03-25T15:24:56.9983267Z }
Server Tests	Run server tests with coverage	2026-03-25T15:24:56.9983435Z 
Server Tests	Run server tests with coverage	2026-03-25T15:24:56.9985022Z [90mstdout[2m | server/tests/security/payload.test.ts[2m > [22m[2mSecurity & Payload Limits[2m > [22m[2mPOST /auth/login - 429 Too Many Requests after exceeding limit
Server Tests	Run server tests with coverage	2026-03-25T15:24:56.9987326Z [22m[39m[INFO] [REQ] POST /auth/login - 200 [0.4ms] {
Server Tests	Run server tests with coverage	2026-03-25T15:24:56.9989731Z   requestId: [32m'19717652-0916-46dc-a885-f36ed029cfdf'[39m,
Server Tests	Run server tests with coverage	2026-03-25T15:24:56.9990472Z   method: [32m'POST'[39m,
Server Tests	Run server tests with coverage	2026-03-25T15:24:56.9991065Z   route: [32m'/auth/login'[39m,
Server Tests	Run server tests with coverage	2026-03-25T15:24:56.9991603Z   status: [33m200[39m,
Server Tests	Run server tests with coverage	2026-03-25T15:24:56.9993733Z   durationMs: [32m'0.35'[39m
Server Tests	Run server tests with coverage	2026-03-25T15:24:56.9994160Z }
Server Tests	Run server tests with coverage	2026-03-25T15:24:56.9994319Z 
Server Tests	Run server tests with coverage	2026-03-25T15:24:56.9995754Z [90mstdout[2m | server/tests/security/payload.test.ts[2m > [22m[2mSecurity & Payload Limits[2m > [22m[2mPOST /auth/login - 429 Too Many Requests after exceeding limit
Server Tests	Run server tests with coverage	2026-03-25T15:24:56.9997208Z [22m[39m[INFO] [REQ] POST /auth/login - 200 [0.3ms] {
Server Tests	Run server tests with coverage	2026-03-25T15:24:56.9998316Z   requestId: [32m'21693f78-a227-4a46-ac82-6dfbd5415f60'[39m,
Server Tests	Run server tests with coverage	2026-03-25T15:24:56.9998912Z   method: [32m'POST'[39m,
Server Tests	Run server tests with coverage	2026-03-25T15:24:57.0003354Z   route: [32m'/auth/login'[39m,
Server Tests	Run server tests with coverage	2026-03-25T15:24:57.0003925Z   status: [33m200[39m,
Server Tests	Run server tests with coverage	2026-03-25T15:24:57.0004429Z   durationMs: [32m'0.34'[39m
Server Tests	Run server tests with coverage	2026-03-25T15:24:57.0004842Z }
Server Tests	Run server tests with coverage	2026-03-25T15:24:57.0005119Z 
Server Tests	Run server tests with coverage	2026-03-25T15:24:57.0006621Z [90mstdout[2m | server/tests/security/payload.test.ts[2m > [22m[2mSecurity & Payload Limits[2m > [22m[2mPOST /auth/login - 429 Too Many Requests after exceeding limit
Server Tests	Run server tests with coverage	2026-03-25T15:24:57.0008140Z [22m[39m[INFO] [REQ] POST /auth/login - 200 [0.3ms] {
Server Tests	Run server tests with coverage	2026-03-25T15:24:57.0009005Z   requestId: [32m'12d9fd1c-b337-43b6-96d9-81c9c56a2d12'[39m,
Server Tests	Run server tests with coverage	2026-03-25T15:24:57.0009657Z   method: [32m'POST'[39m,
Server Tests	Run server tests with coverage	2026-03-25T15:24:57.0010152Z   route: [32m'/auth/login'[39m,
Server Tests	Run server tests with coverage	2026-03-25T15:24:57.0010619Z   status: [33m200[39m,
Server Tests	Run server tests with coverage	2026-03-25T15:24:57.0011127Z   durationMs: [32m'0.34'[39m
Server Tests	Run server tests with coverage	2026-03-25T15:24:57.0011524Z }
Server Tests	Run server tests with coverage	2026-03-25T15:24:57.0011701Z 
Server Tests	Run server tests with coverage	2026-03-25T15:24:57.0137108Z [90mstderr[2m | server/tests/security/payload.test.ts[2m > [22m[2mSecurity & Payload Limits[2m > [22m[2mPOST /auth/login - 429 Too Many Requests after exceeding limit
Server Tests	Run server tests with coverage	2026-03-25T15:24:57.0139466Z [90mstdout[2m | server/tests/routes/voice-profiles.test.ts[2m > [22m[2mVoice Profiles Routes[2m > [22m[2mDELETE /voice-profiles/:id
Server Tests	Run server tests with coverage	2026-03-25T15:24:57.0141077Z [22m[39mAPP ERROR STACK Error: Zbyt wiele prob. Sprobuj ponownie za chwile.
Server Tests	Run server tests with coverage	2026-03-25T15:24:57.0142523Z     at checkRateLimit (/home/runner/work/audioRecorder/audioRecorder/server/lib/serverUtils.ts:26:19)
Server Tests	Run server tests with coverage	2026-03-25T15:24:57.0143756Z     at /home/runner/work/audioRecorder/audioRecorder/server/routes/middleware.ts:23:5
Server Tests	Run server tests with coverage	2026-03-25T15:24:57.0145303Z     at dispatch (file:///home/runner/work/audioRecorder/audioRecorder/node_modules/.pnpm/hono@4.12.8/node_modules/hono/dist/compose.js:22:23)
Server Tests	Run server tests with coverage	2026-03-25T15:24:57.0147019Z     at file:///home/runner/work/audioRecorder/audioRecorder/node_modules/.pnpm/hono@4.12.8/node_modules/hono/dist/compose.js:22:46
Server Tests	Run server tests with coverage	2026-03-25T15:24:57.0148437Z     at /home/runner/work/audioRecorder/audioRecorder/server/routes/auth.ts:15:13
Server Tests	Run server tests with coverage	2026-03-25T15:24:57.0149861Z     at dispatch (file:///home/runner/work/audioRecorder/audioRecorder/node_modules/.pnpm/hono@4.12.8/node_modules/hono/dist/compose.js:22:23)
Server Tests	Run server tests with coverage	2026-03-25T15:24:57.0151703Z     at file:///home/runner/work/audioRecorder/audioRecorder/node_modules/.pnpm/hono@4.12.8/node_modules/hono/dist/compose.js:22:46
Server Tests	Run server tests with coverage	2026-03-25T15:24:57.0153511Z     at /home/runner/work/audioRecorder/audioRecorder/server/http/app-security.ts:69:11
Server Tests	Run server tests with coverage	2026-03-25T15:24:57.0154873Z     at dispatch (file:///home/runner/work/audioRecorder/audioRecorder/node_modules/.pnpm/hono@4.12.8/node_modules/hono/dist/compose.js:22:23)
Server Tests	Run server tests with coverage	2026-03-25T15:24:57.0156282Z     at file:///home/runner/work/audioRecorder/audioRecorder/node_modules/.pnpm/hono@4.12.8/node_modules/hono/dist/compose.js:22:46
Server Tests	Run server tests with coverage	2026-03-25T15:24:57.0157023Z 
Server Tests	Run server tests with coverage	2026-03-25T15:24:57.0157564Z [22m[39m[INFO] [REQ] DELETE /voice-profiles/vp_1 - 204 [0.4ms] {
Server Tests	Run server tests with coverage	2026-03-25T15:24:57.0158332Z   requestId: [32m'6414c289-264b-49fd-bf39-f186317d1c3e'[39m,
Server Tests	Run server tests with coverage	2026-03-25T15:24:57.0158907Z   method: [32m'DELETE'[39m,
Server Tests	Run server tests with coverage	2026-03-25T15:24:57.0159391Z   route: [32m'/voice-profiles/vp_1'[39m,
Server Tests	Run server tests with coverage	2026-03-25T15:24:57.0159850Z   status: [33m204[39m,
Server Tests	Run server tests with coverage	2026-03-25T15:24:57.0160273Z   durationMs: [32m'0.38'[39m
Server Tests	Run server tests with coverage	2026-03-25T15:24:57.0160615Z }
Server Tests	Run server tests with coverage	2026-03-25T15:24:57.0160755Z 
Server Tests	Run server tests with coverage	2026-03-25T15:24:57.0162204Z [90mstdout[2m | server/tests/security/payload.test.ts[2m > [22m[2mSecurity & Payload Limits[2m > [22m[2mPOST /auth/login - 429 Too Many Requests after exceeding limit
Server Tests	Run server tests with coverage	2026-03-25T15:24:57.0163509Z [22m[39m[INFO] [REQ] POST /auth/login - 429 [10.1ms] {
Server Tests	Run server tests with coverage	2026-03-25T15:24:57.0164240Z   requestId: [32m'a4cf769b-3be7-4ef8-aac5-dfdf3512f5f3'[39m,
Server Tests	Run server tests with coverage	2026-03-25T15:24:57.0164794Z   method: [32m'POST'[39m,
Server Tests	Run server tests with coverage	2026-03-25T15:24:57.0165238Z   route: [32m'/auth/login'[39m,
Server Tests	Run server tests with coverage	2026-03-25T15:24:57.0166167Z   status: [33m429[39m,
Server Tests	Run server tests with coverage	2026-03-25T15:24:57.0166612Z   durationMs: [32m'10.06'[39m
Server Tests	Run server tests with coverage	2026-03-25T15:24:57.0166973Z }
Server Tests	Run server tests with coverage	2026-03-25T15:24:57.0167129Z 
Server Tests	Run server tests with coverage	2026-03-25T15:24:57.0843988Z  [32m✓[39m server/tests/routes/voice-profiles.test.ts [2m([22m[2m4 tests[22m[2m)[22m[32m 94[2mms[22m[39m
Server Tests	Run server tests with coverage	2026-03-25T15:24:57.0846874Z  [32m✓[39m server/tests/security/payload.test.ts [2m([22m[2m7 tests[22m[2m)[22m[32m 263[2mms[22m[39m
Server Tests	Run server tests with coverage	2026-03-25T15:24:57.3584435Z  [32m✓[39m server/tests/services/services.test.ts [2m([22m[2m2 tests[22m[2m)[22m[32m 13[2mms[22m[39m
Server Tests	Run server tests with coverage	2026-03-25T15:24:57.9218803Z [90mstdout[2m | server/tests/routes/auth.test.ts[2m > [22m[2mAuth Routes[2m > [22m[2mPOST /auth/register - happy path
Server Tests	Run server tests with coverage	2026-03-25T15:24:57.9227819Z [22m[39m[INFO] [REQ] POST /auth/register - 201 [4.9ms] {
Server Tests	Run server tests with coverage	2026-03-25T15:24:57.9228777Z   requestId: [32m'410146ab-bdf8-4729-8e14-4fccd3beb60a'[39m,
Server Tests	Run server tests with coverage	2026-03-25T15:24:57.9229483Z   method: [32m'POST'[39m,
Server Tests	Run server tests with coverage	2026-03-25T15:24:57.9230099Z   route: [32m'/auth/register'[39m,
Server Tests	Run server tests with coverage	2026-03-25T15:24:57.9230695Z   status: [33m201[39m,
Server Tests	Run server tests with coverage	2026-03-25T15:24:57.9231175Z   durationMs: [32m'4.90'[39m
Server Tests	Run server tests with coverage	2026-03-25T15:24:57.9231587Z }
Server Tests	Run server tests with coverage	2026-03-25T15:24:57.9231795Z 
Server Tests	Run server tests with coverage	2026-03-25T15:24:57.9384199Z [90mstdout[2m | server/tests/routes/auth.test.ts[2m > [22m[2mAuth Routes[2m > [22m[2mPOST /auth/login - missing password
Server Tests	Run server tests with coverage	2026-03-25T15:24:57.9387284Z [22m[39m[INFO] [REQ] POST /auth/login - 400 [1.7ms] {
Server Tests	Run server tests with coverage	2026-03-25T15:24:57.9389677Z   requestId: [32m'7ba621db-e753-40df-bf99-58a1e061873c'[39m,
Server Tests	Run server tests with coverage	2026-03-25T15:24:57.9392088Z   method: [32m'POST'[39m,
Server Tests	Run server tests with coverage	2026-03-25T15:24:57.9394828Z   route: [32m'/auth/login'[39m,
Server Tests	Run server tests with coverage	2026-03-25T15:24:57.9397632Z   status: [33m400[39m,
Server Tests	Run server tests with coverage	2026-03-25T15:24:57.9398251Z   durationMs: [32m'1.69'[39m
Server Tests	Run server tests with coverage	2026-03-25T15:24:57.9398662Z }
Server Tests	Run server tests with coverage	2026-03-25T15:24:57.9398841Z 
Server Tests	Run server tests with coverage	2026-03-25T15:24:57.9558888Z [90mstdout[2m | server/tests/routes/auth.test.ts[2m > [22m[2mAuth Routes[2m > [22m[2mPOST /auth/login - happy path
Server Tests	Run server tests with coverage	2026-03-25T15:24:57.9563813Z [22m[39m[INFO] [REQ] POST /auth/login - 200 [0.6ms] {
Server Tests	Run server tests with coverage	2026-03-25T15:24:57.9564780Z   requestId: [32m'7899eae4-7010-49f5-9b5d-b414a6be30a6'[39m,
Server Tests	Run server tests with coverage	2026-03-25T15:24:57.9565488Z   method: [32m'POST'[39m,
Server Tests	Run server tests with coverage	2026-03-25T15:24:57.9566069Z   route: [32m'/auth/login'[39m,
Server Tests	Run server tests with coverage	2026-03-25T15:24:57.9566607Z   status: [33m200[39m,
Server Tests	Run server tests with coverage	2026-03-25T15:24:57.9567164Z   durationMs: [32m'0.63'[39m
Server Tests	Run server tests with coverage	2026-03-25T15:24:57.9567582Z }
Server Tests	Run server tests with coverage	2026-03-25T15:24:57.9594047Z 
Server Tests	Run server tests with coverage	2026-03-25T15:24:57.9783092Z [90mstdout[2m | server/tests/routes/auth.test.ts[2m > [22m[2mAuth Routes[2m > [22m[2mGET /auth/session - returns 401 on missing token
Server Tests	Run server tests with coverage	2026-03-25T15:24:57.9786091Z [22m[39m[INFO] [REQ] GET /auth/session - 401 [0.8ms] {
Server Tests	Run server tests with coverage	2026-03-25T15:24:57.9788382Z   requestId: [32m'4310fe31-205a-4df7-ae41-d51a9ea76dcb'[39m,
Server Tests	Run server tests with coverage	2026-03-25T15:24:57.9790507Z   method: [32m'GET'[39m,
Server Tests	Run server tests with coverage	2026-03-25T15:24:57.9792707Z   route: [32m'/auth/session'[39m,
Server Tests	Run server tests with coverage	2026-03-25T15:24:57.9795301Z   status: [33m401[39m,
Server Tests	Run server tests with coverage	2026-03-25T15:24:57.9795842Z   durationMs: [32m'0.77'[39m
Server Tests	Run server tests with coverage	2026-03-25T15:24:57.9796285Z }
Server Tests	Run server tests with coverage	2026-03-25T15:24:57.9796454Z 
Server Tests	Run server tests with coverage	2026-03-25T15:24:58.0563896Z  [32m✓[39m server/tests/routes/auth.test.ts [2m([22m[2m5 tests[22m[2m)[22m[32m 92[2mms[22m[39m
Server Tests	Run server tests with coverage	2026-03-25T15:24:58.3884534Z [90mstdout[2m | server/tests/routes/transcribe.test.ts[2m > [22m[2mTranscribe Routes[2m > [22m[2mreturns empty text for too-small live chunks
Server Tests	Run server tests with coverage	2026-03-25T15:24:58.3887931Z [22m[39m[INFO] [REQ] POST /transcribe/live - 200 [6.2ms] {
Server Tests	Run server tests with coverage	2026-03-25T15:24:58.3890413Z   requestId: [32m'3ec6adeb-f156-41f3-b651-f8c6d549073c'[39m,
Server Tests	Run server tests with coverage	2026-03-25T15:24:58.3892921Z   method: [32m'POST'[39m,
Server Tests	Run server tests with coverage	2026-03-25T15:24:58.3895134Z   route: [32m'/transcribe/live'[39m,
Server Tests	Run server tests with coverage	2026-03-25T15:24:58.3897248Z   status: [33m200[39m,
Server Tests	Run server tests with coverage	2026-03-25T15:24:58.3899635Z   durationMs: [32m'6.20'[39m
Server Tests	Run server tests with coverage	2026-03-25T15:24:58.3900077Z }
Server Tests	Run server tests with coverage	2026-03-25T15:24:58.3900264Z 
Server Tests	Run server tests with coverage	2026-03-25T15:24:58.4303191Z [90mstdout[2m | server/tests/routes/transcribe.test.ts[2m > [22m[2mTranscribe Routes[2m > [22m[2mrejects oversized live transcription payloads
Server Tests	Run server tests with coverage	2026-03-25T15:24:58.4306871Z [22m[39m[INFO] [REQ] POST /transcribe/live - 413 [7.2ms] {
Server Tests	Run server tests with coverage	2026-03-25T15:24:58.4309424Z   requestId: [32m'554c304a-cee5-41f4-972d-a3353846b8d9'[39m,
Server Tests	Run server tests with coverage	2026-03-25T15:24:58.4312157Z   method: [32m'POST'[39m,
Server Tests	Run server tests with coverage	2026-03-25T15:24:58.4314341Z   route: [32m'/transcribe/live'[39m,
Server Tests	Run server tests with coverage	2026-03-25T15:24:58.4316455Z   status: [33m413[39m,
Server Tests	Run server tests with coverage	2026-03-25T15:24:58.4317310Z   durationMs: [32m'7.21'[39m
Server Tests	Run server tests with coverage	2026-03-25T15:24:58.4317762Z }
Server Tests	Run server tests with coverage	2026-03-25T15:24:58.4317933Z 
Server Tests	Run server tests with coverage	2026-03-25T15:24:58.4565849Z [90mstdout[2m | server/tests/routes/transcribe.test.ts[2m > [22m[2mTranscribe Routes[2m > [22m[2mwrites temp file, transcribes, and cleans up successful live chunk
Server Tests	Run server tests with coverage	2026-03-25T15:24:58.4567447Z [22m[39m[INFO] [REQ] POST /transcribe/live - 200 [9.0ms] {
Server Tests	Run server tests with coverage	2026-03-25T15:24:58.4568374Z   requestId: [32m'e9aedacf-256d-4f2d-bc71-185526426f05'[39m,
Server Tests	Run server tests with coverage	2026-03-25T15:24:58.4569011Z   method: [32m'POST'[39m,
Server Tests	Run server tests with coverage	2026-03-25T15:24:58.4569516Z   route: [32m'/transcribe/live'[39m,
Server Tests	Run server tests with coverage	2026-03-25T15:24:58.4570040Z   status: [33m200[39m,
Server Tests	Run server tests with coverage	2026-03-25T15:24:58.4570601Z   durationMs: [32m'9.04'[39m
Server Tests	Run server tests with coverage	2026-03-25T15:24:58.4570978Z }
Server Tests	Run server tests with coverage	2026-03-25T15:24:58.4571155Z 
Server Tests	Run server tests with coverage	2026-03-25T15:24:58.5330912Z  [32m✓[39m server/tests/routes/transcribe.test.ts [2m([22m[2m3 tests[22m[2m)[22m[32m 117[2mms[22m[39m
Server Tests	Run server tests with coverage	2026-03-25T15:24:58.6115806Z  [32m✓[39m server/tests/ragAnswer.test.ts [2m([22m[2m3 tests[22m[2m)[22m[32m 16[2mms[22m[39m
Server Tests	Run server tests with coverage	2026-03-25T15:24:58.6738403Z [90mstdout[2m | server/tests/routes/auth-extended.test.ts[2m > [22m[2mAuth Routes Extended[2m > [22m[2mhandles password reset request/confirm and google login
Server Tests	Run server tests with coverage	2026-03-25T15:24:58.6742404Z [22m[39m[INFO] [REQ] POST /auth/password/reset/request - 200 [6.0ms] {
Server Tests	Run server tests with coverage	2026-03-25T15:24:58.6745489Z   requestId: [32m'fe850cb6-a495-4869-a590-6ccfb73aa775'[39m,
Server Tests	Run server tests with coverage	2026-03-25T15:24:58.6746156Z   method: [32m'POST'[39m,
Server Tests	Run server tests with coverage	2026-03-25T15:24:58.6746773Z   route: [32m'/auth/password/reset/request'[39m,
Server Tests	Run server tests with coverage	2026-03-25T15:24:58.6747314Z   status: [33m200[39m,
Server Tests	Run server tests with coverage	2026-03-25T15:24:58.6747650Z   durationMs: [32m'5.96'[39m
Server Tests	Run server tests with coverage	2026-03-25T15:24:58.6747880Z }
Server Tests	Run server tests with coverage	2026-03-25T15:24:58.6747975Z 
Server Tests	Run server tests with coverage	2026-03-25T15:24:58.6767677Z [90mstdout[2m | server/tests/routes/auth-extended.test.ts[2m > [22m[2mAuth Routes Extended[2m > [22m[2mhandles password reset request/confirm and google login
Server Tests	Run server tests with coverage	2026-03-25T15:24:58.6769338Z [22m[39m[INFO] [REQ] POST /auth/password/reset/confirm - 200 [0.7ms] {
Server Tests	Run server tests with coverage	2026-03-25T15:24:58.6770320Z   requestId: [32m'e5b800f9-04d3-4377-bc47-9fbf4fa9079d'[39m,
Server Tests	Run server tests with coverage	2026-03-25T15:24:58.6770960Z   method: [32m'POST'[39m,
Server Tests	Run server tests with coverage	2026-03-25T15:24:58.6771572Z   route: [32m'/auth/password/reset/confirm'[39m,
Server Tests	Run server tests with coverage	2026-03-25T15:24:58.6772445Z   status: [33m200[39m,
Server Tests	Run server tests with coverage	2026-03-25T15:24:58.6772948Z   durationMs: [32m'0.73'[39m
Server Tests	Run server tests with coverage	2026-03-25T15:24:58.6773314Z }
Server Tests	Run server tests with coverage	2026-03-25T15:24:58.6775564Z 
Server Tests	Run server tests with coverage	2026-03-25T15:24:58.6858323Z [90mstdout[2m | server/tests/routes/auth-extended.test.ts[2m > [22m[2mAuth Routes Extended[2m > [22m[2mhandles password reset request/confirm and google login
Server Tests	Run server tests with coverage	2026-03-25T15:24:58.6861322Z [22m[39m[INFO] [REQ] POST /auth/google - 200 [0.6ms] {
Server Tests	Run server tests with coverage	2026-03-25T15:24:58.6863120Z   requestId: [32m'35a3f0c3-87f4-4f7b-83b4-65802f9b3094'[39m,
Server Tests	Run server tests with coverage	2026-03-25T15:24:58.6863774Z   method: [32m'POST'[39m,
Server Tests	Run server tests with coverage	2026-03-25T15:24:58.6864273Z   route: [32m'/auth/google'[39m,
Server Tests	Run server tests with coverage	2026-03-25T15:24:58.6864732Z   status: [33m200[39m,
Server Tests	Run server tests with coverage	2026-03-25T15:24:58.6865196Z   durationMs: [32m'0.56'[39m
Server Tests	Run server tests with coverage	2026-03-25T15:24:58.6865559Z }
Server Tests	Run server tests with coverage	2026-03-25T15:24:58.6865715Z 
Server Tests	Run server tests with coverage	2026-03-25T15:24:58.6931297Z [90mstdout[2m | server/tests/routes/auth-extended.test.ts[2m > [22m[2mAuth Routes Extended[2m > [22m[2mreturns session payload when auth and workspace access pass
Server Tests	Run server tests with coverage	2026-03-25T15:24:58.6933921Z [22m[39m[INFO] [REQ] GET /auth/session - 200 [0.7ms] {
Server Tests	Run server tests with coverage	2026-03-25T15:24:58.6936649Z   requestId: [32m'dc3cae7c-5910-4d48-bb55-005af71abe60'[39m,
Server Tests	Run server tests with coverage	2026-03-25T15:24:58.6937890Z   method: [32m'GET'[39m,
Server Tests	Run server tests with coverage	2026-03-25T15:24:58.6940019Z   route: [32m'/auth/session'[39m,
Server Tests	Run server tests with coverage	2026-03-25T15:24:58.6941279Z   status: [33m200[39m,
Server Tests	Run server tests with coverage	2026-03-25T15:24:58.6944818Z   durationMs: [32m'0.70'[39m
Server Tests	Run server tests with coverage	2026-03-25T15:24:58.6945268Z }
Server Tests	Run server tests with coverage	2026-03-25T15:24:58.6948249Z 
Server Tests	Run server tests with coverage	2026-03-25T15:24:58.7449605Z  [32m✓[39m server/tests/routes/auth-extended.test.ts [2m([22m[2m2 tests[22m[2m)[22m[32m 69[2mms[22m[39m
Server Tests	Run server tests with coverage	2026-03-25T15:24:59.0500405Z  [32m✓[39m server/tests/ragRetriever.test.ts [2m([22m[2m1 test[22m[2m)[22m[32m 25[2mms[22m[39m
Server Tests	Run server tests with coverage	2026-03-25T15:24:59.0760240Z  [32m✓[39m server/tests/ragVectorStore.test.ts [2m([22m[2m1 test[22m[2m)[22m[32m 12[2mms[22m[39m
Server Tests	Run server tests with coverage	2026-03-25T15:24:59.1709116Z [90mstderr[2m | server/tests/reproduce.test.ts[2m > [22m[2mTranscriptionService Reproduction[2m > [22m[2mshould throw a clear error if pipeline is missing transcribeRecording
Server Tests	Run server tests with coverage	2026-03-25T15:24:59.1711213Z [22m[39m[TranscriptionService] audioPipeline looks like an empty object (circular dep?).
Server Tests	Run server tests with coverage	2026-03-25T15:24:59.1712140Z 
Server Tests	Run server tests with coverage	2026-03-25T15:24:59.1917512Z  [32m✓[39m server/tests/reproduce.test.ts [2m([22m[2m2 tests[22m[2m)[22m[32m 7[2mms[22m[39m
Server Tests	Run server tests with coverage	2026-03-25T15:24:59.3134908Z  [32m✓[39m server/tests/speaker_embedder.test.ts [2m([22m[2m5 tests[22m[2m)[22m[32m 5[2mms[22m[39m
Server Tests	Run server tests with coverage	2026-03-25T15:24:59.7490832Z 
Server Tests	Run server tests with coverage	2026-03-25T15:24:59.7492348Z [31m⎯⎯⎯⎯⎯⎯⎯[39m[1m[41m Failed Tests 1 [49m[22m[31m⎯⎯⎯⎯⎯⎯⎯[39m
Server Tests	Run server tests with coverage	2026-03-25T15:24:59.7492734Z 
Server Tests	Run server tests with coverage	2026-03-25T15:24:59.7495420Z [41m[1m FAIL [22m[49m server/tests/httpClient.test.ts[2m > [22mhttpClient[2m > [22mretries on network error up to MAX_RETRIES times
Server Tests	Run server tests with coverage	2026-03-25T15:24:59.7501010Z [31m[1mAssertionError[22m: expected "fetch" to be called 3 times, but got 1 times[39m
Server Tests	Run server tests with coverage	2026-03-25T15:24:59.7502292Z [36m [2m❯[22m server/tests/httpClient.test.ts:[2m80:22[22m[39m
Server Tests	Run server tests with coverage	2026-03-25T15:24:59.7536696Z     [90m 78|[39m       [32m"Failed to fetch"[39m
Server Tests	Run server tests with coverage	2026-03-25T15:24:59.7538515Z     [90m 79|[39m     )[33m;[39m
Server Tests	Run server tests with coverage	2026-03-25T15:24:59.7539888Z     [90m 80|[39m     [34mexpect[39m(fetchSpy)[33m.[39m[34mtoHaveBeenCalledTimes[39m([34m3[39m)[33m;[39m
Server Tests	Run server tests with coverage	2026-03-25T15:24:59.7540905Z     [90m   |[39m                      [31m^[39m
Server Tests	Run server tests with coverage	2026-03-25T15:24:59.7541459Z     [90m 81|[39m   })[33m;[39m
Server Tests	Run server tests with coverage	2026-03-25T15:24:59.7542276Z     [90m 82|[39m
Server Tests	Run server tests with coverage	2026-03-25T15:24:59.7542534Z 
Server Tests	Run server tests with coverage	2026-03-25T15:24:59.7543009Z [31m[2m⎯⎯⎯⎯⎯⎯⎯⎯⎯⎯⎯⎯⎯⎯⎯⎯⎯⎯⎯⎯⎯⎯⎯⎯[1/1]⎯[22m[39m
Server Tests	Run server tests with coverage	2026-03-25T15:24:59.7543347Z 
Server Tests	Run server tests with coverage	2026-03-25T15:24:59.7543388Z 
Server Tests	Run server tests with coverage	2026-03-25T15:24:59.7548371Z [2m Test Files [22m [1m[31m1 failed[39m[22m[2m | [22m[1m[32m37 passed[39m[22m[90m (38)[39m
Server Tests	Run server tests with coverage	2026-03-25T15:24:59.7551162Z [2m      Tests [22m [1m[31m1 failed[39m[22m[2m | [22m[1m[32m456 passed[39m[22m[2m | [22m[33m11 skipped[39m[90m (468)[39m
Server Tests	Run server tests with coverage	2026-03-25T15:24:59.7552382Z [2m   Start at [22m 15:24:46
Server Tests	Run server tests with coverage	2026-03-25T15:24:59.7553517Z [2m   Duration [22m 12.81s[2m (transform 1.47s, setup 716ms, import 15.03s, tests 10.96s, environment 6ms)[22m
Server Tests	Run server tests with coverage	2026-03-25T15:24:59.7554625Z 
Server Tests	Run server tests with coverage	2026-03-25T15:24:59.7569399Z 
Server Tests	Run server tests with coverage	2026-03-25T15:24:59.7592430Z ##[error]AssertionError: expected "fetch" to be called 3 times, but got 1 times
Server Tests	Run server tests with coverage	 ❯ server/tests/httpClient.test.ts:80:22
Server Tests	Run server tests with coverage	
Server Tests	Run server tests with coverage	
Server Tests	Run server tests with coverage	2026-03-25T15:24:59.7601155Z [34m % [39m[2mCoverage report from [22m[33mv8[39m
Server Tests	Run server tests with coverage	2026-03-25T15:24:59.7669297Z -------------------|---------|----------|---------|---------|-------------------
Server Tests	Run server tests with coverage	2026-03-25T15:24:59.7670372Z File               | % Stmts | % Branch | % Funcs | % Lines | Uncovered Line #s 
Server Tests	Run server tests with coverage	2026-03-25T15:24:59.7671357Z -------------------|---------|----------|---------|---------|-------------------
Server Tests	Run server tests with coverage	2026-03-25T15:24:59.7677704Z All files          |   69.52 |    58.33 |   76.83 |   71.08 |                   
Server Tests	Run server tests with coverage	2026-03-25T15:24:59.7678765Z  server            |   66.88 |    56.45 |   79.12 |   68.31 |                   
Server Tests	Run server tests with coverage	2026-03-25T15:24:59.7679676Z   app.ts           |     100 |       75 |     100 |     100 | 16                
Server Tests	Run server tests with coverage	2026-03-25T15:24:59.7680608Z   audioPipeline.ts |       0 |        0 |       0 |       0 |                   
Server Tests	Run server tests with coverage	2026-03-25T15:24:59.7682597Z   ...line.utils.ts |   96.88 |    82.15 |     100 |   97.77 | ...08,644,683,830 
Server Tests	Run server tests with coverage	2026-03-25T15:24:59.7683507Z   config.ts        |   74.07 |       50 |   63.15 |   72.54 | ...79,131,142-147 
Server Tests	Run server tests with coverage	2026-03-25T15:24:59.7687100Z   database.ts      |   63.37 |       50 |   81.81 |   67.31 | ...-951,1129-1130 
Server Tests	Run server tests with coverage	2026-03-25T15:24:59.7688282Z   diarization.ts   |   80.28 |    62.16 |    90.9 |   82.81 | ...84-585,589-612 
Server Tests	Run server tests with coverage	2026-03-25T15:24:59.7689025Z   index.ts         |   56.14 |    45.45 |   14.28 |   56.14 | ...,64-74,108-118 
Server Tests	Run server tests with coverage	2026-03-25T15:24:59.7691518Z   logger.ts        |     100 |    95.65 |     100 |     100 | 9                 
Server Tests	Run server tests with coverage	2026-03-25T15:24:59.7693235Z   pipeline.ts      |    48.3 |       46 |   66.66 |   49.03 | ...5-983,999-1000 
Server Tests	Run server tests with coverage	2026-03-25T15:24:59.7694021Z   ...Processing.ts |   63.28 |    56.66 |   54.54 |   65.76 | 38-73,346-391     
Server Tests	Run server tests with coverage	2026-03-25T15:24:59.7694764Z   runtime.ts       |     100 |      100 |     100 |     100 |                   
Server Tests	Run server tests with coverage	2026-03-25T15:24:59.7695503Z   ...erEmbedder.ts |   66.66 |    51.06 |    87.5 |   63.51 | ...16-117,133-156 
Server Tests	Run server tests with coverage	2026-03-25T15:24:59.7696261Z   sqliteWorker.ts  |   77.92 |    74.13 |    87.5 |   78.37 | ...14,145,154-164 
Server Tests	Run server tests with coverage	2026-03-25T15:24:59.7697664Z   transcription.ts |   51.75 |    47.98 |   71.15 |   52.63 | ...66-495,598-722 
Server Tests	Run server tests with coverage	2026-03-25T15:24:59.7698437Z  server/agents     |       0 |        0 |       0 |       0 |                   
Server Tests	Run server tests with coverage	2026-03-25T15:24:59.7699185Z   dispatcher.ts    |       0 |        0 |       0 |       0 | 10-181            
Server Tests	Run server tests with coverage	2026-03-25T15:24:59.7699913Z  server/http       |   85.18 |    61.53 |   92.85 |   85.18 |                   
Server Tests	Run server tests with coverage	2026-03-25T15:24:59.7700644Z   app-routes.ts    |     100 |      100 |     100 |     100 |                   
Server Tests	Run server tests with coverage	2026-03-25T15:24:59.7701403Z   app-security.ts  |   81.81 |    61.53 |    90.9 |   81.81 | 75-80,93-94,98    
Server Tests	Run server tests with coverage	2026-03-25T15:24:59.7702336Z   health.ts        |     100 |      100 |     100 |     100 |                   
Server Tests	Run server tests with coverage	2026-03-25T15:24:59.7703052Z  server/lib        |    70.6 |     58.9 |      76 |   72.11 |                   
Server Tests	Run server tests with coverage	2026-03-25T15:24:59.7703863Z   httpClient.ts    |   63.82 |    76.92 |      50 |   65.11 | ...34-142,147,150 
Server Tests	Run server tests with coverage	2026-03-25T15:24:59.7704658Z   ragAnswer.ts     |    61.9 |    38.88 |   85.71 |   66.66 | 24-33             
Server Tests	Run server tests with coverage	2026-03-25T15:24:59.7705436Z   ragRetriever.ts  |      92 |       70 |      90 |      95 | 86                
Server Tests	Run server tests with coverage	2026-03-25T15:24:59.7706214Z   ...ectorStore.ts |   84.37 |    67.18 |     100 |   88.88 | ...14,123,142-144 
Server Tests	Run server tests with coverage	2026-03-25T15:24:59.7706959Z   serverUtils.ts   |   81.44 |    82.35 |   69.56 |   82.79 | ...18-120,155-156 
Server Tests	Run server tests with coverage	2026-03-25T15:24:59.7707577Z   ...aseStorage.ts |    23.8 |    19.44 |      20 |   24.39 | ...7,39-41,51-118 
Server Tests	Run server tests with coverage	2026-03-25T15:24:59.7708020Z   types.ts         |       0 |        0 |       0 |       0 |                   
Server Tests	Run server tests with coverage	2026-03-25T15:24:59.7708793Z  server/routes     |   73.67 |    60.86 |   70.54 |   76.77 |                   
Server Tests	Run server tests with coverage	2026-03-25T15:24:59.7709522Z   ai.ts            |   89.77 |    71.73 |   78.94 |   95.94 | 26-27,59          
Server Tests	Run server tests with coverage	2026-03-25T15:24:59.7710205Z   auth.ts          |   97.61 |     37.5 |     100 |   97.61 | 19                
Server Tests	Run server tests with coverage	2026-03-25T15:24:59.7710918Z   digest.ts        |   89.13 |    63.26 |    90.9 |    90.8 | ...51-152,167-168 
Server Tests	Run server tests with coverage	2026-03-25T15:24:59.7711654Z   media.ts         |   59.11 |    53.61 |   56.36 |   61.12 | ...41-642,651-660 
Server Tests	Run server tests with coverage	2026-03-25T15:24:59.7712587Z   middleware.ts    |     100 |     82.6 |     100 |     100 | 18-22             
Server Tests	Run server tests with coverage	2026-03-25T15:24:59.7713354Z   workspaces.ts    |   84.07 |    63.63 |      60 |   89.79 | 32-33,173-181     
Server Tests	Run server tests with coverage	2026-03-25T15:24:59.7714115Z  server/services   |   90.05 |    75.18 |   89.83 |   89.59 |                   
Server Tests	Run server tests with coverage	2026-03-25T15:24:59.7714736Z   AuthService.ts   |     100 |      100 |     100 |     100 |                   
Server Tests	Run server tests with coverage	2026-03-25T15:24:59.7715189Z   ...ionService.ts |   89.88 |    75.18 |   89.18 |    89.4 | ...77-281,397-398 
Server Tests	Run server tests with coverage	2026-03-25T15:24:59.7715654Z   ...aceService.ts |   84.61 |      100 |   83.33 |   83.33 | 39,47             
Server Tests	Run server tests with coverage	2026-03-25T15:24:59.7716096Z  server/stt        |   90.76 |       75 |   92.85 |   90.62 |                   
Server Tests	Run server tests with coverage	2026-03-25T15:24:59.7716535Z   modelSelector.ts |      50 |       50 |      50 |      50 | 21-25             
Server Tests	Run server tests with coverage	2026-03-25T15:24:59.7717178Z   providers.ts     |   93.44 |    77.41 |     100 |   93.33 | 46,49,66,92       
Server Tests	Run server tests with coverage	2026-03-25T15:24:59.7717672Z -------------------|---------|----------|---------|---------|-------------------
Server Tests	Run server tests with coverage	2026-03-25T15:24:59.9025590Z  ELIFECYCLE  Command failed with exit code 1.
Server Tests	Run server tests with coverage	2026-03-25T15:24:59.9232653Z ##[error]Process completed with exit code 1.
CI Passed	Check all jobs	﻿2026-03-25T15:25:38.6648167Z ##[group]Run if [ "success" != "success" ]; then
CI Passed	Check all jobs	2026-03-25T15:25:38.6649114Z [36;1mif [ "success" != "success" ]; then[0m
CI Passed	Check all jobs	2026-03-25T15:25:38.6649809Z [36;1m  echo "Lint failed"; exit 1[0m
CI Passed	Check all jobs	2026-03-25T15:25:38.6650386Z [36;1mfi[0m
CI Passed	Check all jobs	2026-03-25T15:25:38.6651312Z [36;1mif [ "success" != "success" ]; then[0m
CI Passed	Check all jobs	2026-03-25T15:25:38.6652136Z [36;1m  echo "Workflow validation failed"; exit 1[0m
CI Passed	Check all jobs	2026-03-25T15:25:38.6652813Z [36;1mfi[0m
CI Passed	Check all jobs	2026-03-25T15:25:38.6653392Z [36;1mif [ "success" != "success" ]; then[0m
CI Passed	Check all jobs	2026-03-25T15:25:38.6654032Z [36;1m  echo "Frontend tests failed"; exit 1[0m
CI Passed	Check all jobs	2026-03-25T15:25:38.6654663Z [36;1mfi[0m
CI Passed	Check all jobs	2026-03-25T15:25:38.6655167Z [36;1mif [ "failure" != "success" ]; then[0m
CI Passed	Check all jobs	2026-03-25T15:25:38.6655915Z [36;1m  echo "Server tests failed"; exit 1[0m
CI Passed	Check all jobs	2026-03-25T15:25:38.6656592Z [36;1mfi[0m
CI Passed	Check all jobs	2026-03-25T15:25:38.6657141Z [36;1mif [ "success" != "success" ]; then[0m
CI Passed	Check all jobs	2026-03-25T15:25:38.6657788Z [36;1m  echo "Build failed"; exit 1[0m
CI Passed	Check all jobs	2026-03-25T15:25:38.6658345Z [36;1mfi[0m
CI Passed	Check all jobs	2026-03-25T15:25:38.6658971Z [36;1mif [ "success" != "success" ]; then[0m
CI Passed	Check all jobs	2026-03-25T15:25:38.6659649Z [36;1m  echo "E2E smoke tests failed"; exit 1[0m
CI Passed	Check all jobs	2026-03-25T15:25:38.6660331Z [36;1mfi[0m
CI Passed	Check all jobs	2026-03-25T15:25:38.6660853Z [36;1mecho "All CI stages passed successfully."[0m
CI Passed	Check all jobs	2026-03-25T15:25:38.7082997Z shell: /usr/bin/bash -e {0}
CI Passed	Check all jobs	2026-03-25T15:25:38.7084363Z env:
CI Passed	Check all jobs	2026-03-25T15:25:38.7084875Z   NODE_VERSION: 22
CI Passed	Check all jobs	2026-03-25T15:25:38.7085465Z ##[endgroup]
CI Passed	Check all jobs	2026-03-25T15:25:38.7296348Z Server tests failed
CI Passed	Check all jobs	2026-03-25T15:25:38.7322401Z ##[error]Process completed with exit code 1.
